2025-08-19T01:33:17.3383330Z Current runner version: '2.327.1'
2025-08-19T01:33:17.3401750Z ##[group]Operating System
2025-08-19T01:33:17.3402220Z macOS
2025-08-19T01:33:17.3402520Z 14.7.6
2025-08-19T01:33:17.3402800Z 23H626
2025-08-19T01:33:17.3403090Z ##[endgroup]
2025-08-19T01:33:17.3403410Z ##[group]Runner Image
2025-08-19T01:33:17.3403760Z Image: macos-14-arm64
2025-08-19T01:33:17.3404090Z Version: 20250813.1729
2025-08-19T01:33:17.3404780Z Included Software: https://github.com/actions/runner-images/blob/macos-14-arm64/20250813.1729/images/macos/macos-14-arm64-Readme.md
2025-08-19T01:33:17.3405740Z Image Release: https://github.com/actions/runner-images/releases/tag/macos-14-arm64%2F20250813.1729
2025-08-19T01:33:17.3406330Z ##[endgroup]
2025-08-19T01:33:17.3406640Z ##[group]Runner Image Provisioner
2025-08-19T01:33:17.3407040Z 2.0.449.1+6d46f4794670abc677653e70ad733fc4b7478209
2025-08-19T01:33:17.3407430Z ##[endgroup]
2025-08-19T01:33:17.3408940Z ##[group]GITHUB_TOKEN Permissions
2025-08-19T01:33:17.3410190Z Actions: write
2025-08-19T01:33:17.3410510Z Attestations: write
2025-08-19T01:33:17.3410810Z Checks: write
2025-08-19T01:33:17.3411090Z Contents: write
2025-08-19T01:33:17.3411390Z Deployments: write
2025-08-19T01:33:17.3411690Z Discussions: write
2025-08-19T01:33:17.3411980Z Issues: write
2025-08-19T01:33:17.3412270Z Metadata: read
2025-08-19T01:33:17.3412550Z Models: read
2025-08-19T01:33:17.3412830Z Packages: write
2025-08-19T01:33:17.3413120Z Pages: write
2025-08-19T01:33:17.3413410Z PullRequests: write
2025-08-19T01:33:17.3413730Z RepositoryProjects: write
2025-08-19T01:33:17.3414060Z SecurityEvents: write
2025-08-19T01:33:17.3414360Z Statuses: write
2025-08-19T01:33:17.3414650Z ##[endgroup]
2025-08-19T01:33:17.3415990Z Secret source: Actions
2025-08-19T01:33:17.3416400Z Prepare workflow directory
2025-08-19T01:33:17.3727980Z Prepare all required actions
2025-08-19T01:33:17.3753180Z Getting action download info
2025-08-19T01:33:17.7817940Z Download action repository 'actions/checkout@v5' (SHA:08c6903cd8c0fde910a37f88322edcfb5dd907a8)
2025-08-19T01:33:18.9656090Z Download action repository 'msys2/setup-msys2@v2' (SHA:40677d36a502eb2cf0fb808cc9dec31bf6152638)
2025-08-19T01:33:19.9805120Z Download action repository 'actions/cache@v4' (SHA:0400d5f644dc74513175e3cd8d07132dd4860809)
2025-08-19T01:33:21.1510500Z Download action repository 'actions/upload-artifact@v4' (SHA:ea165f8d65b6e75b540449e92b4886f43607fa02)
2025-08-19T01:33:21.2997290Z Complete job name: Build & Test (macos-latest)
2025-08-19T01:33:21.3379670Z ##[group]Run actions/checkout@v5
2025-08-19T01:33:21.3380420Z with:
2025-08-19T01:33:21.3380860Z   fetch-depth: 0
2025-08-19T01:33:21.3381440Z   repository: pjgrandinetti/SITypes
2025-08-19T01:33:21.3382180Z   token: ***
2025-08-19T01:33:21.3382620Z   ssh-strict: true
2025-08-19T01:33:21.3383090Z   ssh-user: git
2025-08-19T01:33:21.3383580Z   persist-credentials: true
2025-08-19T01:33:21.3384120Z   clean: true
2025-08-19T01:33:21.3384620Z   sparse-checkout-cone-mode: true
2025-08-19T01:33:21.3385240Z   fetch-tags: false
2025-08-19T01:33:21.3385760Z   show-progress: true
2025-08-19T01:33:21.3386240Z   lfs: false
2025-08-19T01:33:21.3386680Z   submodules: false
2025-08-19T01:33:21.3387150Z   set-safe-directory: true
2025-08-19T01:33:21.3387760Z env:
2025-08-19T01:33:21.3388210Z   MAKEFLAGS: -j2
2025-08-19T01:33:21.3388760Z   CCACHE_BASEDIR: /Users/runner/work/SITypes/SITypes
2025-08-19T01:33:21.3389420Z   CCACHE_COMPRESS: 1
2025-08-19T01:33:21.3389890Z   CCACHE_MAXSIZE: 200M
2025-08-19T01:33:21.3390410Z ##[endgroup]
2025-08-19T01:33:21.6118810Z Syncing repository: pjgrandinetti/SITypes
2025-08-19T01:33:21.6120430Z ##[group]Getting Git version info
2025-08-19T01:33:21.6121190Z Working directory is '/Users/runner/work/SITypes/SITypes'
2025-08-19T01:33:21.6122320Z [command]/opt/homebrew/bin/git version
2025-08-19T01:33:21.6313920Z git version 2.50.1
2025-08-19T01:33:21.6327490Z ##[endgroup]
2025-08-19T01:33:21.6332430Z Copying '/Users/runner/.gitconfig' to '/Users/runner/work/_temp/10a8aed9-c4bc-453b-af77-8ed0f4b5aad1/.gitconfig'
2025-08-19T01:33:21.6337850Z Temporarily overriding HOME='/Users/runner/work/_temp/10a8aed9-c4bc-453b-af77-8ed0f4b5aad1' before making global git config changes
2025-08-19T01:33:21.6340740Z Adding repository directory to the temporary git global config as a safe directory
2025-08-19T01:33:21.6342780Z [command]/opt/homebrew/bin/git config --global --add safe.directory /Users/runner/work/SITypes/SITypes
2025-08-19T01:33:21.6418710Z Deleting the contents of '/Users/runner/work/SITypes/SITypes'
2025-08-19T01:33:21.6420910Z ##[group]Initializing the repository
2025-08-19T01:33:21.6423670Z [command]/opt/homebrew/bin/git init /Users/runner/work/SITypes/SITypes
2025-08-19T01:33:21.6581790Z hint: Using 'master' as the name for the initial branch. This default branch name
2025-08-19T01:33:21.6583390Z hint: is subject to change. To configure the initial branch name to use in all
2025-08-19T01:33:21.6584880Z hint: of your new repositories, which will suppress this warning, call:
2025-08-19T01:33:21.6585850Z hint:
2025-08-19T01:33:21.6589790Z hint: 	git config --global init.defaultBranch <name>
2025-08-19T01:33:21.6590630Z hint:
2025-08-19T01:33:21.6591550Z hint: Names commonly chosen instead of 'master' are 'main', 'trunk' and
2025-08-19T01:33:21.6593380Z hint: 'development'. The just-created branch can be renamed via this command:
2025-08-19T01:33:21.6594990Z hint:
2025-08-19T01:33:21.6595690Z hint: 	git branch -m <name>
2025-08-19T01:33:21.6596560Z hint:
2025-08-19T01:33:21.6597380Z hint: Disable this message with "git config set advice.defaultBranchName false"
2025-08-19T01:33:21.6598550Z Initialized empty Git repository in /Users/runner/work/SITypes/SITypes/.git/
2025-08-19T01:33:21.6600560Z [command]/opt/homebrew/bin/git remote add origin https://github.com/pjgrandinetti/SITypes
2025-08-19T01:33:21.6629880Z ##[endgroup]
2025-08-19T01:33:21.6630740Z ##[group]Disabling automatic garbage collection
2025-08-19T01:33:21.6632640Z [command]/opt/homebrew/bin/git config --local gc.auto 0
2025-08-19T01:33:21.6667950Z ##[endgroup]
2025-08-19T01:33:21.6668770Z ##[group]Setting up auth
2025-08-19T01:33:21.6671430Z [command]/opt/homebrew/bin/git config --local --name-only --get-regexp core\.sshCommand
2025-08-19T01:33:21.6713250Z [command]/opt/homebrew/bin/git submodule foreach --recursive sh -c "git config --local --name-only --get-regexp 'core\.sshCommand' && git config --local --unset-all 'core.sshCommand' || :"
2025-08-19T01:33:21.7489160Z [command]/opt/homebrew/bin/git config --local --name-only --get-regexp http\.https\:\/\/github\.com\/\.extraheader
2025-08-19T01:33:21.7492900Z [command]/opt/homebrew/bin/git submodule foreach --recursive sh -c "git config --local --name-only --get-regexp 'http\.https\:\/\/github\.com\/\.extraheader' && git config --local --unset-all 'http.https://github.com/.extraheader' || :"
2025-08-19T01:33:21.7948610Z [command]/opt/homebrew/bin/git config --local http.https://github.com/.extraheader AUTHORIZATION: basic ***
2025-08-19T01:33:21.7989790Z ##[endgroup]
2025-08-19T01:33:21.7990650Z ##[group]Fetching the repository
2025-08-19T01:33:21.7995170Z [command]/opt/homebrew/bin/git -c protocol.version=2 fetch --prune --no-recurse-submodules origin +refs/heads/*:refs/remotes/origin/* +refs/tags/*:refs/tags/*
2025-08-19T01:33:23.0949030Z From https://github.com/pjgrandinetti/SITypes
2025-08-19T01:33:23.0950990Z  * [new branch]      master     -> origin/master
2025-08-19T01:33:23.0954030Z  * [new tag]         v0.1.0     -> v0.1.0
2025-08-19T01:33:23.0954630Z  * [new tag]         v0.1.1     -> v0.1.1
2025-08-19T01:33:23.0955390Z  * [new tag]         v0.1.2     -> v0.1.2
2025-08-19T01:33:23.0955750Z  * [new tag]         v0.1.3     -> v0.1.3
2025-08-19T01:33:23.0956100Z  * [new tag]         v0.1.4     -> v0.1.4
2025-08-19T01:33:23.1006240Z [command]/opt/homebrew/bin/git branch --list --remote origin/master
2025-08-19T01:33:23.1047530Z   origin/master
2025-08-19T01:33:23.1053470Z [command]/opt/homebrew/bin/git rev-parse refs/remotes/origin/master
2025-08-19T01:33:23.1083920Z 4c33d1cd457cf34ca10f585bd2bbe39c9e142b52
2025-08-19T01:33:23.1086170Z ##[endgroup]
2025-08-19T01:33:23.1086620Z ##[group]Determining the checkout info
2025-08-19T01:33:23.1087090Z ##[endgroup]
2025-08-19T01:33:23.1089260Z [command]/opt/homebrew/bin/git sparse-checkout disable
2025-08-19T01:33:23.1134810Z [command]/opt/homebrew/bin/git config --local --unset-all extensions.worktreeConfig
2025-08-19T01:33:23.1171650Z ##[group]Checking out the ref
2025-08-19T01:33:23.1174210Z [command]/opt/homebrew/bin/git checkout --progress --force -B master refs/remotes/origin/master
2025-08-19T01:33:23.1344370Z Reset branch 'master'
2025-08-19T01:33:23.1349050Z branch 'master' set up to track 'origin/master'.
2025-08-19T01:33:23.1352740Z ##[endgroup]
2025-08-19T01:33:23.1413600Z [command]/opt/homebrew/bin/git log -1 --format=%H
2025-08-19T01:33:23.1453660Z 4c33d1cd457cf34ca10f585bd2bbe39c9e142b52
2025-08-19T01:33:23.1589730Z ##[group]Run brew install flex bison ccache
2025-08-19T01:33:23.1590050Z [36;1mbrew install flex bison ccache[0m
2025-08-19T01:33:23.1590320Z [36;1mecho "$(brew --prefix bison)/bin" >> "$GITHUB_PATH"[0m
2025-08-19T01:33:23.1590650Z [36;1mecho "$(brew --prefix flex)/bin"  >> "$GITHUB_PATH"[0m
2025-08-19T01:33:23.1643960Z shell: /bin/bash -e {0}
2025-08-19T01:33:23.1644150Z env:
2025-08-19T01:33:23.1644320Z   MAKEFLAGS: -j2
2025-08-19T01:33:23.1644570Z   CCACHE_BASEDIR: /Users/runner/work/SITypes/SITypes
2025-08-19T01:33:23.1644820Z   CCACHE_COMPRESS: 1
2025-08-19T01:33:23.1644990Z   CCACHE_MAXSIZE: 200M
2025-08-19T01:33:23.1645170Z   HOMEBREW_NO_AUTO_UPDATE: 1
2025-08-19T01:33:23.1645370Z   HOMEBREW_NO_INSTALL_CLEANUP: 1
2025-08-19T01:33:23.1657460Z ##[endgroup]
2025-08-19T01:33:25.8590660Z [32m==>[0m [1mFetching downloads for: [32mflex[39m, [32mbison[39m and [32mccache[39m[0m
2025-08-19T01:33:25.8600250Z [34m==>[0m [1mDownloading https://ghcr.io/v2/homebrew/core/flex/manifests/2.6.4_2[0m
2025-08-19T01:33:26.2757350Z [34m==>[0m [1mDownloading https://ghcr.io/v2/homebrew/core/bison/manifests/3.8.2[0m
2025-08-19T01:33:26.6885800Z [34m==>[0m [1mDownloading https://ghcr.io/v2/homebrew/core/ccache/manifests/4.11.3_1[0m
2025-08-19T01:33:27.2035910Z [32m==>[0m [1mFetching [32mflex[39m[0m
2025-08-19T01:33:27.2040680Z [34m==>[0m [1mDownloading https://ghcr.io/v2/homebrew/core/flex/blobs/sha256:0f7f1fc52a0326f07019c5e90dfc3dd728c69afaffc2e5a75154f132975e8b0b[0m
2025-08-19T01:33:27.6774720Z [32m==>[0m [1mFetching [32mbison[39m[0m
2025-08-19T01:33:27.6799840Z [34m==>[0m [1mDownloading https://ghcr.io/v2/homebrew/core/bison/blobs/sha256:d4c06638f63876867e8fc485129ea6683487a249f0b2bc98bfaa6f1dab4ff6a4[0m
2025-08-19T01:33:28.1880470Z [32m==>[0m [1mFetching dependencies for ccache: [32mblake3[39m, [32mfmt[39m, [32mhiredis[39m and [32mxxhash[39m[0m
2025-08-19T01:33:28.1899660Z [34m==>[0m [1mDownloading https://ghcr.io/v2/homebrew/core/blake3/manifests/1.8.2[0m
2025-08-19T01:33:28.5402210Z [32m==>[0m [1mFetching [32mblake3[39m[0m
2025-08-19T01:33:28.5415430Z [34m==>[0m [1mDownloading https://ghcr.io/v2/homebrew/core/blake3/blobs/sha256:ab21d31a2ea8bfc1c5dde99a668ef0bd3a804db97c8834300f4e5f27ea34533b[0m
2025-08-19T01:33:28.9140260Z [34m==>[0m [1mDownloading https://ghcr.io/v2/homebrew/core/fmt/manifests/11.2.0[0m
2025-08-19T01:33:29.2992490Z [32m==>[0m [1mFetching [32mfmt[39m[0m
2025-08-19T01:33:29.3015030Z [34m==>[0m [1mDownloading https://ghcr.io/v2/homebrew/core/fmt/blobs/sha256:21f1e3cd8c9b24293c9a00fd01743f0be9dd6405c31a834cf6599824ace92c39[0m
2025-08-19T01:33:29.7306380Z [34m==>[0m [1mDownloading https://ghcr.io/v2/homebrew/core/hiredis/manifests/1.3.0[0m
2025-08-19T01:33:30.0849110Z [32m==>[0m [1mFetching [32mhiredis[39m[0m
2025-08-19T01:33:30.0859570Z [34m==>[0m [1mDownloading https://ghcr.io/v2/homebrew/core/hiredis/blobs/sha256:68e9423a13a8c5dc27884296ec0ee6ab25930aaa85d3b6e5e8726855fd864211[0m
2025-08-19T01:33:30.4583700Z [34m==>[0m [1mDownloading https://ghcr.io/v2/homebrew/core/xxhash/manifests/0.8.3[0m
2025-08-19T01:33:30.8033620Z [32m==>[0m [1mFetching [32mxxhash[39m[0m
2025-08-19T01:33:30.8048130Z [34m==>[0m [1mDownloading https://ghcr.io/v2/homebrew/core/xxhash/blobs/sha256:32a8ae9615395368644020266663a1758cd4b32b15cdf8c547c9b5a3a3bc3016[0m
2025-08-19T01:33:31.2101590Z [32m==>[0m [1mFetching [32mccache[39m[0m
2025-08-19T01:33:31.2127490Z [34m==>[0m [1mDownloading https://ghcr.io/v2/homebrew/core/ccache/blobs/sha256:aa9c9558b72ef410e13c8718080ee0d98f67b2c3c04d11bf3ade424965bdd098[0m
2025-08-19T01:33:31.6735440Z [34m==>[0m [1mPouring flex--2.6.4_2.arm64_sonoma.bottle.tar.gz[0m
2025-08-19T01:33:31.8700450Z [34m==>[0m [1mCaveats[0m
2025-08-19T01:33:31.8700760Z flex is keg-only, which means it was not symlinked into /opt/homebrew,
2025-08-19T01:33:31.8701150Z because macOS already provides this software and installing another version in
2025-08-19T01:33:31.8702070Z parallel can cause all kinds of trouble.
2025-08-19T01:33:31.8702240Z 
2025-08-19T01:33:31.8702340Z If you need to have flex first in your PATH, run:
2025-08-19T01:33:31.8702680Z   echo 'export PATH="/opt/homebrew/opt/flex/bin:$PATH"' >> /Users/runner/.bash_profile
2025-08-19T01:33:31.8702930Z 
2025-08-19T01:33:31.8703020Z For compilers to find flex you may need to set:
2025-08-19T01:33:31.8703260Z   export LDFLAGS="-L/opt/homebrew/opt/flex/lib"
2025-08-19T01:33:31.8703500Z   export CPPFLAGS="-I/opt/homebrew/opt/flex/include"
2025-08-19T01:33:31.8703770Z [34m==>[0m [1mSummary[0m
2025-08-19T01:33:31.8721690Z 🍺  /opt/homebrew/Cellar/flex/2.6.4_2: 47 files, 1.6MB
2025-08-19T01:33:31.8739680Z [34m==>[0m [1mPouring bison--3.8.2.arm64_sonoma.bottle.tar.gz[0m
2025-08-19T01:33:31.9253490Z [34m==>[0m [1mCaveats[0m
2025-08-19T01:33:31.9253820Z bison is keg-only, which means it was not symlinked into /opt/homebrew,
2025-08-19T01:33:31.9254220Z because macOS already provides this software and installing another version in
2025-08-19T01:33:31.9254560Z parallel can cause all kinds of trouble.
2025-08-19T01:33:31.9254710Z 
2025-08-19T01:33:31.9254800Z If you need to have bison first in your PATH, run:
2025-08-19T01:33:31.9255150Z   echo 'export PATH="/opt/homebrew/opt/bison/bin:$PATH"' >> /Users/runner/.bash_profile
2025-08-19T01:33:31.9255410Z 
2025-08-19T01:33:31.9255490Z For compilers to find bison you may need to set:
2025-08-19T01:33:31.9255730Z   export LDFLAGS="-L/opt/homebrew/opt/bison/lib"
2025-08-19T01:33:31.9255970Z [34m==>[0m [1mSummary[0m
2025-08-19T01:33:31.9274930Z 🍺  /opt/homebrew/Cellar/bison/3.8.2: 100 files, 3.7MB
2025-08-19T01:33:31.9493260Z [32m==>[0m [1mInstalling dependencies for ccache: [32mblake3[39m, [32mfmt[39m, [32mhiredis[39m and [32mxxhash[39m[0m
2025-08-19T01:33:31.9494900Z [32m==>[0m [1mInstalling ccache dependency: [32mblake3[39m[0m
2025-08-19T01:33:31.9497700Z [34m==>[0m [1mDownloading https://ghcr.io/v2/homebrew/core/blake3/manifests/1.8.2[0m
2025-08-19T01:33:31.9498450Z Already downloaded: /Users/runner/Library/Caches/Homebrew/downloads/fd8aa2201dffd4a0db6644c9eff70b8c0d1a0a643ed362fc54f77d3a80fd3478--blake3-1.8.2.bottle_manifest.json
2025-08-19T01:33:31.9520250Z [34m==>[0m [1mPouring blake3--1.8.2.arm64_sonoma.bottle.tar.gz[0m
2025-08-19T01:33:32.0292120Z 🍺  /opt/homebrew/Cellar/blake3/1.8.2: 13 files, 94.8KB
2025-08-19T01:33:32.0298480Z [32m==>[0m [1mInstalling ccache dependency: [32mfmt[39m[0m
2025-08-19T01:33:32.0301120Z [34m==>[0m [1mDownloading https://ghcr.io/v2/homebrew/core/fmt/manifests/11.2.0[0m
2025-08-19T01:33:32.0301850Z Already downloaded: /Users/runner/Library/Caches/Homebrew/downloads/b2b745c1a4876928bc7e18761de1d83662c2e4a5ac992f8f059579850db6fb36--fmt-11.2.0.bottle_manifest.json
2025-08-19T01:33:32.0328610Z [34m==>[0m [1mPouring fmt--11.2.0.arm64_sonoma.bottle.tar.gz[0m
2025-08-19T01:33:32.1047200Z 🍺  /opt/homebrew/Cellar/fmt/11.2.0: 29 files, 1MB
2025-08-19T01:33:32.1050290Z [32m==>[0m [1mInstalling ccache dependency: [32mhiredis[39m[0m
2025-08-19T01:33:32.1053020Z [34m==>[0m [1mDownloading https://ghcr.io/v2/homebrew/core/hiredis/manifests/1.3.0[0m
2025-08-19T01:33:32.1053860Z Already downloaded: /Users/runner/Library/Caches/Homebrew/downloads/3b794b72d22c70fbaa25fdada9fa1613da0c754151bdbd9118fb9008b989a1c8--hiredis-1.3.0.bottle_manifest.json
2025-08-19T01:33:32.1139550Z [34m==>[0m [1mPouring hiredis--1.3.0.arm64_sonoma.bottle.tar.gz[0m
2025-08-19T01:33:32.2226140Z 🍺  /opt/homebrew/Cellar/hiredis/1.3.0: 53 files, 479.5KB
2025-08-19T01:33:32.2228700Z [32m==>[0m [1mInstalling ccache dependency: [32mxxhash[39m[0m
2025-08-19T01:33:32.2231170Z [34m==>[0m [1mDownloading https://ghcr.io/v2/homebrew/core/xxhash/manifests/0.8.3[0m
2025-08-19T01:33:32.2231910Z Already downloaded: /Users/runner/Library/Caches/Homebrew/downloads/50d7a45c8aca7a38ebe38c4b8fb63fa7404dc4c360092f1e301c275fcc585cf0--xxhash-0.8.3.bottle_manifest.json
2025-08-19T01:33:32.2259170Z [34m==>[0m [1mPouring xxhash--0.8.3.arm64_sonoma.bottle.tar.gz[0m
2025-08-19T01:33:32.2994900Z 🍺  /opt/homebrew/Cellar/xxhash/0.8.3: 28 files, 544.0KB
2025-08-19T01:33:32.2997100Z [32m==>[0m [1mInstalling [32mccache[39m[0m
2025-08-19T01:33:32.2999540Z [34m==>[0m [1mPouring ccache--4.11.3_1.arm64_sonoma.bottle.tar.gz[0m
2025-08-19T01:33:32.3840690Z [34m==>[0m [1mCaveats[0m
2025-08-19T01:33:32.3841070Z To install symlinks for compilers that will automatically use
2025-08-19T01:33:32.3841340Z ccache, prepend this directory to your PATH:
2025-08-19T01:33:32.3841570Z   /opt/homebrew/opt/ccache/libexec
2025-08-19T01:33:32.3841690Z 
2025-08-19T01:33:32.3841820Z If this is an upgrade and you have previously added the symlinks to
2025-08-19T01:33:32.3842130Z your PATH, you may need to modify it to the path specified above so
2025-08-19T01:33:32.3842400Z it points to the current version.
2025-08-19T01:33:32.3842520Z 
2025-08-19T01:33:32.3842620Z NOTE: ccache can prevent some software from compiling.
2025-08-19T01:33:32.3842950Z ALSO NOTE: The brew command, by design, will never use ccache.
2025-08-19T01:33:32.3843210Z [34m==>[0m [1mSummary[0m
2025-08-19T01:33:32.3858280Z 🍺  /opt/homebrew/Cellar/ccache/4.11.3_1: 85 files, 1.4MB
2025-08-19T01:33:32.3863320Z [34m==>[0m [1mNo outdated dependents to upgrade![0m
2025-08-19T01:33:32.3863720Z [32m==>[0m [1mCaveats[0m
2025-08-19T01:33:32.3863980Z [34m==>[0m [1mflex[0m
2025-08-19T01:33:32.3864210Z flex is keg-only, which means it was not symlinked into /opt/homebrew,
2025-08-19T01:33:32.3864580Z because macOS already provides this software and installing another version in
2025-08-19T01:33:32.3864900Z parallel can cause all kinds of trouble.
2025-08-19T01:33:32.3865030Z 
2025-08-19T01:33:32.3865140Z If you need to have flex first in your PATH, run:
2025-08-19T01:33:32.3865460Z   echo 'export PATH="/opt/homebrew/opt/flex/bin:$PATH"' >> /Users/runner/.bash_profile
2025-08-19T01:33:32.3865720Z 
2025-08-19T01:33:32.3865800Z For compilers to find flex you may need to set:
2025-08-19T01:33:32.3866060Z   export LDFLAGS="-L/opt/homebrew/opt/flex/lib"
2025-08-19T01:33:32.3866310Z   export CPPFLAGS="-I/opt/homebrew/opt/flex/include"
2025-08-19T01:33:32.3866570Z [34m==>[0m [1mbison[0m
2025-08-19T01:33:32.3866840Z bison is keg-only, which means it was not symlinked into /opt/homebrew,
2025-08-19T01:33:32.3867210Z because macOS already provides this software and installing another version in
2025-08-19T01:33:32.3867520Z parallel can cause all kinds of trouble.
2025-08-19T01:33:32.3867670Z 
2025-08-19T01:33:32.3867750Z If you need to have bison first in your PATH, run:
2025-08-19T01:33:32.3868100Z   echo 'export PATH="/opt/homebrew/opt/bison/bin:$PATH"' >> /Users/runner/.bash_profile
2025-08-19T01:33:32.3868350Z 
2025-08-19T01:33:32.3868450Z For compilers to find bison you may need to set:
2025-08-19T01:33:32.3868700Z   export LDFLAGS="-L/opt/homebrew/opt/bison/lib"
2025-08-19T01:33:32.3868950Z [34m==>[0m [1mccache[0m
2025-08-19T01:33:32.3869180Z To install symlinks for compilers that will automatically use
2025-08-19T01:33:32.3869480Z ccache, prepend this directory to your PATH:
2025-08-19T01:33:32.3869690Z   /opt/homebrew/opt/ccache/libexec
2025-08-19T01:33:32.3869830Z 
2025-08-19T01:33:32.3870280Z If this is an upgrade and you have previously added the symlinks to
2025-08-19T01:33:32.3870610Z your PATH, you may need to modify it to the path specified above so
2025-08-19T01:33:32.3870880Z it points to the current version.
2025-08-19T01:33:32.3871020Z 
2025-08-19T01:33:32.3871130Z NOTE: ccache can prevent some software from compiling.
2025-08-19T01:33:32.3871420Z ALSO NOTE: The brew command, by design, will never use ccache.
2025-08-19T01:33:32.6905890Z ##[group]Run actions/cache@v4
2025-08-19T01:33:32.6906090Z with:
2025-08-19T01:33:32.6906260Z   path: ~/.ccache
C:\msys64\home\runneradmin\.ccache

2025-08-19T01:33:32.6906630Z   key: ccache-macOS-0176d3c0a70f8a5aaf9b474236b615d84fc447e76458c8e4f17e564635734361
2025-08-19T01:33:32.6906940Z   restore-keys: ccache-macOS-

2025-08-19T01:33:32.6907130Z   enableCrossOsArchive: false
2025-08-19T01:33:32.6907310Z   fail-on-cache-miss: false
2025-08-19T01:33:32.6907470Z   lookup-only: false
2025-08-19T01:33:32.6907610Z   save-always: false
2025-08-19T01:33:32.6907790Z env:
2025-08-19T01:33:32.6907900Z   MAKEFLAGS: -j2
2025-08-19T01:33:32.6908080Z   CCACHE_BASEDIR: /Users/runner/work/SITypes/SITypes
2025-08-19T01:33:32.6908300Z   CCACHE_COMPRESS: 1
2025-08-19T01:33:32.6908450Z   CCACHE_MAXSIZE: 200M
2025-08-19T01:33:32.6908570Z ##[endgroup]
2025-08-19T01:33:32.9797210Z Cache not found for input keys: ccache-macOS-0176d3c0a70f8a5aaf9b474236b615d84fc447e76458c8e4f17e564635734361, ccache-macOS-
2025-08-19T01:33:33.0372030Z ##[group]Run actions/cache@v4
2025-08-19T01:33:33.0372220Z with:
2025-08-19T01:33:33.0372350Z   path: third_party
2025-08-19T01:33:33.0372590Z   key: tp-macOS-142a9a7b4a2fdcd82f23c23679e92dd166c7c9337f7a756411286840109b85d4
2025-08-19T01:33:33.0372880Z   restore-keys: tp-macOS-

2025-08-19T01:33:33.0373040Z   enableCrossOsArchive: false
2025-08-19T01:33:33.0373210Z   fail-on-cache-miss: false
2025-08-19T01:33:33.0373360Z   lookup-only: false
2025-08-19T01:33:33.0373490Z   save-always: false
2025-08-19T01:33:33.0373610Z env:
2025-08-19T01:33:33.0373740Z   MAKEFLAGS: -j2
2025-08-19T01:33:33.0373900Z   CCACHE_BASEDIR: /Users/runner/work/SITypes/SITypes
2025-08-19T01:33:33.0374100Z   CCACHE_COMPRESS: 1
2025-08-19T01:33:33.0374230Z   CCACHE_MAXSIZE: 200M
2025-08-19T01:33:33.0374360Z ##[endgroup]
2025-08-19T01:33:33.2891860Z Cache hit for restore-key: tp-macOS-738c4654e1c05609b547a41f504b5fc4e0d5e0aeb2ea7e8c88ad855dfcce0e65
2025-08-19T01:33:33.9954400Z Received 719616 of 719616 (100.0%), 1.5 MBs/sec
2025-08-19T01:33:33.9972390Z Cache Size: ~1 MB (719616 B)
2025-08-19T01:33:34.0070290Z [command]/opt/homebrew/bin/gtar -xf /Users/runner/work/_temp/35c9a159-13e2-416b-b608-54f42941efd1/cache.tzst -P -C /Users/runner/work/SITypes/SITypes --delay-directory-restore --use-compress-program unzstd
2025-08-19T01:33:34.0392190Z Cache restored successfully
2025-08-19T01:33:34.0670440Z Cache restored from key: tp-macOS-738c4654e1c05609b547a41f504b5fc4e0d5e0aeb2ea7e8c88ad855dfcce0e65
2025-08-19T01:33:34.0719000Z ##[group]Run set -euxo pipefail
2025-08-19T01:33:34.0719360Z [36;1mset -euxo pipefail[0m
2025-08-19T01:33:34.0719610Z [36;1mccache --zero-stats || true[0m
2025-08-19T01:33:34.0719830Z [36;1mmake clean[0m
2025-08-19T01:33:34.0720030Z [36;1mmake octypes[0m
2025-08-19T01:33:34.0720210Z [36;1mmake test CC="ccache clang"[0m
2025-08-19T01:33:34.0720460Z [36;1mmake install-shared CC="ccache clang"[0m
2025-08-19T01:33:34.0720730Z [36;1mccache --show-stats || true[0m
2025-08-19T01:33:34.0720940Z [36;1m# Verify libs[0m
2025-08-19T01:33:34.0721140Z [36;1mtest -f install/lib/libSITypes.a[0m
2025-08-19T01:33:34.0721400Z [36;1mif [ "$RUNNER_OS" = "macOS" ]; then[0m
2025-08-19T01:33:34.0721720Z [36;1m  test -f install/lib/libSITypes.dylib[0m
2025-08-19T01:33:34.0721950Z [36;1melse[0m
2025-08-19T01:33:34.0722130Z [36;1m  test -f install/lib/libSITypes.so[0m
2025-08-19T01:33:34.0722350Z [36;1mfi[0m
2025-08-19T01:33:34.0786400Z shell: /bin/bash -e {0}
2025-08-19T01:33:34.0786660Z env:
2025-08-19T01:33:34.0786810Z   MAKEFLAGS: -j2
2025-08-19T01:33:34.0787270Z   CCACHE_BASEDIR: /Users/runner/work/SITypes/SITypes
2025-08-19T01:33:34.0787530Z   CCACHE_COMPRESS: 1
2025-08-19T01:33:34.0787700Z   CCACHE_MAXSIZE: 200M
2025-08-19T01:33:34.0787880Z ##[endgroup]
2025-08-19T01:33:34.1046730Z + ccache --zero-stats
2025-08-19T01:33:34.1759700Z Statistics zeroed
2025-08-19T01:33:34.1761130Z + make clean
2025-08-19T01:33:34.5510630Z rm -f -r build runTests runTests.asan runTests.debug *.dSYM
2025-08-19T01:33:34.5535710Z rm -f *.tab.* *Scanner.c *.d core.*
2025-08-19T01:33:34.5559540Z rm -f -rf docs/doxygen docs/_build docs/html build-xcode install
2025-08-19T01:33:34.5574150Z rm -f -r lib  # Remove old lib directory if it exists
2025-08-19T01:33:34.5596230Z rm -f rebuild.log
2025-08-19T01:33:34.5612250Z + make octypes
2025-08-19T01:33:34.6016970Z OCTypes library already present. Set OCT_FORCE_FETCH=1 to refresh.
2025-08-19T01:33:34.6017450Z OCTypes headers already present. Set OCT_FORCE_FETCH=1 to refresh.
2025-08-19T01:33:34.6032470Z OCTypes lib ready at third_party/lib/libOCTypes.a
2025-08-19T01:33:34.6033120Z OCTypes headers ready under third_party/include/OCTypes
2025-08-19T01:33:34.6035950Z + make test 'CC=ccache clang'
2025-08-19T01:33:34.6996360Z OCTypes library already present. Set OCT_FORCE_FETCH=1 to refresh.
2025-08-19T01:33:34.6997450Z OCTypes headers already present. Set OCT_FORCE_FETCH=1 to refresh.
2025-08-19T01:33:34.6997840Z mkdir -p build build/obj build/gen build/bin build/lib third_party/lib 
2025-08-19T01:33:34.7029100Z OCTypes lib ready at third_party/lib/libOCTypes.a
2025-08-19T01:33:34.7029980Z bison -d --defines=build/gen/SIDimensionalityParser.tab.h -o build/gen/SIDimensionalityParser.tab.c src/SIDimensionalityParser.y
2025-08-19T01:33:34.7035080Z OCTypes headers ready under third_party/include/OCTypes
2025-08-19T01:33:34.7036060Z bison -d --defines=build/gen/SIScalarParser.tab.h -o build/gen/SIScalarParser.tab.c src/SIScalarParser.y
2025-08-19T01:33:34.7046260Z src/SIDimensionalityParser.y:13.1-18: warning: deprecated directive: ‘%name-prefix="sid"’, use ‘%define api.prefix {sid}’ [-Wdeprecated]
2025-08-19T01:33:34.7046800Z    13 | %name-prefix="sid"
2025-08-19T01:33:34.7047050Z       | ^~~~~~~~~~~~~~~~~~
2025-08-19T01:33:34.7047270Z       | %define api.prefix {sid}
2025-08-19T01:33:34.7048590Z src/SIScalarParser.y:14.1-18: warning: deprecated directive: ‘%name-prefix="sis"’, use ‘%define api.prefix {sis}’ [-Wdeprecated]
2025-08-19T01:33:34.7049060Z    14 | %name-prefix="sis"
2025-08-19T01:33:34.7049260Z       | ^~~~~~~~~~~~~~~~~~
2025-08-19T01:33:34.7049480Z       | %define api.prefix {sis}
2025-08-19T01:33:34.7051890Z src/SIScalarParser.y: warning: 1 shift/reduce conflict [-Wconflicts-sr]
2025-08-19T01:33:34.7052490Z src/SIScalarParser.y: note: rerun with option '-Wcounterexamples' to generate conflict counterexamples
2025-08-19T01:33:35.4335950Z src/SIDimensionalityParser.y: warning: fix-its can be applied.  Rerun with option '--update'. [-Wother]
2025-08-19T01:33:35.4337700Z bison -d --defines=build/gen/SIUnitExpressionParser.tab.h -o build/gen/SIUnitExpressionParser.tab.c src/SIUnitExpressionParser.y
2025-08-19T01:33:35.4351750Z src/SIUnitExpressionParser.y:15.1-19: warning: deprecated directive: ‘%name-prefix="siue"’, use ‘%define api.prefix {siue}’ [-Wdeprecated]
2025-08-19T01:33:35.4352360Z    15 | %name-prefix="siue"
2025-08-19T01:33:35.4352660Z       | ^~~~~~~~~~~~~~~~~~~
2025-08-19T01:33:35.4352920Z       | %define api.prefix {siue}
2025-08-19T01:33:35.4355260Z src/SIUnitExpressionParser.y:202.3-207.1: warning: unset value: $$ [-Wother]
2025-08-19T01:33:35.4355780Z   202 | | UNKNOWN_SYMBOL {
2025-08-19T01:33:35.4356020Z       |   ^~~~~~~~~~~~~~~~
2025-08-19T01:33:35.4358390Z src/SIUnitExpressionParser.y: warning: 4 shift/reduce conflicts [-Wconflicts-sr]
2025-08-19T01:33:35.4358980Z src/SIUnitExpressionParser.y: warning: 3 reduce/reduce conflicts [-Wconflicts-rr]
2025-08-19T01:33:35.4359590Z src/SIUnitExpressionParser.y: note: rerun with option '-Wcounterexamples' to generate conflict counterexamples
2025-08-19T01:33:35.4430360Z src/SIScalarParser.y: warning: fix-its can be applied.  Rerun with option '--update'. [-Wother]
2025-08-19T01:33:35.4431490Z bison -d --defines=build/gen/SIUnitParser.tab.h -o build/gen/SIUnitParser.tab.c src/SIUnitParser.y
2025-08-19T01:33:35.4446030Z src/SIUnitParser.y:13.1-18: warning: deprecated directive: ‘%name-prefix="siu"’, use ‘%define api.prefix {siu}’ [-Wdeprecated]
2025-08-19T01:33:35.4446680Z    13 | %name-prefix="siu"
2025-08-19T01:33:35.4447110Z       | ^~~~~~~~~~~~~~~~~~
2025-08-19T01:33:35.4447370Z       | %define api.prefix {siu}
2025-08-19T01:33:35.4804480Z src/SIUnitParser.y: warning: fix-its can be applied.  Rerun with option '--update'. [-Wother]
2025-08-19T01:33:35.4806290Z ccache clang -I. -Isrc -Ibuild/gen -Ithird_party/include -Ithird_party/include/OCTypes -fPIC -O3 -Wall -Wextra -Wno-sign-compare -Wno-unused-parameter -Wno-missing-field-initializers -Wno-unused-function -MMD -MP -c -o build/obj/SIDimensionality.o src/SIDimensionality.c
2025-08-19T01:33:35.4825890Z src/SIUnitExpressionParser.y: warning: fix-its can be applied.  Rerun with option '--update'. [-Wother]
2025-08-19T01:33:35.4827570Z ccache clang -I. -Isrc -Ibuild/gen -Ithird_party/include -Ithird_party/include/OCTypes -fPIC -O3 -Wall -Wextra -Wno-sign-compare -Wno-unused-parameter -Wno-missing-field-initializers -Wno-unused-function -MMD -MP -c -o build/obj/SIDimensionalityLib.o src/SIDimensionalityLib.c
2025-08-19T01:33:35.7504020Z ccache clang -I. -Isrc -Ibuild/gen -Ithird_party/include -Ithird_party/include/OCTypes -fPIC -O3 -Wall -Wextra -Wno-sign-compare -Wno-unused-parameter -Wno-missing-field-initializers -Wno-unused-function -MMD -MP -c -o build/obj/SIQuantity.o src/SIQuantity.c
2025-08-19T01:33:35.8228910Z ccache clang -I. -Isrc -Ibuild/gen -Ithird_party/include -Ithird_party/include/OCTypes -fPIC -O3 -Wall -Wextra -Wno-sign-compare -Wno-unused-parameter -Wno-missing-field-initializers -Wno-unused-function -MMD -MP -c -o build/obj/SIScalar.o src/SIScalar.c
2025-08-19T01:33:35.9362160Z ccache clang -I. -Isrc -Ibuild/gen -Ithird_party/include -Ithird_party/include/OCTypes -fPIC -O3 -Wall -Wextra -Wno-sign-compare -Wno-unused-parameter -Wno-missing-field-initializers -Wno-unused-function -MMD -MP -c -o build/obj/SIScalarConstants.o src/SIScalarConstants.c
2025-08-19T01:33:36.0592660Z ccache clang -I. -Isrc -Ibuild/gen -Ithird_party/include -Ithird_party/include/OCTypes -fPIC -O3 -Wall -Wextra -Wno-sign-compare -Wno-unused-parameter -Wno-missing-field-initializers -Wno-unused-function -MMD -MP -c -o build/obj/SIScalarParser.o src/SIScalarParser.c
2025-08-19T01:33:36.0623340Z ccache clang -I. -Isrc -Ibuild/gen -Ithird_party/include -Ithird_party/include/OCTypes -fPIC -O3 -Wall -Wextra -Wno-sign-compare -Wno-unused-parameter -Wno-missing-field-initializers -Wno-unused-function -MMD -MP -c -o build/obj/SIScalarParserHelpers.o src/SIScalarParserHelpers.c
2025-08-19T01:33:36.1487410Z ccache clang -I. -Isrc -Ibuild/gen -Ithird_party/include -Ithird_party/include/OCTypes -fPIC -O3 -Wall -Wextra -Wno-sign-compare -Wno-unused-parameter -Wno-missing-field-initializers -Wno-unused-function -MMD -MP -c -o build/obj/SITypes.o src/SITypes.c
2025-08-19T01:33:36.1510700Z ccache clang -I. -Isrc -Ibuild/gen -Ithird_party/include -Ithird_party/include/OCTypes -fPIC -O3 -Wall -Wextra -Wno-sign-compare -Wno-unused-parameter -Wno-missing-field-initializers -Wno-unused-function -MMD -MP -c -o build/obj/SIUnit.o src/SIUnit.c
2025-08-19T01:33:36.2095140Z ccache clang -I. -Isrc -Ibuild/gen -Ithird_party/include -Ithird_party/include/OCTypes -fPIC -O3 -Wall -Wextra -Wno-sign-compare -Wno-unused-parameter -Wno-missing-field-initializers -Wno-unused-function -MMD -MP -c -o build/obj/SIUnitExpression.o src/SIUnitExpression.c
2025-08-19T01:33:36.3265860Z ccache clang -I. -Isrc -Ibuild/gen -Ithird_party/include -Ithird_party/include/OCTypes -fPIC -O3 -Wall -Wextra -Wno-sign-compare -Wno-unused-parameter -Wno-missing-field-initializers -Wno-unused-function -MMD -MP -c -o build/obj/SIDimensionalityParser.tab.o build/gen/SIDimensionalityParser.tab.c
2025-08-19T01:33:36.3994490Z ccache clang -I. -Isrc -Ibuild/gen -Ithird_party/include -Ithird_party/include/OCTypes -fPIC -O3 -Wall -Wextra -Wno-sign-compare -Wno-unused-parameter -Wno-missing-field-initializers -Wno-unused-function -MMD -MP -c -o build/obj/SIScalarParser.tab.o build/gen/SIScalarParser.tab.c
2025-08-19T01:33:36.4773990Z ccache clang -I. -Isrc -Ibuild/gen -Ithird_party/include -Ithird_party/include/OCTypes -fPIC -O3 -Wall -Wextra -Wno-sign-compare -Wno-unused-parameter -Wno-missing-field-initializers -Wno-unused-function -MMD -MP -c -o build/obj/SIUnitExpressionParser.tab.o build/gen/SIUnitExpressionParser.tab.c
2025-08-19T01:33:36.5597960Z ccache clang -I. -Isrc -Ibuild/gen -Ithird_party/include -Ithird_party/include/OCTypes -fPIC -O3 -Wall -Wextra -Wno-sign-compare -Wno-unused-parameter -Wno-missing-field-initializers -Wno-unused-function -MMD -MP -c -o build/obj/SIUnitParser.tab.o build/gen/SIUnitParser.tab.c
2025-08-19T01:33:36.5867930Z flex -o build/gen/SIDimensionalityScanner.c src/SIDimensionalityScanner.l
2025-08-19T01:33:36.5904340Z src/SIDimensionalityScanner.l:24: warning, -s option given but default rule can be matched
2025-08-19T01:33:36.6016220Z flex -o build/gen/SIFormulaScanner.c src/SIFormulaScanner.l
2025-08-19T01:33:36.6151320Z flex -o build/gen/SIScalarScanner.c src/SIScalarScanner.l
2025-08-19T01:33:36.6196800Z src/SIScalarScanner.l:168: warning, dangerous trailing context
2025-08-19T01:33:36.6219060Z src/SIScalarScanner.l:168: warning, dangerous trailing context
2025-08-19T01:33:36.6219500Z src/SIScalarScanner.l:173: warning, dangerous trailing context
2025-08-19T01:33:36.6219870Z src/SIScalarScanner.l:163: warning, dangerous trailing context
2025-08-19T01:33:36.6220270Z src/SIScalarScanner.l:168: warning, dangerous trailing context
2025-08-19T01:33:36.6220660Z src/SIScalarScanner.l:163: warning, dangerous trailing context
2025-08-19T01:33:36.6221030Z src/SIScalarScanner.l:98: warning, dangerous trailing context
2025-08-19T01:33:36.6221430Z src/SIScalarScanner.l:98: warning, dangerous trailing context
2025-08-19T01:33:36.6221800Z src/SIScalarScanner.l:98: warning, dangerous trailing context
2025-08-19T01:33:36.6222170Z src/SIScalarScanner.l:168: warning, dangerous trailing context
2025-08-19T01:33:36.6222550Z src/SIScalarScanner.l:188: warning, dangerous trailing context
2025-08-19T01:33:36.6222920Z src/SIScalarScanner.l:98: warning, dangerous trailing context
2025-08-19T01:33:36.6223280Z src/SIScalarScanner.l:98: warning, dangerous trailing context
2025-08-19T01:33:36.6223640Z src/SIScalarScanner.l:188: warning, dangerous trailing context
2025-08-19T01:33:36.6223990Z src/SIScalarScanner.l:98: warning, dangerous trailing context
2025-08-19T01:33:36.6224340Z src/SIScalarScanner.l:98: warning, dangerous trailing context
2025-08-19T01:33:36.6224710Z src/SIScalarScanner.l:98: warning, dangerous trailing context
2025-08-19T01:33:36.6319430Z flex -o build/gen/SIUnitExpressionScanner.c src/SIUnitExpressionScanner.l
2025-08-19T01:33:36.6354600Z src/SIUnitExpressionScanner.l:61: warning, -s option given but default rule can be matched
2025-08-19T01:33:36.6355060Z flex -o build/gen/SIUnitScanner.c src/SIUnitScanner.l
2025-08-19T01:33:36.6415660Z src/SIUnitScanner.l:36: warning, -s option given but default rule can be matched
2025-08-19T01:33:36.6472070Z ccache clang -I. -Isrc -Ibuild/gen -Ithird_party/include -Ithird_party/include/OCTypes -fPIC -O3 -Wall -Wextra -Wno-sign-compare -Wno-unused-parameter -Wno-missing-field-initializers -Wno-unused-function -MMD -MP -c -o build/obj/main.o tests/main.c
2025-08-19T01:33:36.6521020Z ccache clang -I. -Isrc -Ibuild/gen -Ithird_party/include -Ithird_party/include/OCTypes -fPIC -O3 -Wall -Wextra -Wno-sign-compare -Wno-unused-parameter -Wno-missing-field-initializers -Wno-unused-function -MMD -MP -c -o build/obj/test_dimensionality.o tests/test_dimensionality.c
2025-08-19T01:33:36.7330920Z ccache clang -I. -Isrc -Ibuild/gen -Ithird_party/include -Ithird_party/include/OCTypes -fPIC -O3 -Wall -Wextra -Wno-sign-compare -Wno-unused-parameter -Wno-missing-field-initializers -Wno-unused-function -MMD -MP -c -o build/obj/test_duplicate_units.o tests/test_duplicate_units.c
2025-08-19T01:33:36.7493710Z ccache clang -I. -Isrc -Ibuild/gen -Ithird_party/include -Ithird_party/include/OCTypes -fPIC -O3 -Wall -Wextra -Wno-sign-compare -Wno-unused-parameter -Wno-missing-field-initializers -Wno-unused-function -MMD -MP -c -o build/obj/test_octypes.o tests/test_octypes.c
2025-08-19T01:33:36.8086930Z ccache clang -I. -Isrc -Ibuild/gen -Ithird_party/include -Ithird_party/include/OCTypes -fPIC -O3 -Wall -Wextra -Wno-sign-compare -Wno-unused-parameter -Wno-missing-field-initializers -Wno-unused-function -MMD -MP -c -o build/obj/test_scalar.o tests/test_scalar.c
2025-08-19T01:33:36.8209930Z ccache clang -I. -Isrc -Ibuild/gen -Ithird_party/include -Ithird_party/include/OCTypes -fPIC -O3 -Wall -Wextra -Wno-sign-compare -Wno-unused-parameter -Wno-missing-field-initializers -Wno-unused-function -MMD -MP -c -o build/obj/test_scalar_parser.o tests/test_scalar_parser.c
2025-08-19T01:33:36.9320500Z ccache clang -I. -Isrc -Ibuild/gen -Ithird_party/include -Ithird_party/include/OCTypes -fPIC -O3 -Wall -Wextra -Wno-sign-compare -Wno-unused-parameter -Wno-missing-field-initializers -Wno-unused-function -MMD -MP -c -o build/obj/test_unit.o tests/test_unit.c
2025-08-19T01:33:37.0081430Z ccache clang -I. -Isrc -Ibuild/gen -Ithird_party/include -Ithird_party/include/OCTypes -fPIC -O3 -Wall -Wextra -Wno-sign-compare -Wno-unused-parameter -Wno-missing-field-initializers -Wno-unused-function -MMD -MP -c -o build/obj/test_unit_expression.o tests/test_unit_expression.c
2025-08-19T01:33:37.0644120Z ccache clang -I. -Isrc -Ibuild/gen -Ithird_party/include -Ithird_party/include/OCTypes -fPIC -O3 -Wall -Wextra -Wno-sign-compare -Wno-unused-parameter -Wno-missing-field-initializers -Wno-unused-function -MMD -MP -c -o build/obj/test_unit_from_expression_robust.o tests/test_unit_from_expression_robust.c
2025-08-19T01:33:37.1080730Z ccache clang -I. -Isrc -Ibuild/gen -Ithird_party/include -Ithird_party/include/OCTypes -fPIC -O3 -Wall -Wextra -Wno-sign-compare -Wno-unused-parameter -Wno-missing-field-initializers -Wno-unused-function -MMD -MP -c -o build/obj/test_unit_power_operations.o tests/test_unit_power_operations.c
2025-08-19T01:33:37.1392980Z ccache clang -I. -Isrc -Ibuild/gen -Ithird_party/include -Ithird_party/include/OCTypes -fPIC -O3 -Wall -Wextra -Wno-sign-compare -Wno-unused-parameter -Wno-missing-field-initializers -Wno-unused-function -MMD -MP -c -o build/obj/SIDimensionalityScanner.o build/gen/SIDimensionalityScanner.c
2025-08-19T01:33:37.1719960Z ccache clang -I. -Isrc -Ibuild/gen -Ithird_party/include -Ithird_party/include/OCTypes -fPIC -O3 -Wall -Wextra -Wno-sign-compare -Wno-unused-parameter -Wno-missing-field-initializers -Wno-unused-function -MMD -MP -c -o build/obj/SIFormulaScanner.o build/gen/SIFormulaScanner.c
2025-08-19T01:33:37.2707070Z ccache clang -I. -Isrc -Ibuild/gen -Ithird_party/include -Ithird_party/include/OCTypes -fPIC -O3 -Wall -Wextra -Wno-sign-compare -Wno-unused-parameter -Wno-missing-field-initializers -Wno-unused-function -MMD -MP -c -o build/obj/SIScalarScanner.o build/gen/SIScalarScanner.c
2025-08-19T01:33:37.3016480Z ccache clang -I. -Isrc -Ibuild/gen -Ithird_party/include -Ithird_party/include/OCTypes -fPIC -O3 -Wall -Wextra -Wno-sign-compare -Wno-unused-parameter -Wno-missing-field-initializers -Wno-unused-function -MMD -MP -c -o build/obj/SIUnitExpressionScanner.o build/gen/SIUnitExpressionScanner.c
2025-08-19T01:33:37.4112680Z ccache clang -I. -Isrc -Ibuild/gen -Ithird_party/include -Ithird_party/include/OCTypes -fPIC -O3 -Wall -Wextra -Wno-sign-compare -Wno-unused-parameter -Wno-missing-field-initializers -Wno-unused-function -MMD -MP -c -o build/obj/SIUnitScanner.o build/gen/SIUnitScanner.c
2025-08-19T01:33:37.5369550Z ar rcs build/lib/libSITypes.a build/obj/SIDimensionality.o build/obj/SIDimensionalityLib.o build/obj/SIQuantity.o build/obj/SIScalar.o build/obj/SIScalarConstants.o build/obj/SIScalarParser.o build/obj/SIScalarParserHelpers.o build/obj/SITypes.o build/obj/SIUnit.o build/obj/SIUnitExpression.o build/obj/SIDimensionalityParser.tab.o build/obj/SIScalarParser.tab.o build/obj/SIUnitExpressionParser.tab.o build/obj/SIUnitParser.tab.o build/obj/SIDimensionalityScanner.o build/obj/SIFormulaScanner.o build/obj/SIScalarScanner.o build/obj/SIUnitExpressionScanner.o build/obj/SIUnitScanner.o
2025-08-19T01:33:37.8672930Z ccache clang -I. -Isrc -Ibuild/gen -Ithird_party/include -Ithird_party/include/OCTypes -fPIC -O3 -Wall -Wextra -Wno-sign-compare -Wno-unused-parameter -Wno-missing-field-initializers -Wno-unused-function -MMD -MP -Itests build/obj/main.o build/obj/test_dimensionality.o build/obj/test_duplicate_units.o build/obj/test_octypes.o build/obj/test_scalar.o build/obj/test_scalar_parser.o build/obj/test_unit.o build/obj/test_unit_expression.o build/obj/test_unit_from_expression_robust.o build/obj/test_unit_power_operations.o \
2025-08-19T01:33:37.8674540Z 	   build/lib/libSITypes.a -Lthird_party/lib -lOCTypes  \
2025-08-19T01:33:37.8674870Z 	  -Wl,-rpath,third_party/lib -lm -o runTests
2025-08-19T01:33:38.0339100Z ./runTests
2025-08-19T01:33:40.4783940Z === OCTypes Tests ===
2025-08-19T01:33:40.4784170Z Running octypesTest1...
2025-08-19T01:33:40.4784370Z octypesTest1 passed
2025-08-19T01:33:40.4784560Z Running octypesTest2...
2025-08-19T01:33:40.4784720Z octypesTest2 passed
2025-08-19T01:33:40.4784870Z Running octypesTest3...
2025-08-19T01:33:40.4785040Z octypesTest3 passed
2025-08-19T01:33:40.4785180Z Running octypesTest4...
2025-08-19T01:33:40.4785330Z octypesTest4 passed
2025-08-19T01:33:40.4785490Z Running octypesTest5...
2025-08-19T01:33:40.4785640Z octypesTest5 passed
2025-08-19T01:33:40.4785780Z Running octypesTest6...
2025-08-19T01:33:40.4785940Z octypesTest6 passed
2025-08-19T01:33:40.4786020Z 
2025-08-19T01:33:40.4786100Z === Dimensionality Tests ===
2025-08-19T01:33:40.4786290Z Running test_dimensionality_0...
2025-08-19T01:33:40.4786480Z test_dimensionality_0 passed
2025-08-19T01:33:40.4786690Z Running test_dimensionality_1...
2025-08-19T01:33:40.4786870Z test_dimensionality_1 passed
2025-08-19T01:33:40.4787060Z Running test_dimensionality_2...
2025-08-19T01:33:40.4787250Z test_dimensionality_2 passed
2025-08-19T01:33:40.4787420Z Running test_dimensionality_3...
2025-08-19T01:33:40.4787610Z test_dimensionality_3 passed
2025-08-19T01:33:40.4787790Z Running test_dimensionality_show...
2025-08-19T01:33:40.4787990Z test_dimensionality_show passed
2025-08-19T01:33:40.4788220Z Running test_dimensionality_symbol_acceleration...
2025-08-19T01:33:40.4788470Z test_dimensionality_symbol_acceleration passed
2025-08-19T01:33:40.4788720Z Running test_dimensionality_divide_mass...
2025-08-19T01:33:40.4788940Z test_dimensionality_divide_mass passed
2025-08-19T01:33:40.4789160Z Running test_dimensionality_multiply_work...
2025-08-19T01:33:40.4789370Z test_dimensionality_multiply_work passed
2025-08-19T01:33:40.4789570Z Running test_dimensionality_power_area...
2025-08-19T01:33:40.4790340Z test_dimensionality_power_area passed
2025-08-19T01:33:40.4790590Z Running test_dimensionality_reduction_behavior...
2025-08-19T01:33:40.4790860Z test_dimensionality_reduction_behavior passed
2025-08-19T01:33:40.4791080Z Running test_dimensionality_deep_copy...
2025-08-19T01:33:40.4791290Z test_dimensionality_deep_copy passed
2025-08-19T01:33:40.4791440Z 
2025-08-19T01:33:40.4791540Z Running test_dimensionality_parser_strictness...
2025-08-19T01:33:40.4791790Z test_dimensionality_parser_strictness passed
2025-08-19T01:33:40.4791940Z 
2025-08-19T01:33:40.4791990Z === SIUnit Tests ===
2025-08-19T01:33:40.4792140Z Running test_unit_0...
2025-08-19T01:33:40.4792280Z test_unit_0 passed
2025-08-19T01:33:40.4792410Z Running test_unit_1...
2025-08-19T01:33:40.4792540Z test_unit_1 passed
2025-08-19T01:33:40.4792690Z Running test_unit_3...
2025-08-19T01:33:40.4792840Z test_unit_3 passed
2025-08-19T01:33:40.4792980Z Running test_unit_4...
2025-08-19T01:33:40.4793130Z test_unit_4 passed
2025-08-19T01:33:40.4793280Z Running test_unit_5...
2025-08-19T01:33:40.4793420Z test_unit_5 passed
2025-08-19T01:33:40.4793560Z Running test_unit_6...
2025-08-19T01:33:40.4794070Z test_unit_6 passed
2025-08-19T01:33:40.4794190Z Running test_unit_7...
2025-08-19T01:33:40.4794350Z test_unit_7 passed
2025-08-19T01:33:40.4794480Z Running test_unit_8...
2025-08-19T01:33:40.4794630Z test_unit_8 passed
2025-08-19T01:33:40.4794760Z Running test_unit_9...
2025-08-19T01:33:40.4794910Z test_unit_9 passed
2025-08-19T01:33:40.4795050Z Running test_unit_10...
2025-08-19T01:33:40.4795200Z test_unit_10 passed
2025-08-19T01:33:40.4795340Z Running test_unit_11...
2025-08-19T01:33:40.4795490Z test_unit_11 passed
2025-08-19T01:33:40.4795590Z 
2025-08-19T01:33:40.4795650Z Running test_unit_12...
2025-08-19T01:33:40.4795790Z test_unit_12 passed
2025-08-19T01:33:40.4795920Z Running test_unit_13...
2025-08-19T01:33:40.4796050Z test_unit_13 passed
2025-08-19T01:33:40.4796220Z Running test_unit_14...
2025-08-19T01:33:40.4796380Z test_unit_14 passed
2025-08-19T01:33:40.4796550Z Running test_unit_by_multiplying_without_reducing...
2025-08-19T01:33:40.4796780Z test_unit_by_multiplying_without_reducing passed
2025-08-19T01:33:40.4796930Z 
2025-08-19T01:33:40.4797020Z Running test_unit_by_dividing_without_reducing...
2025-08-19T01:33:40.4797260Z test_unit_by_dividing_without_reducing passed
2025-08-19T01:33:40.4797460Z Running test_unit_by_taking_nth_root...
2025-08-19T01:33:40.4797700Z test_unit_by_taking_nth_root passed
2025-08-19T01:33:40.4797820Z 
2025-08-19T01:33:40.4797930Z Running test_unit_by_raising_to_power_without_reducing...
2025-08-19T01:33:40.4798200Z test_unit_by_raising_to_power_without_reducing passed
2025-08-19T01:33:40.4798360Z 
2025-08-19T01:33:40.4798440Z Running test_unit_unicode_normalization...
2025-08-19T01:33:40.4798650Z test_unit_unicode_normalization passed
2025-08-19T01:33:40.4798790Z 
2025-08-19T01:33:40.4798860Z Running test_unit_registration...
2025-08-19T01:33:40.4799050Z Testing unit registration behavior
2025-08-19T01:33:40.4799230Z test_unit_registration passed
2025-08-19T01:33:40.4799440Z Running test_unit_canonical_expressions...
2025-08-19T01:33:40.4799650Z test_unit_canonical_expressions passed
2025-08-19T01:33:40.4799790Z 
2025-08-19T01:33:40.4799890Z Running test_unit_from_expression_equivalence...
2025-08-19T01:33:40.4800120Z test_unit_from_expression_equivalence passed
2025-08-19T01:33:40.4800270Z 
2025-08-19T01:33:40.4800330Z Running test_unit_count_token_symbols...
2025-08-19T01:33:40.4800540Z test_unit_count_token_symbols passed
2025-08-19T01:33:40.4800660Z 
2025-08-19T01:33:40.4800660Z 
2025-08-19T01:33:40.4800790Z === SIUnitCreateCleanedExpression Comprehensive Tests ===
2025-08-19T01:33:40.4801100Z Running comprehensive SIUnitCreateCleanedExpression test suite...
2025-08-19T01:33:40.4801310Z 
2025-08-19T01:33:40.4801440Z Running test_unit_expression_cleaner_basic_canonicalization...
2025-08-19T01:33:40.4801740Z test_unit_expression_cleaner_basic_canonicalization passed
2025-08-19T01:33:40.4802020Z Running test_unit_expression_cleaner_power_notation...
2025-08-19T01:33:40.4802370Z test_unit_expression_cleaner_power_notation passed
2025-08-19T01:33:40.4802650Z Running test_unit_expression_cleaner_multiplication_ordering...
2025-08-19T01:33:40.4802950Z test_unit_expression_cleaner_multiplication_ordering passed
2025-08-19T01:33:40.4803260Z Running test_unit_expression_cleaner_power_consolidation...
2025-08-19T01:33:40.4803530Z test_unit_expression_cleaner_power_consolidation passed
2025-08-19T01:33:40.4803800Z Running test_unit_expression_cleaner_division_operations...
2025-08-19T01:33:40.4804060Z test_unit_expression_cleaner_division_operations passed
2025-08-19T01:33:40.4804340Z Running test_unit_expression_cleaner_complex_expressions...
2025-08-19T01:33:40.4804630Z test_unit_expression_cleaner_complex_expressions passed
2025-08-19T01:33:40.4804900Z Running test_unit_expression_cleaner_unicode_operators...
2025-08-19T01:33:40.4805170Z test_unit_expression_cleaner_unicode_operators passed
2025-08-19T01:33:40.4805450Z Running test_unit_expression_cleaner_unicode_normalization...
2025-08-19T01:33:40.4805740Z test_unit_expression_cleaner_unicode_normalization passed
2025-08-19T01:33:40.4806130Z Running test_unit_expression_cleaner_expression_equivalence...
2025-08-19T01:33:40.4806440Z test_unit_expression_cleaner_expression_equivalence passed
2025-08-19T01:33:40.4806690Z Running test_unit_expression_cleaner_edge_cases...
2025-08-19T01:33:40.4806920Z test_unit_expression_cleaner_edge_cases passed
2025-08-19T01:33:40.4807200Z Running test_unit_expression_cleaner_parenthetical_powers...
2025-08-19T01:33:40.4807480Z test_unit_expression_cleaner_parenthetical_powers passed
2025-08-19T01:33:40.4807740Z Running test_unit_expression_cleaner_consistency...
2025-08-19T01:33:40.4807990Z test_unit_expression_cleaner_consistency passed
2025-08-19T01:33:40.4808260Z Running test_unit_expression_cleaner_reciprocal_expressions...
2025-08-19T01:33:40.4808560Z test_unit_expression_cleaner_reciprocal_expressions passed
2025-08-19T01:33:40.4808730Z 
2025-08-19T01:33:40.4808870Z === SIUnitCreateCleanedExpression Comprehensive Test Results ===
2025-08-19T01:33:40.4809130Z Overall result: ALL TESTS PASSED
2025-08-19T01:33:40.4809260Z 
2025-08-19T01:33:40.4809330Z === Duplicate Units Tests ===
2025-08-19T01:33:40.4809550Z === Testing for duplicate unit pointers in unitsLibrary ===
2025-08-19T01:33:40.4809790Z Total units in library: 4070
2025-08-19T01:33:40.4809900Z 
2025-08-19T01:33:40.4809970Z === Checking static instance status ===
2025-08-19T01:33:40.4810340Z ✓ All 4070 units are static instances.
2025-08-19T01:33:40.4810470Z 
2025-08-19T01:33:40.4810540Z === Checking for duplicate unit pointers ===
2025-08-19T01:33:40.4810680Z 
2025-08-19T01:33:40.4810770Z ✓ Library integrity check passed:
2025-08-19T01:33:40.4810960Z   - No duplicate unit pointers
2025-08-19T01:33:40.4811140Z   - All units are static instances
2025-08-19T01:33:40.4811250Z 
2025-08-19T01:33:40.4811310Z === Unit Power Operations Tests ===
2025-08-19T01:33:40.4811520Z Running test_unit_negative_power_operations...
2025-08-19T01:33:40.4811750Z test_unit_negative_power_operations passed
2025-08-19T01:33:40.4811980Z Running test_unit_inverse_expression_parsing...
2025-08-19T01:33:40.4812210Z test_unit_inverse_expression_parsing passed
2025-08-19T01:33:40.4812450Z Running test_unit_negative_exponent_parsing...
2025-08-19T01:33:40.4812680Z test_unit_negative_exponent_parsing passed
2025-08-19T01:33:40.4812830Z 
2025-08-19T01:33:40.4812890Z === SIUnitFromExpression Robust Tests ===
2025-08-19T01:33:40.4813120Z     SUCCESS: Canonical form working correctly
2025-08-19T01:33:40.4813250Z 
2025-08-19T01:33:40.4813320Z SIUnitFromExpression robust test PASSED
2025-08-19T01:33:40.4813450Z 
2025-08-19T01:33:40.4813510Z === SIScalar Parser Tests ===
2025-08-19T01:33:40.4813670Z Running test_scalar_parser_1...
2025-08-19T01:33:40.4813830Z test_scalar_parser_1 passed
2025-08-19T01:33:40.4813980Z Running test_scalar_parser_2...
2025-08-19T01:33:40.4814150Z test_scalar_parser_2 passed
2025-08-19T01:33:40.4814320Z Running test_scalar_parser_3...
2025-08-19T01:33:40.4814580Z test_scalar_parser_3 passed
2025-08-19T01:33:40.4814780Z Running test_scalar_parser_4...
2025-08-19T01:33:40.4814960Z test_scalar_parser_4 passed
2025-08-19T01:33:40.4815110Z Running test_scalar_parser_5...
2025-08-19T01:33:40.4815260Z test_scalar_parser_5 passed
2025-08-19T01:33:40.4815410Z Running test_scalar_parser_6...
2025-08-19T01:33:40.4815570Z test_scalar_parser_6 passed
2025-08-19T01:33:40.4815720Z Running test_scalar_parser_7...
2025-08-19T01:33:40.4815880Z test_scalar_parser_7 passed
2025-08-19T01:33:40.4816030Z Running test_scalar_parser_8...
2025-08-19T01:33:40.4816190Z test_scalar_parser_8 passed
2025-08-19T01:33:40.4816340Z Running test_scalar_parser_9...
2025-08-19T01:33:40.4816490Z test_scalar_parser_9 passed
2025-08-19T01:33:40.4816640Z Running test_scalar_parser_10...
2025-08-19T01:33:40.4816800Z test_scalar_parser_10 passed
2025-08-19T01:33:40.4816960Z Running test_scalar_parser_11...
2025-08-19T01:33:40.4817120Z test_scalar_parser_11 passed
2025-08-19T01:33:40.4817270Z Running test_scalar_parser_12...
2025-08-19T01:33:40.4817430Z test_scalar_parser_12 passed
2025-08-19T01:33:40.4817720Z Running test_scalar_parser_13...
2025-08-19T01:33:40.4817910Z     π value: 1.000000000000000
2025-08-19T01:33:40.4818100Z     π * (5 m)^2 value: 78.539816339744817
2025-08-19T01:33:40.4818330Z     π * (5 m)^2 units: m^3/m
2025-08-19T01:33:40.4818480Z test_scalar_parser_13 passed
2025-08-19T01:33:40.4818640Z Running test_scalar_parser_infinity...
2025-08-19T01:33:40.4818820Z   Testing basic infinity parsing...
2025-08-19T01:33:40.4818990Z     inf = inf (isinf: 1)
2025-08-19T01:33:40.4819140Z   Testing Unicode infinity symbol...
2025-08-19T01:33:40.4819320Z     ∞ = inf (isinf: 1)
2025-08-19T01:33:40.4819470Z   Testing negative infinity...
2025-08-19T01:33:40.4825050Z     -inf = -inf (isinf: 1, negative: 1)
2025-08-19T01:33:40.4825260Z   Testing infinity with units...
2025-08-19T01:33:40.4825430Z     inf m/s = inf m/s
2025-08-19T01:33:40.4825600Z   Testing infinity arithmetic - addition...
2025-08-19T01:33:40.4825800Z     inf + 5 = inf (isinf: 1)
2025-08-19T01:33:40.4825990Z   Testing infinity arithmetic - multiplication...
2025-08-19T01:33:40.4826190Z     2 * inf = inf (isinf: 1)
2025-08-19T01:33:40.4826360Z   Testing division by infinity...
2025-08-19T01:33:40.4826510Z     5 / inf = 0.000000
2025-08-19T01:33:40.4826650Z   Testing division by zero...
2025-08-19T01:33:40.4826800Z     5 / 0 = inf (isinf: 1)
2025-08-19T01:33:40.4826950Z   Testing infinity to the power...
2025-08-19T01:33:40.4827120Z     (inf)^2 = inf (isinf: 1)
2025-08-19T01:33:40.4827310Z   Testing complex expression with infinity and units...
2025-08-19T01:33:40.4827560Z     (inf m/s) * (2 s) = inf m•s/s
2025-08-19T01:33:40.4827730Z   Testing functions with infinity...
2025-08-19T01:33:40.4827900Z     sqrt(inf) = inf (isinf: 1)
2025-08-19T01:33:40.4828070Z test_scalar_parser_infinity passed
2025-08-19T01:33:40.4828180Z 
2025-08-19T01:33:40.4828230Z === NMR Function Tests ===
2025-08-19T01:33:40.4828390Z Running test_nmr_functions...
2025-08-19T01:33:40.4828550Z   Testing spin[H1]...
2025-08-19T01:33:40.4828680Z     spin[H1] = 0.500000
2025-08-19T01:33:40.4828860Z   Testing μ_I[H1]...
2025-08-19T01:33:40.4829030Z     μ_I[H1] = 2.792847 µ_N
2025-08-19T01:33:40.4829190Z   Testing 𝛾_I[H1]...
2025-08-19T01:33:40.4829390Z     𝛾_I[H1] = 267522191.787411 rad/(s·T)
2025-08-19T01:33:40.4829560Z   Testing nmr[H1]...
2025-08-19T01:33:40.4829700Z     nmr[H1] = 42.577479 MHz/T
2025-08-19T01:33:40.4829850Z test_nmr_functions passed
2025-08-19T01:33:40.4829940Z 
2025-08-19T01:33:40.4829990Z === SIScalar Tests ===
2025-08-19T01:33:40.4830140Z test_SIScalarGetTypeID passed
2025-08-19T01:33:40.4830300Z test_SIScalarCreateCopy passed
2025-08-19T01:33:40.4830480Z test_SIScalarCreateMutableCopy passed
2025-08-19T01:33:40.4830670Z test_SIScalarCreateWithFloat passed
2025-08-19T01:33:40.4830870Z test_SIScalarCreateMutableWithFloat passed
2025-08-19T01:33:40.4831080Z test_SIScalarCreateWithDouble passed
2025-08-19T01:33:40.4831430Z test_SIScalarCreateMutableWithDouble passed
2025-08-19T01:33:40.4831660Z test_SIScalarCreateWithFloatComplex passed
2025-08-19T01:33:40.4831890Z test_SIScalarCreateMutableWithFloatComplex passed
2025-08-19T01:33:40.4832130Z test_SIScalarCreateWithDoubleComplex passed
2025-08-19T01:33:40.4832360Z test_SIScalarCreateMutableWithDoubleComplex passed
2025-08-19T01:33:40.4832580Z test_SIScalarGetValue passed
2025-08-19T01:33:40.4832750Z test_SIScalarSetFloatValue passed
2025-08-19T01:33:40.4832920Z test_SIScalarSetDoubleValue passed
2025-08-19T01:33:40.4833120Z test_SIScalarSetFloatComplexValue passed
2025-08-19T01:33:40.4833320Z test_SIScalarSetDoubleComplexValue passed
2025-08-19T01:33:40.4833520Z test_SIScalarSetNumericType passed
2025-08-19T01:33:40.4833710Z test_SIScalarFloatValue passed
2025-08-19T01:33:40.4833870Z test_SIScalarDoubleValue passed
2025-08-19T01:33:40.4834050Z test_SIScalarFloatComplexValue passed
2025-08-19T01:33:40.4834250Z test_SIScalarDoubleComplexValue passed
2025-08-19T01:33:40.4834480Z test_SIScalarCreateByConvertingToNumberType passed
2025-08-19T01:33:40.4834700Z test_SIScalarTakeComplexPart passed
2025-08-19T01:33:40.4835030Z test_SIScalarCreateByTakingComplexPart passed
2025-08-19T01:33:40.4835250Z test_SIScalarCreateByReducingUnit passed
2025-08-19T01:33:40.4835440Z test_SIScalarReduceUnit passed
2025-08-19T01:33:40.4835610Z test_SIScalarConvertToUnit passed
2025-08-19T01:33:40.4835810Z test_SIScalarCreateByConvertingToUnit passed
2025-08-19T01:33:40.4836020Z test_SIScalarConvertToCoherentUnit passed
2025-08-19T01:33:40.4836260Z test_SIScalarCreateByConvertingToCoherentUnit passed
2025-08-19T01:33:40.4836490Z test_SIScalarCreateByAdding passed
2025-08-19T01:33:40.4836660Z test_SIScalarAdd passed
2025-08-19T01:33:40.4836820Z test_SIScalarCreateBySubtracting passed
2025-08-19T01:33:40.4837010Z test_SIScalarSubtract passed
2025-08-19T01:33:40.4837240Z test_SIScalarCreateByMultiplyingWithoutReducingUnit passed
2025-08-19T01:33:40.4837510Z test_SIScalarMultiplyWithoutReducingUnit passed
2025-08-19T01:33:40.4837730Z test_SIScalarCreateByMultiplying passed
2025-08-19T01:33:40.4837930Z test_SIScalarMultiply passed
2025-08-19T01:33:40.4838150Z test_SIScalarCreateByDividingWithoutReducingUnit passed
2025-08-19T01:33:40.4838410Z test_SIScalarDivideWithoutReducingUnit passed
2025-08-19T01:33:40.4838630Z test_SIScalarCreateByDividing passed
2025-08-19T01:33:40.4838800Z test_SIScalarDivide passed
2025-08-19T01:33:40.4839030Z test_SIScalarCreateByRaisingToPowerWithoutReducingUnit passed
2025-08-19T01:33:40.4839340Z test_SIScalarRaiseToAPowerWithoutReducingUnit passed
2025-08-19T01:33:40.4839580Z test_SIScalarCreateByRaisingToPower passed
2025-08-19T01:33:40.4839780Z test_SIScalarRaiseToAPower passed
2025-08-19T01:33:40.4839990Z test_SIScalarCreateByTakingAbsoluteValue passed
2025-08-19T01:33:40.4840200Z test_SIScalarTakeAbsoluteValue passed
2025-08-19T01:33:40.4840460Z test_SIScalarCreateByGammaFunctionWithoutReducingUnit passed
2025-08-19T01:33:40.4840720Z test_SIScalarCreateByTakingNthRoot passed
2025-08-19T01:33:40.4840920Z test_SIScalarTakeNthRoot passed
2025-08-19T01:33:40.4841080Z test_SIScalarTakeLog10 passed
2025-08-19T01:33:40.4841270Z test_SIScalarCreateByZeroingPart passed
2025-08-19T01:33:40.4841460Z test_SIScalarZeroPart passed
2025-08-19T01:33:40.4841670Z test_SIScalarMultiplyByDimensionlessRealConstant passed
2025-08-19T01:33:40.4841990Z test_SIScalarCreateByMultiplyingByDimensionlessRealConstant passed
2025-08-19T01:33:40.4842360Z test_SIScalarCreateByMultiplyingByDimensionlessComplexConstant passed
2025-08-19T01:33:40.4842710Z test_SIScalarMultiplyByDimensionlessComplexConstant passed
2025-08-19T01:33:40.4842960Z test_SIScalarCreateByConjugation passed
2025-08-19T01:33:40.4843150Z test_SIScalarConjugate passed
2025-08-19T01:33:40.4843330Z Testing SIScalarShow (output below): 1.23 m
2025-08-19T01:33:40.5100410Z 
2025-08-19T01:33:40.5100750Z test_SIScalarShow passed
2025-08-19T01:33:40.5100940Z test_SIScalarCreateStringValue passed
2025-08-19T01:33:40.5101150Z test_SIScalarCreateNumericStringValue passed
2025-08-19T01:33:40.5101650Z test_SIScalarCreateStringValueForPart passed
2025-08-19T01:33:40.5101890Z test_SIScalarCopyUnitSymbol passed
2025-08-19T01:33:40.5102110Z test_SIScalarCreateStringValueWithFormat passed
2025-08-19T01:33:40.5102380Z test_SIScalarCreateNumericStringValueWithFormat passed
2025-08-19T01:33:40.5102630Z test_SIScalarAddToArrayAsStringValue passed
2025-08-19T01:33:40.5102840Z test_SIScalarIsReal passed
2025-08-19T01:33:40.5103000Z test_SIScalarIsImaginary passed
2025-08-19T01:33:40.5103180Z test_SIScalarIsComplex passed
2025-08-19T01:33:40.5103350Z test_SIScalarIsZero passed
2025-08-19T01:33:40.5103510Z test_SIScalarIsInfinite passed
2025-08-19T01:33:40.5103710Z test_SIScalarIsRealNonNegativeInteger passed
2025-08-19T01:33:40.5103950Z test_SIScalarValidateProposedStringValue passed
2025-08-19T01:33:40.5104160Z test_SIScalarEqual passed
2025-08-19T01:33:40.5104310Z test_SIScalarCompare passed
2025-08-19T01:33:40.5104490Z test_SIScalarCompareReduced passed
2025-08-19T01:33:40.5104680Z test_SIScalarCompareLoose passed
2025-08-19T01:33:40.5104910Z test_SIScalarBestConversionForQuantity passed
2025-08-19T01:33:40.5105340Z test_SIScalarBestConversionForQuantity_large passed
2025-08-19T01:33:40.5105610Z test_SIScalarBestConversionForQuantity_tiny passed
2025-08-19T01:33:40.5105870Z test_SIScalarBestConversionForQuantity_noop passed
2025-08-19T01:33:40.5106510Z test_SIScalarBestConversionForQuantity_zero passed
2025-08-19T01:33:40.5106840Z test_SIScalarBestConversionForQuantity_negative passed
2025-08-19T01:33:40.5107080Z test_SIScalarWriteReadJSON_simple passed
2025-08-19T01:33:40.5107310Z test_SIScalarWriteReadJSON_negative passed
2025-08-19T01:33:40.5107540Z test_SIScalarWriteReadJSON_complex_unit passed
2025-08-19T01:33:40.5107810Z Running test_SIScalarWriteReadJSON_array_and_dictionary...
2025-08-19T01:33:40.5108080Z Serialized SIScalar array: ["42 m","-7 kg","3.14 s"]
2025-08-19T01:33:40.5108420Z Serialized SIScalar dictionary: {"distance":"42 m","mass":"-7 kg","duration":"3.14 s"}
2025-08-19T01:33:40.5108770Z test_SIScalarWriteReadJSON_array_and_dictionary passed
2025-08-19T01:33:40.5108940Z 
2025-08-19T01:33:40.5108990Z 0 test(s) failed
2025-08-19T01:33:40.5109140Z + make install-shared 'CC=ccache clang'
2025-08-19T01:33:40.5109660Z rm build/gen/SIDimensionalityScanner.c build/gen/SIScalarScanner.c build/gen/SIUnitExpressionScanner.c build/gen/SIUnitScanner.c build/gen/SIFormulaScanner.c
2025-08-19T01:33:40.5541470Z mkdir -p build build/obj build/gen build/bin build/lib third_party/lib 
2025-08-19T01:33:40.5556290Z flex -o build/gen/SIDimensionalityScanner.c src/SIDimensionalityScanner.l
2025-08-19T01:33:40.5566370Z OCTypes headers already present. Set OCT_FORCE_FETCH=1 to refresh.
2025-08-19T01:33:40.5567010Z flex -o build/gen/SIFormulaScanner.c src/SIFormulaScanner.l
2025-08-19T01:33:40.5586900Z src/SIDimensionalityScanner.l:24: warning, -s option given but default rule can be matched
2025-08-19T01:33:40.5693180Z flex -o build/gen/SIScalarScanner.c src/SIScalarScanner.l
2025-08-19T01:33:40.5694850Z flex -o build/gen/SIUnitExpressionScanner.c src/SIUnitExpressionScanner.l
2025-08-19T01:33:40.5723960Z src/SIUnitExpressionScanner.l:61: warning, -s option given but default rule can be matched
2025-08-19T01:33:40.5739450Z src/SIScalarScanner.l:168: warning, dangerous trailing context
2025-08-19T01:33:40.5741840Z src/SIScalarScanner.l:168: warning, dangerous trailing context
2025-08-19T01:33:40.5744040Z src/SIScalarScanner.l:173: warning, dangerous trailing context
2025-08-19T01:33:40.5745290Z src/SIScalarScanner.l:163: warning, dangerous trailing context
2025-08-19T01:33:40.5745720Z src/SIScalarScanner.l:168: warning, dangerous trailing context
2025-08-19T01:33:40.5748170Z src/SIScalarScanner.l:163: warning, dangerous trailing context
2025-08-19T01:33:40.5748960Z src/SIScalarScanner.l:98: warning, dangerous trailing context
2025-08-19T01:33:40.5750230Z src/SIScalarScanner.l:98: warning, dangerous trailing context
2025-08-19T01:33:40.5761570Z src/SIScalarScanner.l:98: warning, dangerous trailing context
2025-08-19T01:33:40.5762280Z src/SIScalarScanner.l:168: warning, dangerous trailing context
2025-08-19T01:33:40.5762670Z src/SIScalarScanner.l:188: warning, dangerous trailing context
2025-08-19T01:33:40.5763030Z src/SIScalarScanner.l:98: warning, dangerous trailing context
2025-08-19T01:33:40.5763390Z src/SIScalarScanner.l:98: warning, dangerous trailing context
2025-08-19T01:33:40.5763740Z src/SIScalarScanner.l:188: warning, dangerous trailing context
2025-08-19T01:33:40.5764100Z src/SIScalarScanner.l:98: warning, dangerous trailing context
2025-08-19T01:33:40.5764460Z src/SIScalarScanner.l:98: warning, dangerous trailing context
2025-08-19T01:33:40.5764810Z src/SIScalarScanner.l:98: warning, dangerous trailing context
2025-08-19T01:33:40.5833820Z flex -o build/gen/SIUnitScanner.c src/SIUnitScanner.l
2025-08-19T01:33:40.5900530Z src/SIUnitScanner.l:36: warning, -s option given but default rule can be matched
2025-08-19T01:33:40.5900910Z OCTypes headers ready under third_party/include/OCTypes
2025-08-19T01:33:40.5902610Z ccache clang -I. -Isrc -Ibuild/gen -Ithird_party/include -Ithird_party/include/OCTypes -fPIC -O3 -Wall -Wextra -Wno-sign-compare -Wno-unused-parameter -Wno-missing-field-initializers -Wno-unused-function -MMD -MP -c -o build/obj/SIDimensionalityScanner.o build/gen/SIDimensionalityScanner.c
2025-08-19T01:33:40.5955190Z ccache clang -I. -Isrc -Ibuild/gen -Ithird_party/include -Ithird_party/include/OCTypes -fPIC -O3 -Wall -Wextra -Wno-sign-compare -Wno-unused-parameter -Wno-missing-field-initializers -Wno-unused-function -MMD -MP -c -o build/obj/SIFormulaScanner.o build/gen/SIFormulaScanner.c
2025-08-19T01:33:40.6002530Z ccache clang -I. -Isrc -Ibuild/gen -Ithird_party/include -Ithird_party/include/OCTypes -fPIC -O3 -Wall -Wextra -Wno-sign-compare -Wno-unused-parameter -Wno-missing-field-initializers -Wno-unused-function -MMD -MP -c -o build/obj/SIScalarScanner.o build/gen/SIScalarScanner.c
2025-08-19T01:33:40.6008380Z ccache clang -I. -Isrc -Ibuild/gen -Ithird_party/include -Ithird_party/include/OCTypes -fPIC -O3 -Wall -Wextra -Wno-sign-compare -Wno-unused-parameter -Wno-missing-field-initializers -Wno-unused-function -MMD -MP -c -o build/obj/SIUnitExpressionScanner.o build/gen/SIUnitExpressionScanner.c
2025-08-19T01:33:40.6053990Z ccache clang -I. -Isrc -Ibuild/gen -Ithird_party/include -Ithird_party/include/OCTypes -fPIC -O3 -Wall -Wextra -Wno-sign-compare -Wno-unused-parameter -Wno-missing-field-initializers -Wno-unused-function -MMD -MP -c -o build/obj/SIUnitScanner.o build/gen/SIUnitScanner.c
2025-08-19T01:33:40.6095860Z ar rcs build/lib/libSITypes.a build/obj/SIDimensionality.o build/obj/SIDimensionalityLib.o build/obj/SIQuantity.o build/obj/SIScalar.o build/obj/SIScalarConstants.o build/obj/SIScalarParser.o build/obj/SIScalarParserHelpers.o build/obj/SITypes.o build/obj/SIUnit.o build/obj/SIUnitExpression.o build/obj/SIDimensionalityParser.tab.o build/obj/SIScalarParser.tab.o build/obj/SIUnitExpressionParser.tab.o build/obj/SIUnitParser.tab.o build/obj/SIDimensionalityScanner.o build/obj/SIFormulaScanner.o build/obj/SIScalarScanner.o build/obj/SIUnitExpressionScanner.o build/obj/SIUnitScanner.o
2025-08-19T01:33:40.6245030Z ccache clang -fPIC -O3 -Wall -Wextra -Wno-sign-compare -Wno-unused-parameter -Wno-missing-field-initializers -Wno-unused-function -MMD -MP -dynamiclib -fPIC -install_name @rpath/libSITypes.dylib -current_version 0.1.4 -compatibility_version 0.1 -o build/lib/libSITypes.dylib build/obj/SIDimensionality.o build/obj/SIDimensionalityLib.o build/obj/SIQuantity.o build/obj/SIScalar.o build/obj/SIScalarConstants.o build/obj/SIScalarParser.o build/obj/SIScalarParserHelpers.o build/obj/SITypes.o build/obj/SIUnit.o build/obj/SIUnitExpression.o build/obj/SIDimensionalityParser.tab.o build/obj/SIScalarParser.tab.o build/obj/SIUnitExpressionParser.tab.o build/obj/SIUnitParser.tab.o build/obj/SIDimensionalityScanner.o build/obj/SIFormulaScanner.o build/obj/SIScalarScanner.o build/obj/SIUnitExpressionScanner.o build/obj/SIUnitScanner.o -Lthird_party/lib -lOCTypes -lm
2025-08-19T01:33:40.6670990Z mkdir -p install/lib install/include/SITypes
2025-08-19T01:33:40.6689120Z cp build/lib/libSITypes.a install/lib/
2025-08-19T01:33:40.6713040Z cp build/lib/libSITypes.dylib install/lib/
2025-08-19T01:33:40.6731220Z cp src/*.h install/include/SITypes/
2025-08-19T01:33:40.6887500Z + ccache --show-stats
2025-08-19T01:33:40.6897840Z + test -f install/lib/libSITypes.a
2025-08-19T01:33:40.6898050Z Cacheable calls:    34 /  36 (94.44%)
2025-08-19T01:33:40.6898910Z + '[' macOS = macOS ']'
2025-08-19T01:33:40.6899070Z   Hits:              5 /  34 (14.71%)
2025-08-19T01:33:40.6899370Z + test -f install/lib/libSITypes.dylib
2025-08-19T01:33:40.6899560Z     Direct:          5 /   5 (100.0%)
2025-08-19T01:33:40.6900110Z     Preprocessed:    0 /   5 ( 0.00%)
2025-08-19T01:33:40.6900380Z   Misses:           29 /  34 (85.29%)
2025-08-19T01:33:40.6900650Z Uncacheable calls:   2 /  36 ( 5.56%)
2025-08-19T01:33:40.6900900Z Local storage:
2025-08-19T01:33:40.6901110Z   Cache size (GB): 0.0 / 0.2 ( 0.36%)
2025-08-19T01:33:40.6901370Z   Hits:              5 /  34 (14.71%)
2025-08-19T01:33:40.6901620Z   Misses:           29 /  34 (85.29%)
2025-08-19T01:33:40.6934490Z ##[group]Run actions/upload-artifact@v4
2025-08-19T01:33:40.6934690Z with:
2025-08-19T01:33:40.6934820Z   name: libSITypes-macos-latest
2025-08-19T01:33:40.6935000Z   path: install/lib/libSITypes.*
2025-08-19T01:33:40.6935160Z   compression-level: 9
2025-08-19T01:33:40.6935320Z   if-no-files-found: error
2025-08-19T01:33:40.6935470Z   overwrite: false
2025-08-19T01:33:40.6935600Z   include-hidden-files: false
2025-08-19T01:33:40.6935750Z env:
2025-08-19T01:33:40.6935860Z   MAKEFLAGS: -j2
2025-08-19T01:33:40.6936030Z   CCACHE_BASEDIR: /Users/runner/work/SITypes/SITypes
2025-08-19T01:33:40.6936230Z   CCACHE_COMPRESS: 1
2025-08-19T01:33:40.6936370Z   CCACHE_MAXSIZE: 200M
2025-08-19T01:33:40.6936500Z ##[endgroup]
2025-08-19T01:33:40.8364660Z With the provided path, there will be 2 files uploaded
2025-08-19T01:33:40.8367450Z Artifact name is valid!
2025-08-19T01:33:40.8367840Z Root directory input is valid!
2025-08-19T01:33:41.0546400Z Beginning upload of artifact content to blob storage
2025-08-19T01:33:41.7473640Z Uploaded bytes 502522
2025-08-19T01:33:41.8244240Z Finished uploading artifact content to blob storage!
2025-08-19T01:33:41.8252550Z SHA256 digest of uploaded artifact zip is bc4f267aa511b032b6964a33477d1337a5621691143aea25cfa61f67b809ead5
2025-08-19T01:33:41.8256700Z Finalizing artifact upload
2025-08-19T01:33:41.9513750Z Artifact libSITypes-macos-latest.zip successfully finalized. Artifact ID 3794202712
2025-08-19T01:33:41.9516600Z Artifact libSITypes-macos-latest has been successfully uploaded! Final size is 502522 bytes. Artifact ID is 3794202712
2025-08-19T01:33:41.9538440Z Artifact download URL: https://github.com/pjgrandinetti/SITypes/actions/runs/17057074732/artifacts/3794202712
2025-08-19T01:33:42.0423770Z Post job cleanup.
2025-08-19T01:33:42.1463130Z [command]/opt/homebrew/bin/gtar --posix -cf cache.tzst --exclude cache.tzst -P -C /Users/runner/work/SITypes/SITypes --files-from manifest.txt --delay-directory-restore --use-compress-program zstdmt
2025-08-19T01:33:42.7120260Z Sent 719610 of 719610 (100.0%), 1.7 MBs/sec
2025-08-19T01:33:42.8266010Z Cache saved with key: tp-macOS-142a9a7b4a2fdcd82f23c23679e92dd166c7c9337f7a756411286840109b85d4
2025-08-19T01:33:42.9535090Z Post job cleanup.
2025-08-19T01:33:43.0483000Z [warning]Path Validation Error: Path(s) specified in the action for caching do(es) not exist, hence no cache is being saved.
2025-08-19T01:33:43.0538040Z Post job cleanup.
2025-08-19T01:33:43.1168930Z [command]/opt/homebrew/bin/git version
2025-08-19T01:33:43.1207410Z git version 2.50.1
2025-08-19T01:33:43.1222660Z Copying '/Users/runner/.gitconfig' to '/Users/runner/work/_temp/3c9e4a53-64a0-4416-bb01-225649e82299/.gitconfig'
2025-08-19T01:33:43.1227880Z Temporarily overriding HOME='/Users/runner/work/_temp/3c9e4a53-64a0-4416-bb01-225649e82299' before making global git config changes
2025-08-19T01:33:43.1228500Z Adding repository directory to the temporary git global config as a safe directory
2025-08-19T01:33:43.1230450Z [command]/opt/homebrew/bin/git config --global --add safe.directory /Users/runner/work/SITypes/SITypes
2025-08-19T01:33:43.1269030Z [command]/opt/homebrew/bin/git config --local --name-only --get-regexp core\.sshCommand
2025-08-19T01:33:43.1304480Z [command]/opt/homebrew/bin/git submodule foreach --recursive sh -c "git config --local --name-only --get-regexp 'core\.sshCommand' && git config --local --unset-all 'core.sshCommand' || :"
2025-08-19T01:33:43.1740150Z [command]/opt/homebrew/bin/git config --local --name-only --get-regexp http\.https\:\/\/github\.com\/\.extraheader
2025-08-19T01:33:43.1769790Z http.https://github.com/.extraheader
2025-08-19T01:33:43.1775140Z [command]/opt/homebrew/bin/git config --local --unset-all http.https://github.com/.extraheader
2025-08-19T01:33:43.1811720Z [command]/opt/homebrew/bin/git submodule foreach --recursive sh -c "git config --local --name-only --get-regexp 'http\.https\:\/\/github\.com\/\.extraheader' && git config --local --unset-all 'http.https://github.com/.extraheader' || :"
2025-08-19T01:33:43.2291540Z Cleaning up orphan processes
