2025-08-19T01:33:16.5260025Z Current runner version: '2.327.1'
2025-08-19T01:33:16.5294740Z ##[group]Runner Image Provisioner
2025-08-19T01:33:16.5296087Z Hosted Compute Agent
2025-08-19T01:33:16.5296970Z Version: 20250818.377
2025-08-19T01:33:16.5297825Z Commit: 3c593e9f75fe0b87e893bca80d6e12ba089c61fc
2025-08-19T01:33:16.5299032Z Build Date: 2025-08-18T14:52:18Z
2025-08-19T01:33:16.5299937Z ##[endgroup]
2025-08-19T01:33:16.5300740Z ##[group]Operating System
2025-08-19T01:33:16.5301750Z Ubuntu
2025-08-19T01:33:16.5302441Z 24.04.2
2025-08-19T01:33:16.5303166Z LTS
2025-08-19T01:33:16.5303953Z ##[endgroup]
2025-08-19T01:33:16.5305184Z ##[group]Runner Image
2025-08-19T01:33:16.5306041Z Image: ubuntu-24.04
2025-08-19T01:33:16.5306963Z Version: 20250810.1.0
2025-08-19T01:33:16.5308655Z Included Software: https://github.com/actions/runner-images/blob/ubuntu24/20250810.1/images/ubuntu/Ubuntu2404-Readme.md
2025-08-19T01:33:16.5311137Z Image Release: https://github.com/actions/runner-images/releases/tag/ubuntu24%2F20250810.1
2025-08-19T01:33:16.5312822Z ##[endgroup]
2025-08-19T01:33:16.5317765Z ##[group]GITHUB_TOKEN Permissions
2025-08-19T01:33:16.5321204Z Actions: write
2025-08-19T01:33:16.5322103Z Attestations: write
2025-08-19T01:33:16.5322855Z Checks: write
2025-08-19T01:33:16.5323779Z Contents: write
2025-08-19T01:33:16.5324802Z Deployments: write
2025-08-19T01:33:16.5325629Z Discussions: write
2025-08-19T01:33:16.5326732Z Issues: write
2025-08-19T01:33:16.5327553Z Metadata: read
2025-08-19T01:33:16.5328407Z Models: read
2025-08-19T01:33:16.5329407Z Packages: write
2025-08-19T01:33:16.5330252Z Pages: write
2025-08-19T01:33:16.5331032Z PullRequests: write
2025-08-19T01:33:16.5332108Z RepositoryProjects: write
2025-08-19T01:33:16.5333017Z SecurityEvents: write
2025-08-19T01:33:16.5334177Z Statuses: write
2025-08-19T01:33:16.5335488Z ##[endgroup]
2025-08-19T01:33:16.5338767Z Secret source: Actions
2025-08-19T01:33:16.5340167Z Prepare workflow directory
2025-08-19T01:33:16.5870103Z Prepare all required actions
2025-08-19T01:33:16.5908355Z Getting action download info
2025-08-19T01:33:17.0176472Z Download action repository 'actions/checkout@v5' (SHA:08c6903cd8c0fde910a37f88322edcfb5dd907a8)
2025-08-19T01:33:17.5043615Z Download action repository 'msys2/setup-msys2@v2' (SHA:40677d36a502eb2cf0fb808cc9dec31bf6152638)
2025-08-19T01:33:17.8491861Z Download action repository 'actions/cache@v4' (SHA:0400d5f644dc74513175e3cd8d07132dd4860809)
2025-08-19T01:33:18.3299482Z Download action repository 'actions/upload-artifact@v4' (SHA:ea165f8d65b6e75b540449e92b4886f43607fa02)
2025-08-19T01:33:18.6477599Z Complete job name: Build & Test (ubuntu-latest.x64)
2025-08-19T01:33:18.7241389Z ##[group]Run actions/checkout@v5
2025-08-19T01:33:18.7242665Z with:
2025-08-19T01:33:18.7243374Z   fetch-depth: 0
2025-08-19T01:33:18.7244187Z   repository: pjgrandinetti/SITypes
2025-08-19T01:33:18.7245655Z   token: ***
2025-08-19T01:33:18.7246387Z   ssh-strict: true
2025-08-19T01:33:18.7247152Z   ssh-user: git
2025-08-19T01:33:18.7247933Z   persist-credentials: true
2025-08-19T01:33:18.7248825Z   clean: true
2025-08-19T01:33:18.7249613Z   sparse-checkout-cone-mode: true
2025-08-19T01:33:18.7250561Z   fetch-tags: false
2025-08-19T01:33:18.7251338Z   show-progress: true
2025-08-19T01:33:18.7252112Z   lfs: false
2025-08-19T01:33:18.7252829Z   submodules: false
2025-08-19T01:33:18.7253608Z   set-safe-directory: true
2025-08-19T01:33:18.7254830Z env:
2025-08-19T01:33:18.7255574Z   MAKEFLAGS: -j2
2025-08-19T01:33:18.7256464Z   CCACHE_BASEDIR: /home/runner/work/SITypes/SITypes
2025-08-19T01:33:18.7257562Z   CCACHE_COMPRESS: 1
2025-08-19T01:33:18.7258353Z   CCACHE_MAXSIZE: 200M
2025-08-19T01:33:18.7259190Z ##[endgroup]
2025-08-19T01:33:18.8150341Z Syncing repository: pjgrandinetti/SITypes
2025-08-19T01:33:18.8152887Z ##[group]Getting Git version info
2025-08-19T01:33:18.8154157Z Working directory is '/home/runner/work/SITypes/SITypes'
2025-08-19T01:33:18.8156154Z [command]/usr/bin/git version
2025-08-19T01:33:18.8163789Z git version 2.50.1
2025-08-19T01:33:18.8184153Z ##[endgroup]
2025-08-19T01:33:18.8199005Z Temporarily overriding HOME='/home/runner/work/_temp/ccbdbf2a-0e85-46b9-a64f-6564eca4e30f' before making global git config changes
2025-08-19T01:33:18.8201692Z Adding repository directory to the temporary git global config as a safe directory
2025-08-19T01:33:18.8204184Z [command]/usr/bin/git config --global --add safe.directory /home/runner/work/SITypes/SITypes
2025-08-19T01:33:18.8239221Z Deleting the contents of '/home/runner/work/SITypes/SITypes'
2025-08-19T01:33:18.8242683Z ##[group]Initializing the repository
2025-08-19T01:33:18.8247726Z [command]/usr/bin/git init /home/runner/work/SITypes/SITypes
2025-08-19T01:33:18.8301016Z hint: Using 'master' as the name for the initial branch. This default branch name
2025-08-19T01:33:18.8304056Z hint: is subject to change. To configure the initial branch name to use in all
2025-08-19T01:33:18.8306818Z hint: of your new repositories, which will suppress this warning, call:
2025-08-19T01:33:18.8309087Z hint:
2025-08-19T01:33:18.8310094Z hint: 	git config --global init.defaultBranch <name>
2025-08-19T01:33:18.8311628Z hint:
2025-08-19T01:33:18.8313405Z hint: Names commonly chosen instead of 'master' are 'main', 'trunk' and
2025-08-19T01:33:18.8316148Z hint: 'development'. The just-created branch can be renamed via this command:
2025-08-19T01:33:18.8317669Z hint:
2025-08-19T01:33:18.8318561Z hint: 	git branch -m <name>
2025-08-19T01:33:18.8319463Z hint:
2025-08-19T01:33:18.8320671Z hint: Disable this message with "git config set advice.defaultBranchName false"
2025-08-19T01:33:18.8322608Z Initialized empty Git repository in /home/runner/work/SITypes/SITypes/.git/
2025-08-19T01:33:18.8326081Z [command]/usr/bin/git remote add origin https://github.com/pjgrandinetti/SITypes
2025-08-19T01:33:18.8346491Z ##[endgroup]
2025-08-19T01:33:18.8348533Z ##[group]Disabling automatic garbage collection
2025-08-19T01:33:18.8350577Z [command]/usr/bin/git config --local gc.auto 0
2025-08-19T01:33:18.8379692Z ##[endgroup]
2025-08-19T01:33:18.8381100Z ##[group]Setting up auth
2025-08-19T01:33:18.8384700Z [command]/usr/bin/git config --local --name-only --get-regexp core\.sshCommand
2025-08-19T01:33:18.8414963Z [command]/usr/bin/git submodule foreach --recursive sh -c "git config --local --name-only --get-regexp 'core\.sshCommand' && git config --local --unset-all 'core.sshCommand' || :"
2025-08-19T01:33:18.8663796Z [command]/usr/bin/git config --local --name-only --get-regexp http\.https\:\/\/github\.com\/\.extraheader
2025-08-19T01:33:18.8693304Z [command]/usr/bin/git submodule foreach --recursive sh -c "git config --local --name-only --get-regexp 'http\.https\:\/\/github\.com\/\.extraheader' && git config --local --unset-all 'http.https://github.com/.extraheader' || :"
2025-08-19T01:33:18.8909639Z [command]/usr/bin/git config --local http.https://github.com/.extraheader AUTHORIZATION: basic ***
2025-08-19T01:33:18.8945095Z ##[endgroup]
2025-08-19T01:33:18.8947502Z ##[group]Fetching the repository
2025-08-19T01:33:18.8957207Z [command]/usr/bin/git -c protocol.version=2 fetch --prune --no-recurse-submodules origin +refs/heads/*:refs/remotes/origin/* +refs/tags/*:refs/tags/*
2025-08-19T01:33:19.5671257Z From https://github.com/pjgrandinetti/SITypes
2025-08-19T01:33:19.5673334Z  * [new branch]      master     -> origin/master
2025-08-19T01:33:19.5674183Z  * [new tag]         v0.1.0     -> v0.1.0
2025-08-19T01:33:19.5675427Z  * [new tag]         v0.1.1     -> v0.1.1
2025-08-19T01:33:19.5676410Z  * [new tag]         v0.1.2     -> v0.1.2
2025-08-19T01:33:19.5677200Z  * [new tag]         v0.1.3     -> v0.1.3
2025-08-19T01:33:19.5677621Z  * [new tag]         v0.1.4     -> v0.1.4
2025-08-19T01:33:19.5715780Z [command]/usr/bin/git branch --list --remote origin/master
2025-08-19T01:33:19.5738668Z   origin/master
2025-08-19T01:33:19.5748250Z [command]/usr/bin/git rev-parse refs/remotes/origin/master
2025-08-19T01:33:19.5769503Z 4c33d1cd457cf34ca10f585bd2bbe39c9e142b52
2025-08-19T01:33:19.5774720Z ##[endgroup]
2025-08-19T01:33:19.5775934Z ##[group]Determining the checkout info
2025-08-19T01:33:19.5777405Z ##[endgroup]
2025-08-19T01:33:19.5780995Z [command]/usr/bin/git sparse-checkout disable
2025-08-19T01:33:19.5817560Z [command]/usr/bin/git config --local --unset-all extensions.worktreeConfig
2025-08-19T01:33:19.5843993Z ##[group]Checking out the ref
2025-08-19T01:33:19.5848424Z [command]/usr/bin/git checkout --progress --force -B master refs/remotes/origin/master
2025-08-19T01:33:19.5984833Z Reset branch 'master'
2025-08-19T01:33:19.5987638Z branch 'master' set up to track 'origin/master'.
2025-08-19T01:33:19.5995116Z ##[endgroup]
2025-08-19T01:33:19.6030896Z [command]/usr/bin/git log -1 --format=%H
2025-08-19T01:33:19.6059693Z 4c33d1cd457cf34ca10f585bd2bbe39c9e142b52
2025-08-19T01:33:19.6259641Z ##[group]Run sudo apt-get update
2025-08-19T01:33:19.6260219Z [36;1msudo apt-get update[0m
2025-08-19T01:33:19.6260693Z [36;1msudo apt-get install -y clang make flex bison unzip ccache[0m
2025-08-19T01:33:19.6330718Z shell: /usr/bin/bash -e {0}
2025-08-19T01:33:19.6331158Z env:
2025-08-19T01:33:19.6331451Z   MAKEFLAGS: -j2
2025-08-19T01:33:19.6331921Z   CCACHE_BASEDIR: /home/runner/work/SITypes/SITypes
2025-08-19T01:33:19.6332295Z   CCACHE_COMPRESS: 1
2025-08-19T01:33:19.6332654Z   CCACHE_MAXSIZE: 200M
2025-08-19T01:33:19.6333041Z ##[endgroup]
2025-08-19T01:33:19.7624215Z Get:1 file:/etc/apt/apt-mirrors.txt Mirrorlist [144 B]
2025-08-19T01:33:19.8090909Z Hit:2 http://azure.archive.ubuntu.com/ubuntu noble InRelease
2025-08-19T01:33:19.8101222Z Hit:6 https://packages.microsoft.com/repos/azure-cli noble InRelease
2025-08-19T01:33:19.8110325Z Get:3 http://azure.archive.ubuntu.com/ubuntu noble-updates InRelease [126 kB]
2025-08-19T01:33:19.8208106Z Get:4 http://azure.archive.ubuntu.com/ubuntu noble-backports InRelease [126 kB]
2025-08-19T01:33:19.8284897Z Get:5 http://azure.archive.ubuntu.com/ubuntu noble-security InRelease [126 kB]
2025-08-19T01:33:19.8362251Z Get:7 https://packages.microsoft.com/ubuntu/24.04/prod noble InRelease [3600 B]
2025-08-19T01:33:20.1914116Z Get:8 http://azure.archive.ubuntu.com/ubuntu noble-updates/main amd64 Packages [1335 kB]
2025-08-19T01:33:20.2131044Z Get:9 http://azure.archive.ubuntu.com/ubuntu noble-updates/main Translation-en [267 kB]
2025-08-19T01:33:20.2141312Z Get:10 http://azure.archive.ubuntu.com/ubuntu noble-updates/main amd64 Components [175 kB]
2025-08-19T01:33:20.2167515Z Get:11 http://azure.archive.ubuntu.com/ubuntu noble-updates/universe amd64 Packages [1121 kB]
2025-08-19T01:33:20.2277802Z Get:12 http://azure.archive.ubuntu.com/ubuntu noble-updates/universe Translation-en [288 kB]
2025-08-19T01:33:20.2290864Z Get:13 http://azure.archive.ubuntu.com/ubuntu noble-updates/universe amd64 Components [377 kB]
2025-08-19T01:33:20.2321374Z Get:14 http://azure.archive.ubuntu.com/ubuntu noble-updates/restricted amd64 Packages [1694 kB]
2025-08-19T01:33:20.2542592Z Get:15 http://azure.archive.ubuntu.com/ubuntu noble-updates/restricted Translation-en [374 kB]
2025-08-19T01:33:20.2552629Z Get:16 http://azure.archive.ubuntu.com/ubuntu noble-updates/restricted amd64 Components [212 B]
2025-08-19T01:33:20.2555827Z Get:17 http://azure.archive.ubuntu.com/ubuntu noble-updates/multiverse amd64 Components [940 B]
2025-08-19T01:33:20.3066745Z Get:18 http://azure.archive.ubuntu.com/ubuntu noble-backports/main amd64 Components [7068 B]
2025-08-19T01:33:20.3079433Z Get:19 http://azure.archive.ubuntu.com/ubuntu noble-backports/universe amd64 Packages [30.2 kB]
2025-08-19T01:33:20.3091242Z Get:20 http://azure.archive.ubuntu.com/ubuntu noble-backports/universe Translation-en [17.4 kB]
2025-08-19T01:33:20.3105022Z Get:21 http://azure.archive.ubuntu.com/ubuntu noble-backports/universe amd64 Components [19.2 kB]
2025-08-19T01:33:20.3116067Z Get:22 http://azure.archive.ubuntu.com/ubuntu noble-backports/restricted amd64 Components [212 B]
2025-08-19T01:33:20.3126369Z Get:23 http://azure.archive.ubuntu.com/ubuntu noble-backports/multiverse amd64 Components [212 B]
2025-08-19T01:33:20.3137216Z Get:24 http://azure.archive.ubuntu.com/ubuntu noble-security/main amd64 Packages [1075 kB]
2025-08-19T01:33:20.3217677Z Get:25 http://azure.archive.ubuntu.com/ubuntu noble-security/main Translation-en [186 kB]
2025-08-19T01:33:20.3232623Z Get:26 http://azure.archive.ubuntu.com/ubuntu noble-security/main amd64 Components [21.6 kB]
2025-08-19T01:33:20.3242049Z Get:27 http://azure.archive.ubuntu.com/ubuntu noble-security/universe amd64 Packages [879 kB]
2025-08-19T01:33:20.3301801Z Get:28 http://azure.archive.ubuntu.com/ubuntu noble-security/universe Translation-en [195 kB]
2025-08-19T01:33:20.3333933Z Get:29 http://azure.archive.ubuntu.com/ubuntu noble-security/universe amd64 Components [52.2 kB]
2025-08-19T01:33:20.3346856Z Get:30 http://azure.archive.ubuntu.com/ubuntu noble-security/restricted amd64 Packages [1610 kB]
2025-08-19T01:33:20.3446295Z Get:31 http://azure.archive.ubuntu.com/ubuntu noble-security/restricted Translation-en [357 kB]
2025-08-19T01:33:20.3778821Z Get:34 https://packages.microsoft.com/ubuntu/24.04/prod noble/main amd64 Packages [47.9 kB]
2025-08-19T01:33:20.3852884Z Get:35 https://packages.microsoft.com/ubuntu/24.04/prod noble/main arm64 Packages [33.1 kB]
2025-08-19T01:33:20.3896528Z Get:32 http://azure.archive.ubuntu.com/ubuntu noble-security/restricted amd64 Components [212 B]
2025-08-19T01:33:20.3906940Z Get:33 http://azure.archive.ubuntu.com/ubuntu noble-security/multiverse amd64 Components [212 B]
2025-08-19T01:33:30.2998406Z Fetched 10.5 MB in 2s (6897 kB/s)
2025-08-19T01:33:30.9852721Z Reading package lists...
2025-08-19T01:33:31.0172234Z Reading package lists...
2025-08-19T01:33:31.1900396Z Building dependency tree...
2025-08-19T01:33:31.1908012Z Reading state information...
2025-08-19T01:33:31.3458904Z make is already the newest version (4.3-4.1build2).
2025-08-19T01:33:31.3459832Z flex is already the newest version (2.6.4-8.2build1).
2025-08-19T01:33:31.3460467Z bison is already the newest version (2:3.8.2+dfsg-1build2).
2025-08-19T01:33:31.3461091Z unzip is already the newest version (6.0-28ubuntu4.1).
2025-08-19T01:33:31.3461679Z The following additional packages will be installed:
2025-08-19T01:33:31.3463289Z   libhiredis1.1.0
2025-08-19T01:33:31.3469500Z Suggested packages:
2025-08-19T01:33:31.3469836Z   distcc | icecc
2025-08-19T01:33:31.3815385Z The following NEW packages will be installed:
2025-08-19T01:33:31.3824685Z   ccache clang libhiredis1.1.0
2025-08-19T01:33:31.4006845Z 0 upgraded, 3 newly installed, 0 to remove and 39 not upgraded.
2025-08-19T01:33:31.4007532Z Need to get 639 kB of archives.
2025-08-19T01:33:31.4007999Z After this operation, 1777 kB of additional disk space will be used.
2025-08-19T01:33:31.4008426Z Get:1 file:/etc/apt/apt-mirrors.txt Mirrorlist [144 B]
2025-08-19T01:33:31.4554469Z Get:2 http://azure.archive.ubuntu.com/ubuntu noble/universe amd64 libhiredis1.1.0 amd64 1.2.0-6ubuntu3 [41.4 kB]
2025-08-19T01:33:31.4875710Z Get:3 http://azure.archive.ubuntu.com/ubuntu noble/universe amd64 ccache amd64 4.9.1-1 [592 kB]
2025-08-19T01:33:31.5291676Z Get:4 http://azure.archive.ubuntu.com/ubuntu noble/universe amd64 clang amd64 1:18.0-59~exp2 [5846 B]
2025-08-19T01:33:31.8035323Z Fetched 639 kB in 0s (4595 kB/s)
2025-08-19T01:33:31.8371300Z Selecting previously unselected package libhiredis1.1.0:amd64.
2025-08-19T01:33:31.9540643Z (Reading database ... 
2025-08-19T01:33:31.9541392Z (Reading database ... 5%
2025-08-19T01:33:31.9541866Z (Reading database ... 10%
2025-08-19T01:33:31.9542334Z (Reading database ... 15%
2025-08-19T01:33:31.9542789Z (Reading database ... 20%
2025-08-19T01:33:31.9543358Z (Reading database ... 25%
2025-08-19T01:33:31.9543815Z (Reading database ... 30%
2025-08-19T01:33:31.9544091Z (Reading database ... 35%
2025-08-19T01:33:31.9544614Z (Reading database ... 40%
2025-08-19T01:33:31.9544887Z (Reading database ... 45%
2025-08-19T01:33:31.9545172Z (Reading database ... 50%
2025-08-19T01:33:32.1623941Z (Reading database ... 55%
2025-08-19T01:33:32.3829293Z (Reading database ... 60%
2025-08-19T01:33:32.6314645Z (Reading database ... 65%
2025-08-19T01:33:32.8705491Z (Reading database ... 70%
2025-08-19T01:33:32.9578649Z (Reading database ... 75%
2025-08-19T01:33:33.5284158Z (Reading database ... 80%
2025-08-19T01:33:34.6634847Z (Reading database ... 85%
2025-08-19T01:33:35.4919412Z (Reading database ... 90%
2025-08-19T01:33:36.2127225Z (Reading database ... 95%
2025-08-19T01:33:36.2127757Z (Reading database ... 100%
2025-08-19T01:33:36.2128258Z (Reading database ... 219881 files and directories currently installed.)
2025-08-19T01:33:36.2176977Z Preparing to unpack .../libhiredis1.1.0_1.2.0-6ubuntu3_amd64.deb ...
2025-08-19T01:33:36.2215336Z Unpacking libhiredis1.1.0:amd64 (1.2.0-6ubuntu3) ...
2025-08-19T01:33:36.2449397Z Selecting previously unselected package ccache.
2025-08-19T01:33:36.2619094Z Preparing to unpack .../ccache_4.9.1-1_amd64.deb ...
2025-08-19T01:33:36.2630523Z Unpacking ccache (4.9.1-1) ...
2025-08-19T01:33:36.3514474Z Selecting previously unselected package clang.
2025-08-19T01:33:36.3651029Z Preparing to unpack .../clang_1%3a18.0-59~exp2_amd64.deb ...
2025-08-19T01:33:36.3660603Z Unpacking clang (1:18.0-59~exp2) ...
2025-08-19T01:33:36.4082218Z Setting up clang (1:18.0-59~exp2) ...
2025-08-19T01:33:36.4586681Z Setting up libhiredis1.1.0:amd64 (1.2.0-6ubuntu3) ...
2025-08-19T01:33:36.4611059Z Setting up ccache (4.9.1-1) ...
2025-08-19T01:33:36.4636829Z Updating symlinks in /usr/lib/ccache ...
2025-08-19T01:33:36.4829889Z Processing triggers for libc-bin (2.39-0ubuntu8.5) ...
2025-08-19T01:33:39.1432374Z Processing triggers for man-db (2.12.0-4build2) ...
2025-08-19T01:34:24.1372739Z 
2025-08-19T01:34:24.1373383Z Running kernel seems to be up-to-date.
2025-08-19T01:34:24.1373694Z 
2025-08-19T01:34:24.1373806Z Restarting services...
2025-08-19T01:34:24.1442861Z 
2025-08-19T01:34:24.1443121Z Service restarts being deferred:
2025-08-19T01:34:24.1444830Z  systemctl restart hosted-compute-agent.service
2025-08-19T01:34:24.1445139Z 
2025-08-19T01:34:24.1445478Z No containers need to be restarted.
2025-08-19T01:34:24.1445798Z 
2025-08-19T01:34:24.1445992Z No user sessions are running outdated binaries.
2025-08-19T01:34:24.1446313Z 
2025-08-19T01:34:24.1446613Z No VM guests are running outdated hypervisor (qemu) binaries on this host.
2025-08-19T01:34:25.0853161Z ##[group]Run actions/cache@v4
2025-08-19T01:34:25.0853416Z with:
2025-08-19T01:34:25.0853641Z   path: ~/.ccache
C:\msys64\home\runneradmin\.ccache

2025-08-19T01:34:25.0854073Z   key: ccache-Linux-0176d3c0a70f8a5aaf9b474236b615d84fc447e76458c8e4f17e564635734361
2025-08-19T01:34:25.0854906Z   restore-keys: ccache-Linux-

2025-08-19T01:34:25.0855147Z   enableCrossOsArchive: false
2025-08-19T01:34:25.0855374Z   fail-on-cache-miss: false
2025-08-19T01:34:25.0855586Z   lookup-only: false
2025-08-19T01:34:25.0855771Z   save-always: false
2025-08-19T01:34:25.0855962Z env:
2025-08-19T01:34:25.0856125Z   MAKEFLAGS: -j2
2025-08-19T01:34:25.0856355Z   CCACHE_BASEDIR: /home/runner/work/SITypes/SITypes
2025-08-19T01:34:25.0856624Z   CCACHE_COMPRESS: 1
2025-08-19T01:34:25.0856812Z   CCACHE_MAXSIZE: 200M
2025-08-19T01:34:25.0856996Z ##[endgroup]
2025-08-19T01:34:25.3439822Z Cache not found for input keys: ccache-Linux-0176d3c0a70f8a5aaf9b474236b615d84fc447e76458c8e4f17e564635734361, ccache-Linux-
2025-08-19T01:34:25.4072009Z ##[group]Run actions/cache@v4
2025-08-19T01:34:25.4072294Z with:
2025-08-19T01:34:25.4072496Z   path: third_party
2025-08-19T01:34:25.4072896Z   key: tp-Linux-142a9a7b4a2fdcd82f23c23679e92dd166c7c9337f7a756411286840109b85d4
2025-08-19T01:34:25.4073372Z   restore-keys: tp-Linux-

2025-08-19T01:34:25.4073631Z   enableCrossOsArchive: false
2025-08-19T01:34:25.4073901Z   fail-on-cache-miss: false
2025-08-19T01:34:25.4074156Z   lookup-only: false
2025-08-19T01:34:25.4074890Z   save-always: false
2025-08-19T01:34:25.4075094Z env:
2025-08-19T01:34:25.4075255Z   MAKEFLAGS: -j2
2025-08-19T01:34:25.4075488Z   CCACHE_BASEDIR: /home/runner/work/SITypes/SITypes
2025-08-19T01:34:25.4075764Z   CCACHE_COMPRESS: 1
2025-08-19T01:34:25.4075954Z   CCACHE_MAXSIZE: 200M
2025-08-19T01:34:25.4076141Z ##[endgroup]
2025-08-19T01:34:25.6553056Z Cache hit for restore-key: tp-Linux-738c4654e1c05609b547a41f504b5fc4e0d5e0aeb2ea7e8c88ad855dfcce0e65
2025-08-19T01:34:26.0104728Z Received 968454 of 968454 (100.0%), 4.2 MBs/sec
2025-08-19T01:34:26.0105979Z Cache Size: ~1 MB (968454 B)
2025-08-19T01:34:26.0134508Z [command]/usr/bin/tar -xf /home/runner/work/_temp/01bf28e5-ea0b-45ca-ad19-99dd84e4868f/cache.tzst -P -C /home/runner/work/SITypes/SITypes --use-compress-program unzstd
2025-08-19T01:34:26.0342023Z Cache restored successfully
2025-08-19T01:34:26.0422571Z Cache restored from key: tp-Linux-738c4654e1c05609b547a41f504b5fc4e0d5e0aeb2ea7e8c88ad855dfcce0e65
2025-08-19T01:34:26.0505761Z ##[group]Run set -euxo pipefail
2025-08-19T01:34:26.0506081Z [36;1mset -euxo pipefail[0m
2025-08-19T01:34:26.0506341Z [36;1mccache --zero-stats || true[0m
2025-08-19T01:34:26.0506589Z [36;1mmake clean[0m
2025-08-19T01:34:26.0506794Z [36;1mmake octypes[0m
2025-08-19T01:34:26.0507006Z [36;1mmake test CC="ccache clang"[0m
2025-08-19T01:34:26.0507281Z [36;1mmake install-shared CC="ccache clang"[0m
2025-08-19T01:34:26.0507553Z [36;1mccache --show-stats || true[0m
2025-08-19T01:34:26.0507803Z [36;1m# Verify libs[0m
2025-08-19T01:34:26.0508037Z [36;1mtest -f install/lib/libSITypes.a[0m
2025-08-19T01:34:26.0508311Z [36;1mif [ "$RUNNER_OS" = "macOS" ]; then[0m
2025-08-19T01:34:26.0508585Z [36;1m  test -f install/lib/libSITypes.dylib[0m
2025-08-19T01:34:26.0508845Z [36;1melse[0m
2025-08-19T01:34:26.0509054Z [36;1m  test -f install/lib/libSITypes.so[0m
2025-08-19T01:34:26.0509298Z [36;1mfi[0m
2025-08-19T01:34:26.0549136Z shell: /usr/bin/bash -e {0}
2025-08-19T01:34:26.0549406Z env:
2025-08-19T01:34:26.0549579Z   MAKEFLAGS: -j2
2025-08-19T01:34:26.0549823Z   CCACHE_BASEDIR: /home/runner/work/SITypes/SITypes
2025-08-19T01:34:26.0550120Z   CCACHE_COMPRESS: 1
2025-08-19T01:34:26.0550333Z   CCACHE_MAXSIZE: 200M
2025-08-19T01:34:26.0550532Z ##[endgroup]
2025-08-19T01:34:26.0608407Z + ccache --zero-stats
2025-08-19T01:34:26.1254626Z Statistics zeroed
2025-08-19T01:34:26.1258336Z + make clean
2025-08-19T01:34:26.1638383Z rm -f -r build runTests runTests.asan runTests.debug *.dSYM
2025-08-19T01:34:26.1652938Z rm -f *.tab.* *Scanner.c *.d core.*
2025-08-19T01:34:26.1667605Z rm -f -rf docs/doxygen docs/_build docs/html build-xcode install
2025-08-19T01:34:26.1675900Z rm -f -r lib  # Remove old lib directory if it exists
2025-08-19T01:34:26.1689922Z rm -f rebuild.log
2025-08-19T01:34:26.1700480Z + make octypes
2025-08-19T01:34:26.1888567Z OCTypes library already present. Set OCT_FORCE_FETCH=1 to refresh.
2025-08-19T01:34:26.1890926Z OCTypes headers already present. Set OCT_FORCE_FETCH=1 to refresh.
2025-08-19T01:34:26.1896417Z OCTypes lib ready at third_party/lib/libOCTypes.a
2025-08-19T01:34:26.1898884Z OCTypes headers ready under third_party/include/OCTypes
2025-08-19T01:34:26.1902383Z + make test 'CC=ccache clang'
2025-08-19T01:34:26.2090264Z OCTypes library already present. Set OCT_FORCE_FETCH=1 to refresh.
2025-08-19T01:34:26.2091157Z mkdir -p build build/obj build/gen build/bin build/lib third_party/lib 
2025-08-19T01:34:26.2093057Z OCTypes headers already present. Set OCT_FORCE_FETCH=1 to refresh.
2025-08-19T01:34:26.2106466Z OCTypes lib ready at third_party/lib/libOCTypes.a
2025-08-19T01:34:26.2108193Z bison -d --defines=build/gen/SIDimensionalityParser.tab.h -o build/gen/SIDimensionalityParser.tab.c src/SIDimensionalityParser.y
2025-08-19T01:34:26.2110502Z OCTypes headers ready under third_party/include/OCTypes
2025-08-19T01:34:26.2330577Z bison -d --defines=build/gen/SIScalarParser.tab.h -o build/gen/SIScalarParser.tab.c src/SIScalarParser.y
2025-08-19T01:34:26.3284087Z src/SIScalarParser.ysrc/SIDimensionalityParser.y:13.1-18: :14warning:.1 -18deprecated directive: ‘%name-prefix="sid"’, use ‘%define api.prefix {sid}’:  [warning: deprecated directive: ‘%name-prefix="sis"’, use ‘%define api.prefix {sis}’ [-Wdeprecated]
2025-08-19T01:34:26.3286479Z -Wdeprecated]
2025-08-19T01:34:26.3287277Z    14 | %   13 | n%anmaem-ep-rperfeifxi=x"=s"issi"d
2025-08-19T01:34:26.3287948Z "
2025-08-19T01:34:26.3288479Z       | ^      | ~^~~~~~~~~~~~~~~~~~~~~~~~~~~~~~~~~
2025-08-19T01:34:26.3289453Z ~
2025-08-19T01:34:26.3289768Z       | %define api.prefix {sis}      | 
2025-08-19T01:34:26.3290214Z %define api.prefix {sid}
2025-08-19T01:34:26.3290775Z src/SIScalarParser.y: warning: 1 shift/reduce conflict [-Wconflicts-sr]
2025-08-19T01:34:26.3291730Z src/SIScalarParser.y: note: rerun with option '-Wcounterexamples' to generate conflict counterexamples
2025-08-19T01:34:26.6373118Z src/SIDimensionalityParser.y: warning: fix-its can be applied.  Rerun with option '--update'. [-Wother]
2025-08-19T01:34:26.6376583Z bison -d --defines=build/gen/SIUnitExpressionParser.tab.h -o build/gen/SIUnitExpressionParser.tab.c src/SIUnitExpressionParser.y
2025-08-19T01:34:26.6387796Z src/SIUnitExpressionParser.y:15.1-19: warning: deprecated directive: ‘%name-prefix="siue"’, use ‘%define api.prefix {siue}’ [-Wdeprecated]
2025-08-19T01:34:26.6388926Z    15 | %name-prefix="siue"
2025-08-19T01:34:26.6389291Z       | ^~~~~~~~~~~~~~~~~~~
2025-08-19T01:34:26.6389671Z       | %define api.prefix {siue}
2025-08-19T01:34:26.6397243Z src/SIUnitExpressionParser.y:202.3-207.1: warning: unset value: $$ [-Wother]
2025-08-19T01:34:26.6398903Z   202 | | UNKNOWN_SYMBOL {
2025-08-19T01:34:26.6399269Z       |   ^~~~~~~~~~~~~~~~
2025-08-19T01:34:26.6399898Z src/SIUnitExpressionParser.y: warning: 4 shift/reduce conflicts [-Wconflicts-sr]
2025-08-19T01:34:26.6400849Z src/SIUnitExpressionParser.y: warning: 3 reduce/reduce conflicts [-Wconflicts-rr]
2025-08-19T01:34:26.6401989Z src/SIUnitExpressionParser.y: note: rerun with option '-Wcounterexamples' to generate conflict counterexamples
2025-08-19T01:34:26.6412274Z src/SIScalarParser.y: warning: fix-its can be applied.  Rerun with option '--update'. [-Wother]
2025-08-19T01:34:26.6414741Z bison -d --defines=build/gen/SIUnitParser.tab.h -o build/gen/SIUnitParser.tab.c src/SIUnitParser.y
2025-08-19T01:34:26.6424168Z src/SIUnitParser.y:13.1-18: warning: deprecated directive: ‘%name-prefix="siu"’, use ‘%define api.prefix {siu}’ [-Wdeprecated]
2025-08-19T01:34:26.6425376Z    13 | %name-prefix="siu"
2025-08-19T01:34:26.6425760Z       | ^~~~~~~~~~~~~~~~~~
2025-08-19T01:34:26.6426127Z       | %define api.prefix {siu}
2025-08-19T01:34:26.6642725Z src/SIUnitParser.y: warning: fix-its can be applied.  Rerun with option '--update'. [-Wother]
2025-08-19T01:34:26.6645798Z ccache clang -I. -Isrc -Ibuild/gen -Ithird_party/include -Ithird_party/include/OCTypes -fPIC -O3 -Wall -Wextra -Wno-sign-compare -Wno-unused-parameter -Wno-missing-field-initializers -Wno-unused-function -MMD -MP -c -o build/obj/SIDimensionality.o src/SIDimensionality.c
2025-08-19T01:34:26.6720438Z src/SIUnitExpressionParser.y: warning: fix-its can be applied.  Rerun with option '--update'. [-Wother]
2025-08-19T01:34:26.6723609Z ccache clang -I. -Isrc -Ibuild/gen -Ithird_party/include -Ithird_party/include/OCTypes -fPIC -O3 -Wall -Wextra -Wno-sign-compare -Wno-unused-parameter -Wno-missing-field-initializers -Wno-unused-function -MMD -MP -c -o build/obj/SIDimensionalityLib.o src/SIDimensionalityLib.c
2025-08-19T01:34:34.1865854Z ccache clang -I. -Isrc -Ibuild/gen -Ithird_party/include -Ithird_party/include/OCTypes -fPIC -O3 -Wall -Wextra -Wno-sign-compare -Wno-unused-parameter -Wno-missing-field-initializers -Wno-unused-function -MMD -MP -c -o build/obj/SIQuantity.o src/SIQuantity.c
2025-08-19T01:34:34.2908817Z ccache clang -I. -Isrc -Ibuild/gen -Ithird_party/include -Ithird_party/include/OCTypes -fPIC -O3 -Wall -Wextra -Wno-sign-compare -Wno-unused-parameter -Wno-missing-field-initializers -Wno-unused-function -MMD -MP -c -o build/obj/SIScalar.o src/SIScalar.c
2025-08-19T01:34:34.3213630Z ccache clang -I. -Isrc -Ibuild/gen -Ithird_party/include -Ithird_party/include/OCTypes -fPIC -O3 -Wall -Wextra -Wno-sign-compare -Wno-unused-parameter -Wno-missing-field-initializers -Wno-unused-function -MMD -MP -c -o build/obj/SIScalarConstants.o src/SIScalarConstants.c
2025-08-19T01:34:34.5639004Z ccache clang -I. -Isrc -Ibuild/gen -Ithird_party/include -Ithird_party/include/OCTypes -fPIC -O3 -Wall -Wextra -Wno-sign-compare -Wno-unused-parameter -Wno-missing-field-initializers -Wno-unused-function -MMD -MP -c -o build/obj/SIScalarParser.o src/SIScalarParser.c
2025-08-19T01:34:34.7259231Z ccache clang -I. -Isrc -Ibuild/gen -Ithird_party/include -Ithird_party/include/OCTypes -fPIC -O3 -Wall -Wextra -Wno-sign-compare -Wno-unused-parameter -Wno-missing-field-initializers -Wno-unused-function -MMD -MP -c -o build/obj/SIScalarParserHelpers.o src/SIScalarParserHelpers.c
2025-08-19T01:34:34.8597043Z ccache clang -I. -Isrc -Ibuild/gen -Ithird_party/include -Ithird_party/include/OCTypes -fPIC -O3 -Wall -Wextra -Wno-sign-compare -Wno-unused-parameter -Wno-missing-field-initializers -Wno-unused-function -MMD -MP -c -o build/obj/SITypes.o src/SITypes.c
2025-08-19T01:34:34.8819658Z ccache clang -I. -Isrc -Ibuild/gen -Ithird_party/include -Ithird_party/include/OCTypes -fPIC -O3 -Wall -Wextra -Wno-sign-compare -Wno-unused-parameter -Wno-missing-field-initializers -Wno-unused-function -MMD -MP -c -o build/obj/SIUnit.o src/SIUnit.c
2025-08-19T01:34:34.9421103Z ccache clang -I. -Isrc -Ibuild/gen -Ithird_party/include -Ithird_party/include/OCTypes -fPIC -O3 -Wall -Wextra -Wno-sign-compare -Wno-unused-parameter -Wno-missing-field-initializers -Wno-unused-function -MMD -MP -c -o build/obj/SIUnitExpression.o src/SIUnitExpression.c
2025-08-19T01:34:35.1730576Z ccache clang -I. -Isrc -Ibuild/gen -Ithird_party/include -Ithird_party/include/OCTypes -fPIC -O3 -Wall -Wextra -Wno-sign-compare -Wno-unused-parameter -Wno-missing-field-initializers -Wno-unused-function -MMD -MP -c -o build/obj/SIDimensionalityParser.tab.o build/gen/SIDimensionalityParser.tab.c
2025-08-19T01:34:35.2816072Z ccache clang -I. -Isrc -Ibuild/gen -Ithird_party/include -Ithird_party/include/OCTypes -fPIC -O3 -Wall -Wextra -Wno-sign-compare -Wno-unused-parameter -Wno-missing-field-initializers -Wno-unused-function -MMD -MP -c -o build/obj/SIScalarParser.tab.o build/gen/SIScalarParser.tab.c
2025-08-19T01:34:35.3932660Z ccache clang -I. -Isrc -Ibuild/gen -Ithird_party/include -Ithird_party/include/OCTypes -fPIC -O3 -Wall -Wextra -Wno-sign-compare -Wno-unused-parameter -Wno-missing-field-initializers -Wno-unused-function -MMD -MP -c -o build/obj/SIUnitExpressionParser.tab.o build/gen/SIUnitExpressionParser.tab.c
2025-08-19T01:34:35.5134888Z ccache clang -I. -Isrc -Ibuild/gen -Ithird_party/include -Ithird_party/include/OCTypes -fPIC -O3 -Wall -Wextra -Wno-sign-compare -Wno-unused-parameter -Wno-missing-field-initializers -Wno-unused-function -MMD -MP -c -o build/obj/SIUnitParser.tab.o build/gen/SIUnitParser.tab.c
2025-08-19T01:34:35.6188995Z flex -o build/gen/SIDimensionalityScanner.c src/SIDimensionalityScanner.l
2025-08-19T01:34:35.6738564Z src/SIDimensionalityScanner.l:24: warning, -s option given but default rule can be matched
2025-08-19T01:34:35.6776627Z flex -o build/gen/SIFormulaScanner.c src/SIFormulaScanner.l
2025-08-19T01:34:35.6827185Z flex -o build/gen/SIScalarScanner.c src/SIScalarScanner.l
2025-08-19T01:34:35.6853855Z src/SIScalarScanner.l:168: warning, dangerous trailing context
2025-08-19T01:34:35.6860284Z src/SIScalarScanner.l:168: warning, dangerous trailing context
2025-08-19T01:34:35.6861084Z src/SIScalarScanner.l:173: warning, dangerous trailing context
2025-08-19T01:34:35.6861786Z src/SIScalarScanner.l:163: warning, dangerous trailing context
2025-08-19T01:34:35.6866621Z src/SIScalarScanner.l:168: warning, dangerous trailing context
2025-08-19T01:34:35.6867442Z src/SIScalarScanner.l:163: warning, dangerous trailing context
2025-08-19T01:34:35.6870647Z src/SIScalarScanner.l:98: warning, dangerous trailing context
2025-08-19T01:34:35.6871450Z src/SIScalarScanner.l:98: warning, dangerous trailing context
2025-08-19T01:34:35.6874544Z src/SIScalarScanner.l:98: warning, dangerous trailing context
2025-08-19T01:34:35.6875321Z src/SIScalarScanner.l:168: warning, dangerous trailing context
2025-08-19T01:34:35.6876799Z src/SIScalarScanner.l:188: warning, dangerous trailing context
2025-08-19T01:34:35.6880036Z src/SIScalarScanner.l:98: warning, dangerous trailing context
2025-08-19T01:34:35.6880831Z src/SIScalarScanner.l:98: warning, dangerous trailing context
2025-08-19T01:34:35.6883286Z src/SIScalarScanner.l:188: warning, dangerous trailing context
2025-08-19T01:34:35.6885091Z src/SIScalarScanner.l:98: warning, dangerous trailing context
2025-08-19T01:34:35.6887754Z src/SIScalarScanner.l:98: warning, dangerous trailing context
2025-08-19T01:34:35.6889277Z src/SIScalarScanner.l:98: warning, dangerous trailing context
2025-08-19T01:34:35.6933198Z flex -o build/gen/SIUnitExpressionScanner.c src/SIUnitExpressionScanner.l
2025-08-19T01:34:35.6947739Z src/SIUnitExpressionScanner.l:61: warning, -s option given but default rule can be matched
2025-08-19T01:34:35.6983191Z flex -o build/gen/SIUnitScanner.c src/SIUnitScanner.l
2025-08-19T01:34:35.7019513Z src/SIUnitScanner.l:36: warning, -s option given but default rule can be matched
2025-08-19T01:34:35.7055526Z ccache clang -I. -Isrc -Ibuild/gen -Ithird_party/include -Ithird_party/include/OCTypes -fPIC -O3 -Wall -Wextra -Wno-sign-compare -Wno-unused-parameter -Wno-missing-field-initializers -Wno-unused-function -MMD -MP -c -o build/obj/main.o tests/main.c
2025-08-19T01:34:35.7692104Z ccache clang -I. -Isrc -Ibuild/gen -Ithird_party/include -Ithird_party/include/OCTypes -fPIC -O3 -Wall -Wextra -Wno-sign-compare -Wno-unused-parameter -Wno-missing-field-initializers -Wno-unused-function -MMD -MP -c -o build/obj/test_dimensionality.o tests/test_dimensionality.c
2025-08-19T01:34:35.8433348Z ccache clang -I. -Isrc -Ibuild/gen -Ithird_party/include -Ithird_party/include/OCTypes -fPIC -O3 -Wall -Wextra -Wno-sign-compare -Wno-unused-parameter -Wno-missing-field-initializers -Wno-unused-function -MMD -MP -c -o build/obj/test_duplicate_units.o tests/test_duplicate_units.c
2025-08-19T01:34:35.9299191Z ccache clang -I. -Isrc -Ibuild/gen -Ithird_party/include -Ithird_party/include/OCTypes -fPIC -O3 -Wall -Wextra -Wno-sign-compare -Wno-unused-parameter -Wno-missing-field-initializers -Wno-unused-function -MMD -MP -c -o build/obj/test_octypes.o tests/test_octypes.c
2025-08-19T01:34:35.9699144Z tests/test_duplicate_units.c:23:46: warning: format specifies type 'unsigned long long' but the argument has type 'uint64_t' (aka 'unsigned long') [-Wformat]
2025-08-19T01:34:35.9700319Z    23 |     printf("Total units in library: %llu\n", count);
2025-08-19T01:34:35.9700820Z       |                                     ~~~~     ^~~~~
2025-08-19T01:34:35.9701244Z       |                                     %lu
2025-08-19T01:34:35.9701965Z tests/test_duplicate_units.c:59:64: warning: format specifies type 'unsigned long long' but the argument has type 'uint64_t' (aka 'unsigned long') [-Wformat]
2025-08-19T01:34:35.9702898Z    59 |         printf("✓ All %llu units are static instances.\n\n", count);
2025-08-19T01:34:35.9703233Z       |                       ~~~~                                   ^~~~~
2025-08-19T01:34:35.9703495Z       |                       %lu
2025-08-19T01:34:35.9703725Z 2 warnings generated.
2025-08-19T01:34:35.9721210Z ccache clang -I. -Isrc -Ibuild/gen -Ithird_party/include -Ithird_party/include/OCTypes -fPIC -O3 -Wall -Wextra -Wno-sign-compare -Wno-unused-parameter -Wno-missing-field-initializers -Wno-unused-function -MMD -MP -c -o build/obj/test_scalar.o tests/test_scalar.c
2025-08-19T01:34:36.0313770Z ccache clang -I. -Isrc -Ibuild/gen -Ithird_party/include -Ithird_party/include/OCTypes -fPIC -O3 -Wall -Wextra -Wno-sign-compare -Wno-unused-parameter -Wno-missing-field-initializers -Wno-unused-function -MMD -MP -c -o build/obj/test_scalar_parser.o tests/test_scalar_parser.c
2025-08-19T01:34:36.2486308Z ccache clang -I. -Isrc -Ibuild/gen -Ithird_party/include -Ithird_party/include/OCTypes -fPIC -O3 -Wall -Wextra -Wno-sign-compare -Wno-unused-parameter -Wno-missing-field-initializers -Wno-unused-function -MMD -MP -c -o build/obj/test_unit.o tests/test_unit.c
2025-08-19T01:34:36.4343890Z ccache clang -I. -Isrc -Ibuild/gen -Ithird_party/include -Ithird_party/include/OCTypes -fPIC -O3 -Wall -Wextra -Wno-sign-compare -Wno-unused-parameter -Wno-missing-field-initializers -Wno-unused-function -MMD -MP -c -o build/obj/test_unit_expression.o tests/test_unit_expression.c
2025-08-19T01:34:36.5139002Z ccache clang -I. -Isrc -Ibuild/gen -Ithird_party/include -Ithird_party/include/OCTypes -fPIC -O3 -Wall -Wextra -Wno-sign-compare -Wno-unused-parameter -Wno-missing-field-initializers -Wno-unused-function -MMD -MP -c -o build/obj/test_unit_from_expression_robust.o tests/test_unit_from_expression_robust.c
2025-08-19T01:34:36.6108954Z ccache clang -I. -Isrc -Ibuild/gen -Ithird_party/include -Ithird_party/include/OCTypes -fPIC -O3 -Wall -Wextra -Wno-sign-compare -Wno-unused-parameter -Wno-missing-field-initializers -Wno-unused-function -MMD -MP -c -o build/obj/test_unit_power_operations.o tests/test_unit_power_operations.c
2025-08-19T01:34:36.6333103Z ccache clang -I. -Isrc -Ibuild/gen -Ithird_party/include -Ithird_party/include/OCTypes -fPIC -O3 -Wall -Wextra -Wno-sign-compare -Wno-unused-parameter -Wno-missing-field-initializers -Wno-unused-function -MMD -MP -c -o build/obj/SIDimensionalityScanner.o build/gen/SIDimensionalityScanner.c
2025-08-19T01:34:36.6992292Z ccache clang -I. -Isrc -Ibuild/gen -Ithird_party/include -Ithird_party/include/OCTypes -fPIC -O3 -Wall -Wextra -Wno-sign-compare -Wno-unused-parameter -Wno-missing-field-initializers -Wno-unused-function -MMD -MP -c -o build/obj/SIFormulaScanner.o build/gen/SIFormulaScanner.c
2025-08-19T01:34:36.9009825Z ccache clang -I. -Isrc -Ibuild/gen -Ithird_party/include -Ithird_party/include/OCTypes -fPIC -O3 -Wall -Wextra -Wno-sign-compare -Wno-unused-parameter -Wno-missing-field-initializers -Wno-unused-function -MMD -MP -c -o build/obj/SIScalarScanner.o build/gen/SIScalarScanner.c
2025-08-19T01:34:36.9180771Z ccache clang -I. -Isrc -Ibuild/gen -Ithird_party/include -Ithird_party/include/OCTypes -fPIC -O3 -Wall -Wextra -Wno-sign-compare -Wno-unused-parameter -Wno-missing-field-initializers -Wno-unused-function -MMD -MP -c -o build/obj/SIUnitExpressionScanner.o build/gen/SIUnitExpressionScanner.c
2025-08-19T01:34:37.1376365Z ccache clang -I. -Isrc -Ibuild/gen -Ithird_party/include -Ithird_party/include/OCTypes -fPIC -O3 -Wall -Wextra -Wno-sign-compare -Wno-unused-parameter -Wno-missing-field-initializers -Wno-unused-function -MMD -MP -c -o build/obj/SIUnitScanner.o build/gen/SIUnitScanner.c
2025-08-19T01:34:37.1510032Z build/gen/SIScalarScanner.c:1679:13: warning: misleading indentation; statement is not part of the previous 'if' [-Wmisleading-indentation]
2025-08-19T01:34:37.1511106Z  1679 |             if ( ! (yy_state_buf) )
2025-08-19T01:34:37.1511517Z       |             ^
2025-08-19T01:34:37.1512071Z build/gen/SIScalarScanner.c:1677:9: note: previous statement is here
2025-08-19T01:34:37.1512673Z  1677 |         if ( ! (yy_state_buf) )
2025-08-19T01:34:37.1513014Z       |         ^
2025-08-19T01:34:37.1513821Z build/gen/SIScalarScanner.c:2491:3: warning: misleading indentation; statement is not part of the previous 'if' [-Wmisleading-indentation]
2025-08-19T01:34:37.1515086Z  2491 |                 return yy_is_jam ? 0 : yy_current_state;
2025-08-19T01:34:37.1515530Z       |                 ^
2025-08-19T01:34:37.1516059Z build/gen/SIScalarScanner.c:2488:2: note: previous statement is here
2025-08-19T01:34:37.1516425Z  2488 |         if ( ! yy_is_jam )
2025-08-19T01:34:37.1516649Z       |         ^
2025-08-19T01:34:37.1516836Z 2 warnings generated.
2025-08-19T01:34:37.3550944Z ar rcs build/lib/libSITypes.a build/obj/SIDimensionality.o build/obj/SIDimensionalityLib.o build/obj/SIQuantity.o build/obj/SIScalar.o build/obj/SIScalarConstants.o build/obj/SIScalarParser.o build/obj/SIScalarParserHelpers.o build/obj/SITypes.o build/obj/SIUnit.o build/obj/SIUnitExpression.o build/obj/SIDimensionalityParser.tab.o build/obj/SIScalarParser.tab.o build/obj/SIUnitExpressionParser.tab.o build/obj/SIUnitParser.tab.o build/obj/SIDimensionalityScanner.o build/obj/SIFormulaScanner.o build/obj/SIScalarScanner.o build/obj/SIUnitExpressionScanner.o build/obj/SIUnitScanner.o
2025-08-19T01:34:42.9297527Z ccache clang -I. -Isrc -Ibuild/gen -Ithird_party/include -Ithird_party/include/OCTypes -fPIC -O3 -Wall -Wextra -Wno-sign-compare -Wno-unused-parameter -Wno-missing-field-initializers -Wno-unused-function -MMD -MP -Itests build/obj/main.o build/obj/test_dimensionality.o build/obj/test_duplicate_units.o build/obj/test_octypes.o build/obj/test_scalar.o build/obj/test_scalar_parser.o build/obj/test_unit.o build/obj/test_unit_expression.o build/obj/test_unit_from_expression_robust.o build/obj/test_unit_power_operations.o \
2025-08-19T01:34:42.9302538Z   -Wl,--start-group build/lib/libSITypes.a -Lthird_party/lib -lOCTypes -Wl,--end-group \
2025-08-19T01:34:42.9303349Z   -Wl,-rpath,third_party/lib -lm -o runTests
2025-08-19T01:34:43.1664435Z ./runTests
2025-08-19T01:34:46.8863814Z === OCTypes Tests ===
2025-08-19T01:34:46.8864551Z Running octypesTest1...
2025-08-19T01:34:46.8864991Z octypesTest1 passed
2025-08-19T01:34:46.8865409Z Running octypesTest2...
2025-08-19T01:34:46.8865842Z octypesTest2 passed
2025-08-19T01:34:46.8866261Z Running octypesTest3...
2025-08-19T01:34:46.8866670Z octypesTest3 passed
2025-08-19T01:34:46.8867151Z Running octypesTest4...
2025-08-19T01:34:46.8867447Z octypesTest4 passed
2025-08-19T01:34:46.8867653Z Running octypesTest5...
2025-08-19T01:34:46.8867859Z octypesTest5 passed
2025-08-19T01:34:46.8868085Z Running octypesTest6...
2025-08-19T01:34:46.8868276Z octypesTest6 passed
2025-08-19T01:34:46.8868393Z 
2025-08-19T01:34:46.8868476Z === Dimensionality Tests ===
2025-08-19T01:34:46.8868708Z Running test_dimensionality_0...
2025-08-19T01:34:46.8868954Z test_dimensionality_0 passed
2025-08-19T01:34:46.8869196Z Running test_dimensionality_1...
2025-08-19T01:34:46.8869423Z test_dimensionality_1 passed
2025-08-19T01:34:46.8869643Z Running test_dimensionality_2...
2025-08-19T01:34:46.8869863Z test_dimensionality_2 passed
2025-08-19T01:34:46.8870081Z Running test_dimensionality_3...
2025-08-19T01:34:46.8870304Z test_dimensionality_3 passed
2025-08-19T01:34:46.8870525Z Running test_dimensionality_show...
2025-08-19T01:34:46.8870769Z test_dimensionality_show passed
2025-08-19T01:34:46.8871038Z Running test_dimensionality_symbol_acceleration...
2025-08-19T01:34:46.8871352Z test_dimensionality_symbol_acceleration passed
2025-08-19T01:34:46.8871636Z Running test_dimensionality_divide_mass...
2025-08-19T01:34:46.8871903Z test_dimensionality_divide_mass passed
2025-08-19T01:34:46.8872166Z Running test_dimensionality_multiply_work...
2025-08-19T01:34:46.8872441Z test_dimensionality_multiply_work passed
2025-08-19T01:34:46.8872711Z Running test_dimensionality_power_area...
2025-08-19T01:34:46.8872975Z test_dimensionality_power_area passed
2025-08-19T01:34:46.8873253Z Running test_dimensionality_reduction_behavior...
2025-08-19T01:34:46.8873549Z test_dimensionality_reduction_behavior passed
2025-08-19T01:34:46.8873823Z Running test_dimensionality_deep_copy...
2025-08-19T01:34:46.8874076Z test_dimensionality_deep_copy passed
2025-08-19T01:34:46.8874432Z 
2025-08-19T01:34:46.8874581Z Running test_dimensionality_parser_strictness...
2025-08-19T01:34:46.8874879Z test_dimensionality_parser_strictness passed
2025-08-19T01:34:46.8875063Z 
2025-08-19T01:34:46.8875135Z === SIUnit Tests ===
2025-08-19T01:34:46.8875331Z Running test_unit_0...
2025-08-19T01:34:46.8875525Z test_unit_0 passed
2025-08-19T01:34:46.8875704Z Running test_unit_1...
2025-08-19T01:34:46.8875895Z test_unit_1 passed
2025-08-19T01:34:46.8876078Z Running test_unit_3...
2025-08-19T01:34:46.8876259Z test_unit_3 passed
2025-08-19T01:34:46.8876439Z Running test_unit_4...
2025-08-19T01:34:46.8876624Z test_unit_4 passed
2025-08-19T01:34:46.8876805Z Running test_unit_5...
2025-08-19T01:34:46.8876989Z test_unit_5 passed
2025-08-19T01:34:46.8877169Z Running test_unit_6...
2025-08-19T01:34:46.8877354Z test_unit_6 passed
2025-08-19T01:34:46.8877528Z Running test_unit_7...
2025-08-19T01:34:46.8877714Z test_unit_7 passed
2025-08-19T01:34:46.8877903Z Running test_unit_8...
2025-08-19T01:34:46.8878092Z test_unit_8 passed
2025-08-19T01:34:46.8878274Z Running test_unit_9...
2025-08-19T01:34:46.8878460Z test_unit_9 passed
2025-08-19T01:34:46.8878637Z Running test_unit_10...
2025-08-19T01:34:46.8879428Z test_unit_10 passed
2025-08-19T01:34:46.8879625Z Running test_unit_11...
2025-08-19T01:34:46.8879810Z test_unit_11 passed
2025-08-19T01:34:46.8879923Z 
2025-08-19T01:34:46.8879997Z Running test_unit_12...
2025-08-19T01:34:46.8880186Z test_unit_12 passed
2025-08-19T01:34:46.8880362Z Running test_unit_13...
2025-08-19T01:34:46.8880550Z test_unit_13 passed
2025-08-19T01:34:46.8880790Z Running test_unit_14...
2025-08-19T01:34:46.8881014Z test_unit_14 passed
2025-08-19T01:34:46.8881465Z Running test_unit_by_multiplying_without_reducing...
2025-08-19T01:34:46.8881790Z test_unit_by_multiplying_without_reducing passed
2025-08-19T01:34:46.8881981Z 
2025-08-19T01:34:46.8882092Z Running test_unit_by_dividing_without_reducing...
2025-08-19T01:34:46.8882380Z test_unit_by_dividing_without_reducing passed
2025-08-19T01:34:46.8882646Z Running test_unit_by_taking_nth_root...
2025-08-19T01:34:46.8882899Z test_unit_by_taking_nth_root passed
2025-08-19T01:34:46.8883055Z 
2025-08-19T01:34:46.8883202Z Running test_unit_by_raising_to_power_without_reducing...
2025-08-19T01:34:46.8883531Z test_unit_by_raising_to_power_without_reducing passed
2025-08-19T01:34:46.8883735Z 
2025-08-19T01:34:46.8883833Z Running test_unit_unicode_normalization...
2025-08-19T01:34:46.8884101Z test_unit_unicode_normalization passed
2025-08-19T01:34:46.8884442Z 
2025-08-19T01:34:46.8884540Z Running test_unit_registration...
2025-08-19T01:34:46.8884777Z Testing unit registration behavior
2025-08-19T01:34:46.8885024Z test_unit_registration passed
2025-08-19T01:34:46.8885279Z Running test_unit_canonical_expressions...
2025-08-19T01:34:46.8903662Z test_unit_canonical_expressions passed
2025-08-19T01:34:46.8903995Z 
2025-08-19T01:34:46.8904188Z Running test_unit_from_expression_equivalence...
2025-08-19T01:34:46.8904855Z test_unit_from_expression_equivalence passed
2025-08-19T01:34:46.8905163Z 
2025-08-19T01:34:46.8905326Z Running test_unit_count_token_symbols...
2025-08-19T01:34:46.8905665Z test_unit_count_token_symbols passed
2025-08-19T01:34:46.8905858Z 
2025-08-19T01:34:46.8905862Z 
2025-08-19T01:34:46.8906017Z === SIUnitCreateCleanedExpression Comprehensive Tests ===
2025-08-19T01:34:46.8906435Z Running comprehensive SIUnitCreateCleanedExpression test suite...
2025-08-19T01:34:46.8906688Z 
2025-08-19T01:34:46.8906851Z Running test_unit_expression_cleaner_basic_canonicalization...
2025-08-19T01:34:46.8907228Z test_unit_expression_cleaner_basic_canonicalization passed
2025-08-19T01:34:46.8907601Z Running test_unit_expression_cleaner_power_notation...
2025-08-19T01:34:46.8907938Z test_unit_expression_cleaner_power_notation passed
2025-08-19T01:34:46.8908289Z Running test_unit_expression_cleaner_multiplication_ordering...
2025-08-19T01:34:46.8908671Z test_unit_expression_cleaner_multiplication_ordering passed
2025-08-19T01:34:46.8909030Z Running test_unit_expression_cleaner_power_consolidation...
2025-08-19T01:34:46.8909377Z test_unit_expression_cleaner_power_consolidation passed
2025-08-19T01:34:46.8909716Z Running test_unit_expression_cleaner_division_operations...
2025-08-19T01:34:46.8910066Z test_unit_expression_cleaner_division_operations passed
2025-08-19T01:34:46.8910407Z Running test_unit_expression_cleaner_complex_expressions...
2025-08-19T01:34:46.8910742Z test_unit_expression_cleaner_complex_expressions passed
2025-08-19T01:34:46.8911079Z Running test_unit_expression_cleaner_unicode_operators...
2025-08-19T01:34:46.8911418Z test_unit_expression_cleaner_unicode_operators passed
2025-08-19T01:34:46.8911771Z Running test_unit_expression_cleaner_unicode_normalization...
2025-08-19T01:34:46.8912124Z test_unit_expression_cleaner_unicode_normalization passed
2025-08-19T01:34:46.8912501Z Running test_unit_expression_cleaner_expression_equivalence...
2025-08-19T01:34:46.8912874Z test_unit_expression_cleaner_expression_equivalence passed
2025-08-19T01:34:46.8913207Z Running test_unit_expression_cleaner_edge_cases...
2025-08-19T01:34:46.8913516Z test_unit_expression_cleaner_edge_cases passed
2025-08-19T01:34:46.8913847Z Running test_unit_expression_cleaner_parenthetical_powers...
2025-08-19T01:34:46.8914615Z test_unit_expression_cleaner_parenthetical_powers passed
2025-08-19T01:34:47.3267570Z Running test_unit_expression_cleaner_consistency...
2025-08-19T01:34:47.3268139Z test_unit_expression_cleaner_consistency passed
2025-08-19T01:34:47.3268699Z Running test_unit_expression_cleaner_reciprocal_expressions...
2025-08-19T01:34:47.3269288Z test_unit_expression_cleaner_reciprocal_expressions passed
2025-08-19T01:34:47.3269639Z 
2025-08-19T01:34:47.3270339Z === SIUnitCreateCleanedExpression Comprehensive Test Results ===
2025-08-19T01:34:47.3270872Z Overall result: ALL TESTS PASSED
2025-08-19T01:34:47.3271124Z 
2025-08-19T01:34:47.3271247Z === Duplicate Units Tests ===
2025-08-19T01:34:47.3271670Z === Testing for duplicate unit pointers in unitsLibrary ===
2025-08-19T01:34:47.3272120Z Total units in library: 4070
2025-08-19T01:34:47.3272340Z 
2025-08-19T01:34:47.3272475Z === Checking static instance status ===
2025-08-19T01:34:47.3273121Z ✓ All 4070 units are static instances.
2025-08-19T01:34:47.3273388Z 
2025-08-19T01:34:47.3273545Z === Checking for duplicate unit pointers ===
2025-08-19T01:34:47.3273816Z 
2025-08-19T01:34:47.3273997Z ✓ Library integrity check passed:
2025-08-19T01:34:47.3274571Z   - No duplicate unit pointers
2025-08-19T01:34:47.3274924Z   - All units are static instances
2025-08-19T01:34:47.3275186Z 
2025-08-19T01:34:47.3275330Z === Unit Power Operations Tests ===
2025-08-19T01:34:47.3275682Z Running test_unit_negative_power_operations...
2025-08-19T01:34:47.3276047Z test_unit_negative_power_operations passed
2025-08-19T01:34:47.3276394Z Running test_unit_inverse_expression_parsing...
2025-08-19T01:34:47.3276743Z test_unit_inverse_expression_parsing passed
2025-08-19T01:34:47.3277091Z Running test_unit_negative_exponent_parsing...
2025-08-19T01:34:47.3277437Z test_unit_negative_exponent_parsing passed
2025-08-19T01:34:47.3277647Z 
2025-08-19T01:34:47.3277767Z === SIUnitFromExpression Robust Tests ===
2025-08-19T01:34:47.3278101Z     SUCCESS: Canonical form working correctly
2025-08-19T01:34:47.3278320Z 
2025-08-19T01:34:47.3278437Z SIUnitFromExpression robust test PASSED
2025-08-19T01:34:47.3278653Z 
2025-08-19T01:34:47.3278761Z === SIScalar Parser Tests ===
2025-08-19T01:34:47.3279033Z Running test_scalar_parser_1...
2025-08-19T01:34:47.3279311Z test_scalar_parser_1 passed
2025-08-19T01:34:47.3279576Z Running test_scalar_parser_2...
2025-08-19T01:34:47.3279842Z test_scalar_parser_2 passed
2025-08-19T01:34:47.3280110Z Running test_scalar_parser_3...
2025-08-19T01:34:47.3280380Z test_scalar_parser_3 passed
2025-08-19T01:34:47.3280643Z Running test_scalar_parser_4...
2025-08-19T01:34:47.3280905Z test_scalar_parser_4 passed
2025-08-19T01:34:47.3281165Z Running test_scalar_parser_5...
2025-08-19T01:34:47.3281434Z test_scalar_parser_5 passed
2025-08-19T01:34:47.3281691Z Running test_scalar_parser_6...
2025-08-19T01:34:47.3281959Z test_scalar_parser_6 passed
2025-08-19T01:34:47.3282222Z Running test_scalar_parser_7...
2025-08-19T01:34:47.3282487Z test_scalar_parser_7 passed
2025-08-19T01:34:47.3282746Z Running test_scalar_parser_8...
2025-08-19T01:34:47.3283012Z test_scalar_parser_8 passed
2025-08-19T01:34:47.3283268Z Running test_scalar_parser_9...
2025-08-19T01:34:47.3283535Z test_scalar_parser_9 passed
2025-08-19T01:34:47.3283803Z Running test_scalar_parser_10...
2025-08-19T01:34:47.3284078Z test_scalar_parser_10 passed
2025-08-19T01:34:47.3284456Z Running test_scalar_parser_11...
2025-08-19T01:34:47.3284732Z test_scalar_parser_11 passed
2025-08-19T01:34:47.3285002Z Running test_scalar_parser_12...
2025-08-19T01:34:47.3285278Z test_scalar_parser_12 passed
2025-08-19T01:34:47.3285547Z Running test_scalar_parser_13...
2025-08-19T01:34:47.3285863Z     π value: 1.000000000000000
2025-08-19T01:34:47.3286136Z     π * (5 m)^2 value: 78.539816339744817
2025-08-19T01:34:47.3286426Z     π * (5 m)^2 units: m^3/m
2025-08-19T01:34:47.3286643Z test_scalar_parser_13 passed
2025-08-19T01:34:47.3286866Z Running test_scalar_parser_infinity...
2025-08-19T01:34:47.3287281Z   Testing basic infinity parsing...
2025-08-19T01:34:47.3287517Z     inf = inf (isinf: 1)
2025-08-19T01:34:47.3287729Z   Testing Unicode infinity symbol...
2025-08-19T01:34:47.3287999Z     ∞ = inf (isinf: 1)
2025-08-19T01:34:47.3288205Z   Testing negative infinity...
2025-08-19T01:34:47.3288625Z     -inf = -inf (isinf: -1, negative: 1)
2025-08-19T01:34:47.3289024Z   Testing infinity with units...
2025-08-19T01:34:47.3289368Z     inf m/s = inf m/s
2025-08-19T01:34:47.3289896Z   Testing infinity arithmetic - addition...
2025-08-19T01:34:47.3290354Z     inf + 5 = inf (isinf: 1)
2025-08-19T01:34:47.3290802Z   Testing infinity arithmetic - multiplication...
2025-08-19T01:34:47.3291256Z     2 * inf = inf (isinf: 1)
2025-08-19T01:34:47.3291630Z   Testing division by infinity...
2025-08-19T01:34:47.3292005Z     5 / inf = 0.000000
2025-08-19T01:34:47.3292336Z   Testing division by zero...
2025-08-19T01:34:47.3292697Z     5 / 0 = inf (isinf: 1)
2025-08-19T01:34:47.3293067Z   Testing infinity to the power...
2025-08-19T01:34:47.3293486Z     (inf)^2 = inf (isinf: 1)
2025-08-19T01:34:47.3293921Z   Testing complex expression with infinity and units...
2025-08-19T01:34:47.3294719Z     (inf m/s) * (2 s) = inf m•s/s
2025-08-19T01:34:47.3295139Z   Testing functions with infinity...
2025-08-19T01:34:47.3295581Z     sqrt(inf) = inf (isinf: 1)
2025-08-19T01:34:47.3295953Z test_scalar_parser_infinity passed
2025-08-19T01:34:47.3296218Z 
2025-08-19T01:34:47.3296366Z === NMR Function Tests ===
2025-08-19T01:34:47.3296599Z Running test_nmr_functions...
2025-08-19T01:34:47.3296820Z   Testing spin[H1]...
2025-08-19T01:34:47.3297008Z     spin[H1] = 0.500000
2025-08-19T01:34:47.3297257Z   Testing μ_I[H1]...
2025-08-19T01:34:47.3297479Z     μ_I[H1] = 2.792847 µ_N
2025-08-19T01:34:47.3297701Z   Testing 𝛾_I[H1]...
2025-08-19T01:34:47.3298305Z     𝛾_I[H1] = 267522191.787411 rad/(s·T)
2025-08-19T01:34:47.3298588Z   Testing nmr[H1]...
2025-08-19T01:34:47.3298773Z     nmr[H1] = 42.577479 MHz/T
2025-08-19T01:34:47.3298992Z test_nmr_functions passed
2025-08-19T01:34:47.3299140Z 
2025-08-19T01:34:47.3299218Z === SIScalar Tests ===
2025-08-19T01:34:47.3299421Z test_SIScalarGetTypeID passed
2025-08-19T01:34:47.3299654Z test_SIScalarCreateCopy passed
2025-08-19T01:34:47.3299899Z test_SIScalarCreateMutableCopy passed
2025-08-19T01:34:47.3300163Z test_SIScalarCreateWithFloat passed
2025-08-19T01:34:47.3300429Z test_SIScalarCreateMutableWithFloat passed
2025-08-19T01:34:47.3300709Z test_SIScalarCreateWithDouble passed
2025-08-19T01:34:47.3300988Z test_SIScalarCreateMutableWithDouble passed
2025-08-19T01:34:47.3301274Z test_SIScalarCreateWithFloatComplex passed
2025-08-19T01:34:47.3301583Z test_SIScalarCreateMutableWithFloatComplex passed
2025-08-19T01:34:47.3301897Z test_SIScalarCreateWithDoubleComplex passed
2025-08-19T01:34:47.3302214Z test_SIScalarCreateMutableWithDoubleComplex passed
2025-08-19T01:34:47.3302511Z test_SIScalarGetValue passed
2025-08-19T01:34:47.3302749Z test_SIScalarSetFloatValue passed
2025-08-19T01:34:47.3302997Z test_SIScalarSetDoubleValue passed
2025-08-19T01:34:47.3303269Z test_SIScalarSetFloatComplexValue passed
2025-08-19T01:34:47.3303551Z test_SIScalarSetDoubleComplexValue passed
2025-08-19T01:34:47.3303824Z test_SIScalarSetNumericType passed
2025-08-19T01:34:47.3304065Z test_SIScalarFloatValue passed
2025-08-19T01:34:47.3304428Z test_SIScalarDoubleValue passed
2025-08-19T01:34:47.3304677Z test_SIScalarFloatComplexValue passed
2025-08-19T01:34:47.3304941Z test_SIScalarDoubleComplexValue passed
2025-08-19T01:34:47.3305247Z test_SIScalarCreateByConvertingToNumberType passed
2025-08-19T01:34:47.3305562Z test_SIScalarTakeComplexPart passed
2025-08-19T01:34:47.4421569Z test_SIScalarCreateByTakingComplexPart passed
2025-08-19T01:34:47.4422163Z test_SIScalarCreateByReducingUnit passed
2025-08-19T01:34:47.4422621Z test_SIScalarReduceUnit passed
2025-08-19T01:34:47.4423021Z test_SIScalarConvertToUnit passed
2025-08-19T01:34:47.4423463Z test_SIScalarCreateByConvertingToUnit passed
2025-08-19T01:34:47.4423950Z test_SIScalarConvertToCoherentUnit passed
2025-08-19T01:34:47.4425240Z test_SIScalarCreateByConvertingToCoherentUnit passed
2025-08-19T01:34:47.4425755Z test_SIScalarCreateByAdding passed
2025-08-19T01:34:47.4426153Z test_SIScalarAdd passed
2025-08-19T01:34:47.4426520Z test_SIScalarCreateBySubtracting passed
2025-08-19T01:34:47.4426947Z test_SIScalarSubtract passed
2025-08-19T01:34:47.4427443Z test_SIScalarCreateByMultiplyingWithoutReducingUnit passed
2025-08-19T01:34:47.4427987Z test_SIScalarMultiplyWithoutReducingUnit passed
2025-08-19T01:34:47.4428519Z test_SIScalarCreateByMultiplying passed
2025-08-19T01:34:47.4428796Z test_SIScalarMultiply passed
2025-08-19T01:34:47.4429143Z test_SIScalarCreateByDividingWithoutReducingUnit passed
2025-08-19T01:34:47.4429489Z test_SIScalarDivideWithoutReducingUnit passed
2025-08-19T01:34:47.4429776Z test_SIScalarCreateByDividing passed
2025-08-19T01:34:47.4430024Z test_SIScalarDivide passed
2025-08-19T01:34:47.4430330Z test_SIScalarCreateByRaisingToPowerWithoutReducingUnit passed
2025-08-19T01:34:47.4430738Z test_SIScalarRaiseToAPowerWithoutReducingUnit passed
2025-08-19T01:34:47.4431058Z test_SIScalarCreateByRaisingToPower passed
2025-08-19T01:34:47.4431327Z test_SIScalarRaiseToAPower passed
2025-08-19T01:34:47.4431606Z test_SIScalarCreateByTakingAbsoluteValue passed
2025-08-19T01:34:47.4431902Z test_SIScalarTakeAbsoluteValue passed
2025-08-19T01:34:47.4432230Z test_SIScalarCreateByGammaFunctionWithoutReducingUnit passed
2025-08-19T01:34:47.4432585Z test_SIScalarCreateByTakingNthRoot passed
2025-08-19T01:34:47.4432857Z test_SIScalarTakeNthRoot passed
2025-08-19T01:34:47.4433090Z test_SIScalarTakeLog10 passed
2025-08-19T01:34:47.4433328Z test_SIScalarCreateByZeroingPart passed
2025-08-19T01:34:47.4433587Z test_SIScalarZeroPart passed
2025-08-19T01:34:47.4433876Z test_SIScalarMultiplyByDimensionlessRealConstant passed
2025-08-19T01:34:47.4434407Z test_SIScalarCreateByMultiplyingByDimensionlessRealConstant passed
2025-08-19T01:34:47.4434891Z test_SIScalarCreateByMultiplyingByDimensionlessComplexConstant passed
2025-08-19T01:34:47.4435343Z test_SIScalarMultiplyByDimensionlessComplexConstant passed
2025-08-19T01:34:47.4435673Z test_SIScalarCreateByConjugation passed
2025-08-19T01:34:47.4435926Z test_SIScalarConjugate passed
2025-08-19T01:34:47.4436169Z Testing SIScalarShow (output below): 1.23 m
2025-08-19T01:34:47.5004983Z 
2025-08-19T01:34:47.5005524Z test_SIScalarShow passed
2025-08-19T01:34:47.5006143Z test_SIScalarCreateStringValue passed
2025-08-19T01:34:47.5006745Z test_SIScalarCreateNumericStringValue passed
2025-08-19T01:34:47.5007229Z test_SIScalarCreateStringValueForPart passed
2025-08-19T01:34:47.5007617Z test_SIScalarCopyUnitSymbol passed
2025-08-19T01:34:47.5008003Z test_SIScalarCreateStringValueWithFormat passed
2025-08-19T01:34:47.5008473Z test_SIScalarCreateNumericStringValueWithFormat passed
2025-08-19T01:34:47.5008909Z test_SIScalarAddToArrayAsStringValue passed
2025-08-19T01:34:47.5009213Z test_SIScalarIsReal passed
2025-08-19T01:34:47.5009460Z test_SIScalarIsImaginary passed
2025-08-19T01:34:47.5009722Z test_SIScalarIsComplex passed
2025-08-19T01:34:47.5009950Z test_SIScalarIsZero passed
2025-08-19T01:34:47.5010176Z test_SIScalarIsInfinite passed
2025-08-19T01:34:47.5010441Z test_SIScalarIsRealNonNegativeInteger passed
2025-08-19T01:34:47.5010753Z test_SIScalarValidateProposedStringValue passed
2025-08-19T01:34:47.5011039Z test_SIScalarEqual passed
2025-08-19T01:34:47.5011353Z test_SIScalarCompare passed
2025-08-19T01:34:47.5011713Z test_SIScalarCompareReduced passed
2025-08-19T01:34:47.5012148Z test_SIScalarCompareLoose passed
2025-08-19T01:34:47.5012625Z test_SIScalarBestConversionForQuantity passed
2025-08-19T01:34:47.5013176Z test_SIScalarBestConversionForQuantity_large passed
2025-08-19T01:34:47.5013774Z test_SIScalarBestConversionForQuantity_tiny passed
2025-08-19T01:34:47.5014535Z test_SIScalarBestConversionForQuantity_noop passed
2025-08-19T01:34:47.5015155Z test_SIScalarBestConversionForQuantity_zero passed
2025-08-19T01:34:47.5015722Z test_SIScalarBestConversionForQuantity_negative passed
2025-08-19T01:34:47.5016669Z test_SIScalarWriteReadJSON_simple passed
2025-08-19T01:34:47.5017134Z test_SIScalarWriteReadJSON_negative passed
2025-08-19T01:34:47.5017644Z test_SIScalarWriteReadJSON_complex_unit passed
2025-08-19T01:34:47.5018184Z Running test_SIScalarWriteReadJSON_array_and_dictionary...
2025-08-19T01:34:47.5018665Z Serialized SIScalar array: ["42 m","-7 kg","3.14 s"]
2025-08-19T01:34:47.5019101Z Serialized SIScalar dictionary: {"distance":"42 m","mass":"-7 kg","duration":"3.14 s"}
2025-08-19T01:34:47.5019698Z test_SIScalarWriteReadJSON_array_and_dictionary passed
2025-08-19T01:34:47.5020041Z 
2025-08-19T01:34:47.5020177Z 0 test(s) failed
2025-08-19T01:34:47.5021194Z rm build/gen/SIScalarScanner.c build/gen/SIUnitExpressionScanner.c build/gen/SIUnitScanner.c build/gen/SIDimensionalityScanner.c build/gen/SIFormulaScanner.c
2025-08-19T01:34:47.5021871Z + make install-shared 'CC=ccache clang'
2025-08-19T01:34:47.5223149Z mkdir -p build build/obj build/gen build/bin build/lib third_party/lib 
2025-08-19T01:34:47.5232473Z OCTypes headers already present. Set OCT_FORCE_FETCH=1 to refresh.
2025-08-19T01:34:47.5238219Z flex -o build/gen/SIDimensionalityScanner.c src/SIDimensionalityScanner.l
2025-08-19T01:34:47.5241792Z OCTypes headers ready under third_party/include/OCTypes
2025-08-19T01:34:47.5242875Z flex -o build/gen/SIFormulaScanner.c src/SIFormulaScanner.l
2025-08-19T01:34:47.5253656Z src/SIDimensionalityScanner.l:24: warning, -s option given but default rule can be matched
2025-08-19T01:34:47.5291331Z flex -o build/gen/SIScalarScanner.c src/SIScalarScanner.l
2025-08-19T01:34:47.5300354Z flex -o build/gen/SIUnitExpressionScanner.c src/SIUnitExpressionScanner.l
2025-08-19T01:34:47.5320758Z src/SIUnitExpressionScanner.l:61: warning, -s option given but default rule can be matched
2025-08-19T01:34:47.5321656Z src/SIScalarScanner.l:168: warning, dangerous trailing context
2025-08-19T01:34:47.5322430Z src/SIScalarScanner.l:168: warning, dangerous trailing context
2025-08-19T01:34:47.5323349Z src/SIScalarScanner.l:173: warning, dangerous trailing context
2025-08-19T01:34:47.5324888Z src/SIScalarScanner.l:163: warning, dangerous trailing context
2025-08-19T01:34:47.5332177Z src/SIScalarScanner.l:168: warning, dangerous trailing context
2025-08-19T01:34:47.5333150Z src/SIScalarScanner.l:163: warning, dangerous trailing context
2025-08-19T01:34:47.5336695Z src/SIScalarScanner.l:98: warning, dangerous trailing context
2025-08-19T01:34:47.5337496Z src/SIScalarScanner.l:98: warning, dangerous trailing context
2025-08-19T01:34:47.5338334Z src/SIScalarScanner.l:98: warning, dangerous trailing context
2025-08-19T01:34:47.5339031Z src/SIScalarScanner.l:168: warning, dangerous trailing context
2025-08-19T01:34:47.5341481Z src/SIScalarScanner.l:188: warning, dangerous trailing context
2025-08-19T01:34:47.5343359Z src/SIScalarScanner.l:98: warning, dangerous trailing context
2025-08-19T01:34:47.5344117Z src/SIScalarScanner.l:98: warning, dangerous trailing context
2025-08-19T01:34:47.5347551Z src/SIScalarScanner.l:188: warning, dangerous trailing context
2025-08-19T01:34:47.5349318Z src/SIScalarScanner.l:98: warning, dangerous trailing context
2025-08-19T01:34:47.5351329Z src/SIScalarScanner.l:98: warning, dangerous trailing context
2025-08-19T01:34:47.5352825Z src/SIScalarScanner.l:98: warning, dangerous trailing context
2025-08-19T01:34:47.5359037Z flex -o build/gen/SIUnitScanner.c src/SIUnitScanner.l
2025-08-19T01:34:47.5398511Z src/SIUnitScanner.l:36: warning, -s option given but default rule can be matched
2025-08-19T01:34:47.5411322Z ccache clang -I. -Isrc -Ibuild/gen -Ithird_party/include -Ithird_party/include/OCTypes -fPIC -O3 -Wall -Wextra -Wno-sign-compare -Wno-unused-parameter -Wno-missing-field-initializers -Wno-unused-function -MMD -MP -c -o build/obj/SIDimensionalityScanner.o build/gen/SIDimensionalityScanner.c
2025-08-19T01:34:47.5438907Z ccache clang -I. -Isrc -Ibuild/gen -Ithird_party/include -Ithird_party/include/OCTypes -fPIC -O3 -Wall -Wextra -Wno-sign-compare -Wno-unused-parameter -Wno-missing-field-initializers -Wno-unused-function -MMD -MP -c -o build/obj/SIFormulaScanner.o build/gen/SIFormulaScanner.c
2025-08-19T01:34:47.5452593Z ccache clang -I. -Isrc -Ibuild/gen -Ithird_party/include -Ithird_party/include/OCTypes -fPIC -O3 -Wall -Wextra -Wno-sign-compare -Wno-unused-parameter -Wno-missing-field-initializers -Wno-unused-function -MMD -MP -c -o build/obj/SIScalarScanner.o build/gen/SIScalarScanner.c
2025-08-19T01:34:47.5480854Z ccache clang -I. -Isrc -Ibuild/gen -Ithird_party/include -Ithird_party/include/OCTypes -fPIC -O3 -Wall -Wextra -Wno-sign-compare -Wno-unused-parameter -Wno-missing-field-initializers -Wno-unused-function -MMD -MP -c -o build/obj/SIUnitExpressionScanner.o build/gen/SIUnitExpressionScanner.c
2025-08-19T01:34:47.5487196Z build/gen/SIScalarScanner.c:1679:13: warning: misleading indentation; statement is not part of the previous 'if' [-Wmisleading-indentation]
2025-08-19T01:34:47.5488248Z  1679 |             if ( ! (yy_state_buf) )
2025-08-19T01:34:47.5488688Z       |             ^
2025-08-19T01:34:47.5489226Z build/gen/SIScalarScanner.c:1677:9: note: previous statement is here
2025-08-19T01:34:47.5489833Z  1677 |         if ( ! (yy_state_buf) )
2025-08-19T01:34:47.5490232Z       |         ^
2025-08-19T01:34:47.5491146Z build/gen/SIScalarScanner.c:2491:3: warning: misleading indentation; statement is not part of the previous 'if' [-Wmisleading-indentation]
2025-08-19T01:34:47.5492221Z  2491 |                 return yy_is_jam ? 0 : yy_current_state;
2025-08-19T01:34:47.5492707Z       |                 ^
2025-08-19T01:34:47.5493255Z build/gen/SIScalarScanner.c:2488:2: note: previous statement is here
2025-08-19T01:34:47.5493865Z  2488 |         if ( ! yy_is_jam )
2025-08-19T01:34:47.5494808Z       |         ^
2025-08-19T01:34:47.5495147Z 2 warnings generated.
2025-08-19T01:34:47.5496892Z ccache clang -I. -Isrc -Ibuild/gen -Ithird_party/include -Ithird_party/include/OCTypes -fPIC -O3 -Wall -Wextra -Wno-sign-compare -Wno-unused-parameter -Wno-missing-field-initializers -Wno-unused-function -MMD -MP -c -o build/obj/SIUnitScanner.o build/gen/SIUnitScanner.c
2025-08-19T01:34:47.5533009Z ar rcs build/lib/libSITypes.a build/obj/SIDimensionality.o build/obj/SIDimensionalityLib.o build/obj/SIQuantity.o build/obj/SIScalar.o build/obj/SIScalarConstants.o build/obj/SIScalarParser.o build/obj/SIScalarParserHelpers.o build/obj/SITypes.o build/obj/SIUnit.o build/obj/SIUnitExpression.o build/obj/SIDimensionalityParser.tab.o build/obj/SIScalarParser.tab.o build/obj/SIUnitExpressionParser.tab.o build/obj/SIUnitParser.tab.o build/obj/SIDimensionalityScanner.o build/obj/SIFormulaScanner.o build/obj/SIScalarScanner.o build/obj/SIUnitExpressionScanner.o build/obj/SIUnitScanner.o
2025-08-19T01:34:47.5542433Z ccache clang -fPIC -O3 -Wall -Wextra -Wno-sign-compare -Wno-unused-parameter -Wno-missing-field-initializers -Wno-unused-function -MMD -MP -shared -fPIC  -o build/lib/libSITypes.so build/obj/SIDimensionality.o build/obj/SIDimensionalityLib.o build/obj/SIQuantity.o build/obj/SIScalar.o build/obj/SIScalarConstants.o build/obj/SIScalarParser.o build/obj/SIScalarParserHelpers.o build/obj/SITypes.o build/obj/SIUnit.o build/obj/SIUnitExpression.o build/obj/SIDimensionalityParser.tab.o build/obj/SIScalarParser.tab.o build/obj/SIUnitExpressionParser.tab.o build/obj/SIUnitParser.tab.o build/obj/SIDimensionalityScanner.o build/obj/SIFormulaScanner.o build/obj/SIScalarScanner.o build/obj/SIUnitExpressionScanner.o build/obj/SIUnitScanner.o -Lthird_party/lib -lOCTypes -lm
2025-08-19T01:34:47.6005814Z mkdir -p install/lib install/include/SITypes
2025-08-19T01:34:47.6019056Z cp build/lib/libSITypes.a install/lib/
2025-08-19T01:34:47.6038503Z cp build/lib/libSITypes.so install/lib/
2025-08-19T01:34:47.6054217Z cp src/*.h install/include/SITypes/
2025-08-19T01:34:47.6082720Z + ccache --show-stats
2025-08-19T01:34:47.6135721Z Cacheable calls:    34 /  36 (94.44%)
2025-08-19T01:34:47.6136165Z   Hits:              5 /  34 (14.71%)
2025-08-19T01:34:47.6136548Z     Direct:          5 /   5 (100.0%)
2025-08-19T01:34:47.6137090Z     Preprocessed:    0 /   5 ( 0.00%)
2025-08-19T01:34:47.6137368Z   Misses:           29 /  34 (85.29%)
2025-08-19T01:34:47.6137793Z Uncacheable calls:   2 /  36 ( 5.56%)
2025-08-19T01:34:47.6138218Z Local storage:
2025-08-19T01:34:47.6138581Z   Cache size (GB): 0.0 / 0.2 ( 0.33%)
2025-08-19T01:34:47.6138979Z   Hits:              5 /  34 (14.71%)
2025-08-19T01:34:47.6139399Z   Misses:           29 /  34 (85.29%)
2025-08-19T01:34:47.6139865Z + test -f install/lib/libSITypes.a
2025-08-19T01:34:47.6140516Z + '[' Linux = macOS ']'
2025-08-19T01:34:47.6140943Z + test -f install/lib/libSITypes.so
2025-08-19T01:34:47.6195050Z ##[group]Run actions/upload-artifact@v4
2025-08-19T01:34:47.6195349Z with:
2025-08-19T01:34:47.6195546Z   name: libSITypes-ubuntu-latest.x64
2025-08-19T01:34:47.6195838Z   path: install/lib/libSITypes.*
2025-08-19T01:34:47.6196078Z   compression-level: 9
2025-08-19T01:34:47.6196285Z   if-no-files-found: error
2025-08-19T01:34:47.6196498Z   overwrite: false
2025-08-19T01:34:47.6196700Z   include-hidden-files: false
2025-08-19T01:34:47.6196929Z env:
2025-08-19T01:34:47.6197096Z   MAKEFLAGS: -j2
2025-08-19T01:34:47.6197330Z   CCACHE_BASEDIR: /home/runner/work/SITypes/SITypes
2025-08-19T01:34:47.6197600Z   CCACHE_COMPRESS: 1
2025-08-19T01:34:47.6197795Z   CCACHE_MAXSIZE: 200M
2025-08-19T01:34:47.6197984Z ##[endgroup]
2025-08-19T01:34:47.8334815Z With the provided path, there will be 2 files uploaded
2025-08-19T01:34:47.8340889Z Artifact name is valid!
2025-08-19T01:34:47.8342205Z Root directory input is valid!
2025-08-19T01:34:47.9850770Z Beginning upload of artifact content to blob storage
2025-08-19T01:34:48.7461752Z Uploaded bytes 507060
2025-08-19T01:34:48.7819828Z Finished uploading artifact content to blob storage!
2025-08-19T01:34:48.7822640Z SHA256 digest of uploaded artifact zip is 670bb4da1e6536c3c93d7ead70ecdd63297d61d86c57aa5c7181c1ad7cbb36ba
2025-08-19T01:34:48.7824665Z Finalizing artifact upload
2025-08-19T01:34:48.8998783Z Artifact libSITypes-ubuntu-latest.x64.zip successfully finalized. Artifact ID 3794207845
2025-08-19T01:34:48.9000305Z Artifact libSITypes-ubuntu-latest.x64 has been successfully uploaded! Final size is 507060 bytes. Artifact ID is 3794207845
2025-08-19T01:34:48.9007574Z Artifact download URL: https://github.com/pjgrandinetti/SITypes/actions/runs/17057074732/artifacts/3794207845
2025-08-19T01:34:48.9129937Z ##[group]Run mkdir -p header-pkg/include
2025-08-19T01:34:48.9130511Z [36;1mmkdir -p header-pkg/include[0m
2025-08-19T01:34:48.9130995Z [36;1mcp src/*.h header-pkg/include/[0m
2025-08-19T01:34:48.9131665Z [36;1mzip -j header-pkg/libSITypes-headers.zip header-pkg/include/*.h[0m
2025-08-19T01:34:48.9189776Z shell: /usr/bin/bash -e {0}
2025-08-19T01:34:48.9190160Z env:
2025-08-19T01:34:48.9190452Z   MAKEFLAGS: -j2
2025-08-19T01:34:48.9190861Z   CCACHE_BASEDIR: /home/runner/work/SITypes/SITypes
2025-08-19T01:34:48.9191439Z   CCACHE_COMPRESS: 1
2025-08-19T01:34:48.9191818Z   CCACHE_MAXSIZE: 200M
2025-08-19T01:34:48.9192182Z ##[endgroup]
2025-08-19T01:34:49.0496731Z   adding: SIDimensionality.h (deflated 78%)
2025-08-19T01:34:49.0497642Z   adding: SIDimensionalityParser.h (deflated 36%)
2025-08-19T01:34:49.0498432Z   adding: SIDimensionalityPrivate.h (deflated 72%)
2025-08-19T01:34:49.0499213Z   adding: SIQuantity.h (deflated 75%)
2025-08-19T01:34:49.0504193Z   adding: SIScalar.h (deflated 80%)
2025-08-19T01:34:49.0505560Z   adding: SIScalarConstants.h (deflated 83%)
2025-08-19T01:34:49.0601189Z   adding: SIScalarConstantsData.h (deflated 74%)
2025-08-19T01:34:49.0601958Z   adding: SIScalarParser.h (deflated 70%)
2025-08-19T01:34:49.0602682Z   adding: SITypes.h (deflated 58%)
2025-08-19T01:34:49.0606048Z   adding: SIUnit.h (deflated 68%)
2025-08-19T01:34:49.0620713Z   adding: SIUnitDefinitions.h (deflated 84%)
2025-08-19T01:34:49.0622796Z   adding: SIUnitExpression.h (deflated 72%)
2025-08-19T01:34:49.0623714Z   adding: SIUnitParser.h (deflated 54%)
2025-08-19T01:34:49.0687396Z ##[group]Run actions/upload-artifact@v4
2025-08-19T01:34:49.0687880Z with:
2025-08-19T01:34:49.0688454Z   name: libSITypes-headers
2025-08-19T01:34:49.0688888Z   path: header-pkg/libSITypes-headers.zip
2025-08-19T01:34:49.0689351Z   compression-level: 9
2025-08-19T01:34:49.0689706Z   if-no-files-found: warn
2025-08-19T01:34:49.0690081Z   overwrite: false
2025-08-19T01:34:49.0690447Z   include-hidden-files: false
2025-08-19T01:34:49.0690838Z env:
2025-08-19T01:34:49.0691134Z   MAKEFLAGS: -j2
2025-08-19T01:34:49.0691540Z   CCACHE_BASEDIR: /home/runner/work/SITypes/SITypes
2025-08-19T01:34:49.0692039Z   CCACHE_COMPRESS: 1
2025-08-19T01:34:49.0692396Z   CCACHE_MAXSIZE: 200M
2025-08-19T01:34:49.0692742Z ##[endgroup]
2025-08-19T01:34:49.2784622Z With the provided path, there will be 1 file uploaded
2025-08-19T01:34:49.2789852Z Artifact name is valid!
2025-08-19T01:34:49.2791103Z Root directory input is valid!
2025-08-19T01:34:49.3942797Z Beginning upload of artifact content to blob storage
2025-08-19T01:34:49.5858042Z Uploaded bytes 79182
2025-08-19T01:34:49.6241204Z Finished uploading artifact content to blob storage!
2025-08-19T01:34:49.6244217Z SHA256 digest of uploaded artifact zip is 052e293f41af97dbba0cdb6256499189b4e74336f013fa0f2a177d404f0d04c6
2025-08-19T01:34:49.6246168Z Finalizing artifact upload
2025-08-19T01:34:49.7081566Z Artifact libSITypes-headers.zip successfully finalized. Artifact ID 3794207902
2025-08-19T01:34:49.7083082Z Artifact libSITypes-headers has been successfully uploaded! Final size is 79182 bytes. Artifact ID is 3794207902
2025-08-19T01:34:49.7089763Z Artifact download URL: https://github.com/pjgrandinetti/SITypes/actions/runs/17057074732/artifacts/3794207902
2025-08-19T01:34:49.7787289Z Post job cleanup.
2025-08-19T01:34:49.9243492Z [command]/usr/bin/tar --posix -cf cache.tzst --exclude cache.tzst -P -C /home/runner/work/SITypes/SITypes --files-from manifest.txt --use-compress-program zstdmt
2025-08-19T01:34:50.4180891Z Sent 968454 of 968454 (100.0%), 2.6 MBs/sec
2025-08-19T01:34:50.4941574Z Cache saved with key: tp-Linux-142a9a7b4a2fdcd82f23c23679e92dd166c7c9337f7a756411286840109b85d4
2025-08-19T01:34:50.6142599Z Post job cleanup.
2025-08-19T01:34:50.7490693Z [warning]Path Validation Error: Path(s) specified in the action for caching do(es) not exist, hence no cache is being saved.
2025-08-19T01:34:50.7590637Z Post job cleanup.
2025-08-19T01:34:50.8396019Z [command]/usr/bin/git version
2025-08-19T01:34:50.8433265Z git version 2.50.1
2025-08-19T01:34:50.8469814Z Temporarily overriding HOME='/home/runner/work/_temp/c0cfcbc5-cf9d-4584-80d9-4bf2382dcd5c' before making global git config changes
2025-08-19T01:34:50.8471176Z Adding repository directory to the temporary git global config as a safe directory
2025-08-19T01:34:50.8475693Z [command]/usr/bin/git config --global --add safe.directory /home/runner/work/SITypes/SITypes
2025-08-19T01:34:50.8509444Z [command]/usr/bin/git config --local --name-only --get-regexp core\.sshCommand
2025-08-19T01:34:50.8540810Z [command]/usr/bin/git submodule foreach --recursive sh -c "git config --local --name-only --get-regexp 'core\.sshCommand' && git config --local --unset-all 'core.sshCommand' || :"
2025-08-19T01:34:50.8763219Z [command]/usr/bin/git config --local --name-only --get-regexp http\.https\:\/\/github\.com\/\.extraheader
2025-08-19T01:34:50.8785357Z http.https://github.com/.extraheader
2025-08-19T01:34:50.8794537Z [command]/usr/bin/git config --local --unset-all http.https://github.com/.extraheader
2025-08-19T01:34:50.8825433Z [command]/usr/bin/git submodule foreach --recursive sh -c "git config --local --name-only --get-regexp 'http\.https\:\/\/github\.com\/\.extraheader' && git config --local --unset-all 'http.https://github.com/.extraheader' || :"
2025-08-19T01:34:50.9155132Z Cleaning up orphan processes
