2025-08-19T01:06:31.6278930Z Current runner version: '2.327.1'
2025-08-19T01:06:31.6313543Z ##[group]Runner Image Provisioner
2025-08-19T01:06:31.6314868Z Hosted Compute Agent
2025-08-19T01:06:31.6315800Z Version: 20250818.377
2025-08-19T01:06:31.6316803Z Commit: 3c593e9f75fe0b87e893bca80d6e12ba089c61fc
2025-08-19T01:06:31.6318071Z Build Date: 2025-08-18T14:52:18Z
2025-08-19T01:06:31.6319107Z ##[endgroup]
2025-08-19T01:06:31.6320031Z ##[group]Operating System
2025-08-19T01:06:31.6321042Z Ubuntu
2025-08-19T01:06:31.6321789Z 24.04.2
2025-08-19T01:06:31.6322573Z LTS
2025-08-19T01:06:31.6324134Z ##[endgroup]
2025-08-19T01:06:31.6324914Z ##[group]Runner Image
2025-08-19T01:06:31.6325830Z Image: ubuntu-24.04
2025-08-19T01:06:31.6326740Z Version: 20250810.1.0
2025-08-19T01:06:31.6328497Z Included Software: https://github.com/actions/runner-images/blob/ubuntu24/20250810.1/images/ubuntu/Ubuntu2404-Readme.md
2025-08-19T01:06:31.6331381Z Image Release: https://github.com/actions/runner-images/releases/tag/ubuntu24%2F20250810.1
2025-08-19T01:06:31.6333074Z ##[endgroup]
2025-08-19T01:06:31.6337792Z ##[group]GITHUB_TOKEN Permissions
2025-08-19T01:06:31.6340866Z Actions: write
2025-08-19T01:06:31.6341874Z Attestations: write
2025-08-19T01:06:31.6342710Z Checks: write
2025-08-19T01:06:31.6343764Z Contents: write
2025-08-19T01:06:31.6344526Z Deployments: write
2025-08-19T01:06:31.6345544Z Discussions: write
2025-08-19T01:06:31.6346440Z Issues: write
2025-08-19T01:06:31.6347170Z Metadata: read
2025-08-19T01:06:31.6348057Z Models: read
2025-08-19T01:06:31.6348833Z Packages: write
2025-08-19T01:06:31.6349735Z Pages: write
2025-08-19T01:06:31.6350595Z PullRequests: write
2025-08-19T01:06:31.6351517Z RepositoryProjects: write
2025-08-19T01:06:31.6352421Z SecurityEvents: write
2025-08-19T01:06:31.6353740Z Statuses: write
2025-08-19T01:06:31.6354563Z ##[endgroup]
2025-08-19T01:06:31.6357463Z Secret source: Actions
2025-08-19T01:06:31.6359114Z Prepare workflow directory
2025-08-19T01:06:31.7095113Z Prepare all required actions
2025-08-19T01:06:31.7151560Z Getting action download info
2025-08-19T01:06:32.0136159Z Download action repository 'actions/checkout@v5' (SHA:08c6903cd8c0fde910a37f88322edcfb5dd907a8)
2025-08-19T01:06:32.2445492Z Download action repository 'msys2/setup-msys2@v2' (SHA:40677d36a502eb2cf0fb808cc9dec31bf6152638)
2025-08-19T01:06:32.4668850Z Download action repository 'actions/cache@v4' (SHA:0400d5f644dc74513175e3cd8d07132dd4860809)
2025-08-19T01:06:32.9685288Z Download action repository 'actions/upload-artifact@v4' (SHA:ea165f8d65b6e75b540449e92b4886f43607fa02)
2025-08-19T01:06:33.1935831Z Complete job name: Build & Test (ubuntu-latest.x64)
2025-08-19T01:06:33.2735600Z ##[group]Run actions/checkout@v5
2025-08-19T01:06:33.2736882Z with:
2025-08-19T01:06:33.2737593Z   fetch-depth: 0
2025-08-19T01:06:33.2738415Z   repository: pjgrandinetti/SITypes
2025-08-19T01:06:33.2739672Z   token: ***
2025-08-19T01:06:33.2740407Z   ssh-strict: true
2025-08-19T01:06:33.2741167Z   ssh-user: git
2025-08-19T01:06:33.2741938Z   persist-credentials: true
2025-08-19T01:06:33.2742837Z   clean: true
2025-08-19T01:06:33.2743837Z   sparse-checkout-cone-mode: true
2025-08-19T01:06:33.2744797Z   fetch-tags: false
2025-08-19T01:06:33.2745567Z   show-progress: true
2025-08-19T01:06:33.2746372Z   lfs: false
2025-08-19T01:06:33.2747086Z   submodules: false
2025-08-19T01:06:33.2747892Z   set-safe-directory: true
2025-08-19T01:06:33.2748995Z env:
2025-08-19T01:06:33.2749703Z   MAKEFLAGS: -j2
2025-08-19T01:06:33.2750594Z   CCACHE_BASEDIR: /home/runner/work/SITypes/SITypes
2025-08-19T01:06:33.2751688Z   CCACHE_COMPRESS: 1
2025-08-19T01:06:33.2752488Z   CCACHE_MAXSIZE: 200M
2025-08-19T01:06:33.2753454Z ##[endgroup]
2025-08-19T01:06:33.3725570Z Syncing repository: pjgrandinetti/SITypes
2025-08-19T01:06:33.3728465Z ##[group]Getting Git version info
2025-08-19T01:06:33.3729790Z Working directory is '/home/runner/work/SITypes/SITypes'
2025-08-19T01:06:33.3731719Z [command]/usr/bin/git version
2025-08-19T01:06:33.3732664Z git version 2.50.1
2025-08-19T01:06:33.3748270Z ##[endgroup]
2025-08-19T01:06:33.3762971Z Temporarily overriding HOME='/home/runner/work/_temp/6ea45cfb-3dd1-4b08-9fef-85a48b30cf8b' before making global git config changes
2025-08-19T01:06:33.3766413Z Adding repository directory to the temporary git global config as a safe directory
2025-08-19T01:06:33.3769305Z [command]/usr/bin/git config --global --add safe.directory /home/runner/work/SITypes/SITypes
2025-08-19T01:06:33.3801204Z Deleting the contents of '/home/runner/work/SITypes/SITypes'
2025-08-19T01:06:33.3804716Z ##[group]Initializing the repository
2025-08-19T01:06:33.3809720Z [command]/usr/bin/git init /home/runner/work/SITypes/SITypes
2025-08-19T01:06:33.3865341Z hint: Using 'master' as the name for the initial branch. This default branch name
2025-08-19T01:06:33.3869557Z hint: is subject to change. To configure the initial branch name to use in all
2025-08-19T01:06:33.3873109Z hint: of your new repositories, which will suppress this warning, call:
2025-08-19T01:06:33.3875305Z hint:
2025-08-19T01:06:33.3877004Z hint: 	git config --global init.defaultBranch <name>
2025-08-19T01:06:33.3878913Z hint:
2025-08-19T01:06:33.3880379Z hint: Names commonly chosen instead of 'master' are 'main', 'trunk' and
2025-08-19T01:06:33.3882451Z hint: 'development'. The just-created branch can be renamed via this command:
2025-08-19T01:06:33.3884212Z hint:
2025-08-19T01:06:33.3884986Z hint: 	git branch -m <name>
2025-08-19T01:06:33.3886024Z hint:
2025-08-19T01:06:33.3887224Z hint: Disable this message with "git config set advice.defaultBranchName false"
2025-08-19T01:06:33.3889194Z Initialized empty Git repository in /home/runner/work/SITypes/SITypes/.git/
2025-08-19T01:06:33.3892427Z [command]/usr/bin/git remote add origin https://github.com/pjgrandinetti/SITypes
2025-08-19T01:06:33.3913045Z ##[endgroup]
2025-08-19T01:06:33.3915265Z ##[group]Disabling automatic garbage collection
2025-08-19T01:06:33.3917127Z [command]/usr/bin/git config --local gc.auto 0
2025-08-19T01:06:33.3944585Z ##[endgroup]
2025-08-19T01:06:33.3946590Z ##[group]Setting up auth
2025-08-19T01:06:33.3949917Z [command]/usr/bin/git config --local --name-only --get-regexp core\.sshCommand
2025-08-19T01:06:33.3980833Z [command]/usr/bin/git submodule foreach --recursive sh -c "git config --local --name-only --get-regexp 'core\.sshCommand' && git config --local --unset-all 'core.sshCommand' || :"
2025-08-19T01:06:33.4247536Z [command]/usr/bin/git config --local --name-only --get-regexp http\.https\:\/\/github\.com\/\.extraheader
2025-08-19T01:06:33.4280049Z [command]/usr/bin/git submodule foreach --recursive sh -c "git config --local --name-only --get-regexp 'http\.https\:\/\/github\.com\/\.extraheader' && git config --local --unset-all 'http.https://github.com/.extraheader' || :"
2025-08-19T01:06:33.4507670Z [command]/usr/bin/git config --local http.https://github.com/.extraheader AUTHORIZATION: basic ***
2025-08-19T01:06:33.4547331Z ##[endgroup]
2025-08-19T01:06:33.4550211Z ##[group]Fetching the repository
2025-08-19T01:06:33.4559863Z [command]/usr/bin/git -c protocol.version=2 fetch --prune --no-recurse-submodules origin +refs/heads/*:refs/remotes/origin/* +refs/tags/*:refs/tags/*
2025-08-19T01:06:33.9653299Z From https://github.com/pjgrandinetti/SITypes
2025-08-19T01:06:33.9656503Z  * [new branch]      master     -> origin/master
2025-08-19T01:06:33.9658941Z  * [new tag]         v0.1.0     -> v0.1.0
2025-08-19T01:06:33.9661212Z  * [new tag]         v0.1.1     -> v0.1.1
2025-08-19T01:06:33.9663537Z  * [new tag]         v0.1.2     -> v0.1.2
2025-08-19T01:06:33.9664755Z  * [new tag]         v0.1.3     -> v0.1.3
2025-08-19T01:06:33.9666174Z  * [new tag]         v0.1.4     -> v0.1.4
2025-08-19T01:06:33.9696052Z [command]/usr/bin/git branch --list --remote origin/master
2025-08-19T01:06:33.9718476Z   origin/master
2025-08-19T01:06:33.9727364Z [command]/usr/bin/git rev-parse refs/remotes/origin/master
2025-08-19T01:06:33.9748565Z 6158c6b2f14553669906653a0b7a05c72f25a031
2025-08-19T01:06:33.9755063Z ##[endgroup]
2025-08-19T01:06:33.9756925Z ##[group]Determining the checkout info
2025-08-19T01:06:33.9759642Z ##[endgroup]
2025-08-19T01:06:33.9760820Z [command]/usr/bin/git sparse-checkout disable
2025-08-19T01:06:33.9799755Z [command]/usr/bin/git config --local --unset-all extensions.worktreeConfig
2025-08-19T01:06:33.9829390Z ##[group]Checking out the ref
2025-08-19T01:06:33.9832500Z [command]/usr/bin/git checkout --progress --force -B master refs/remotes/origin/master
2025-08-19T01:06:33.9977727Z Reset branch 'master'
2025-08-19T01:06:33.9980431Z branch 'master' set up to track 'origin/master'.
2025-08-19T01:06:33.9992847Z ##[endgroup]
2025-08-19T01:06:34.0028808Z [command]/usr/bin/git log -1 --format=%H
2025-08-19T01:06:34.0060773Z 6158c6b2f14553669906653a0b7a05c72f25a031
2025-08-19T01:06:34.0301642Z ##[group]Run sudo apt-get update
2025-08-19T01:06:34.0302780Z [36;1msudo apt-get update[0m
2025-08-19T01:06:34.0304259Z [36;1msudo apt-get install -y clang make flex bison unzip ccache[0m
2025-08-19T01:06:34.0376335Z shell: /usr/bin/bash -e {0}
2025-08-19T01:06:34.0377396Z env:
2025-08-19T01:06:34.0378343Z   MAKEFLAGS: -j2
2025-08-19T01:06:34.0379408Z   CCACHE_BASEDIR: /home/runner/work/SITypes/SITypes
2025-08-19T01:06:34.0380744Z   CCACHE_COMPRESS: 1
2025-08-19T01:06:34.0381713Z   CCACHE_MAXSIZE: 200M
2025-08-19T01:06:34.0382757Z ##[endgroup]
2025-08-19T01:06:34.1538421Z Get:1 file:/etc/apt/apt-mirrors.txt Mirrorlist [144 B]
2025-08-19T01:06:34.1904906Z Hit:2 http://azure.archive.ubuntu.com/ubuntu noble InRelease
2025-08-19T01:06:34.1910380Z Hit:6 https://packages.microsoft.com/repos/azure-cli noble InRelease
2025-08-19T01:06:34.1925849Z Get:3 http://azure.archive.ubuntu.com/ubuntu noble-updates InRelease [126 kB]
2025-08-19T01:06:34.2006816Z Get:4 http://azure.archive.ubuntu.com/ubuntu noble-backports InRelease [126 kB]
2025-08-19T01:06:34.2067436Z Get:5 http://azure.archive.ubuntu.com/ubuntu noble-security InRelease [126 kB]
2025-08-19T01:06:34.2118258Z Get:7 https://packages.microsoft.com/ubuntu/24.04/prod noble InRelease [3600 B]
2025-08-19T01:06:34.4531207Z Get:8 http://azure.archive.ubuntu.com/ubuntu noble-updates/main amd64 Packages [1335 kB]
2025-08-19T01:06:34.4703257Z Get:9 http://azure.archive.ubuntu.com/ubuntu noble-updates/main Translation-en [267 kB]
2025-08-19T01:06:34.4729099Z Get:10 http://azure.archive.ubuntu.com/ubuntu noble-updates/main amd64 Components [175 kB]
2025-08-19T01:06:34.4767249Z Get:11 http://azure.archive.ubuntu.com/ubuntu noble-updates/universe amd64 Packages [1121 kB]
2025-08-19T01:06:34.4926394Z Get:12 http://azure.archive.ubuntu.com/ubuntu noble-updates/universe Translation-en [288 kB]
2025-08-19T01:06:34.4929881Z Get:13 http://azure.archive.ubuntu.com/ubuntu noble-updates/universe amd64 Components [377 kB]
2025-08-19T01:06:34.4943082Z Get:14 http://azure.archive.ubuntu.com/ubuntu noble-updates/restricted amd64 Packages [1694 kB]
2025-08-19T01:06:34.5047495Z Get:15 http://azure.archive.ubuntu.com/ubuntu noble-updates/restricted Translation-en [374 kB]
2025-08-19T01:06:34.5095127Z Get:16 http://azure.archive.ubuntu.com/ubuntu noble-updates/restricted amd64 Components [212 B]
2025-08-19T01:06:34.5105762Z Get:17 http://azure.archive.ubuntu.com/ubuntu noble-updates/multiverse amd64 Components [940 B]
2025-08-19T01:06:34.5627428Z Get:18 http://azure.archive.ubuntu.com/ubuntu noble-backports/main amd64 Components [7068 B]
2025-08-19T01:06:34.5633301Z Get:19 http://azure.archive.ubuntu.com/ubuntu noble-backports/universe amd64 Packages [30.2 kB]
2025-08-19T01:06:34.5658454Z Get:20 http://azure.archive.ubuntu.com/ubuntu noble-backports/universe Translation-en [17.4 kB]
2025-08-19T01:06:34.5667845Z Get:21 http://azure.archive.ubuntu.com/ubuntu noble-backports/universe amd64 Components [19.2 kB]
2025-08-19T01:06:34.5676376Z Get:22 http://azure.archive.ubuntu.com/ubuntu noble-backports/restricted amd64 Components [212 B]
2025-08-19T01:06:34.5688184Z Get:23 http://azure.archive.ubuntu.com/ubuntu noble-backports/multiverse amd64 Components [212 B]
2025-08-19T01:06:34.5839651Z Get:24 http://azure.archive.ubuntu.com/ubuntu noble-security/main amd64 Packages [1075 kB]
2025-08-19T01:06:34.5909580Z Get:25 http://azure.archive.ubuntu.com/ubuntu noble-security/main Translation-en [186 kB]
2025-08-19T01:06:34.5934360Z Get:26 http://azure.archive.ubuntu.com/ubuntu noble-security/main amd64 Components [21.6 kB]
2025-08-19T01:06:34.5943884Z Get:27 http://azure.archive.ubuntu.com/ubuntu noble-security/universe amd64 Packages [879 kB]
2025-08-19T01:06:34.6010901Z Get:28 http://azure.archive.ubuntu.com/ubuntu noble-security/universe Translation-en [195 kB]
2025-08-19T01:06:34.6022011Z Get:29 http://azure.archive.ubuntu.com/ubuntu noble-security/universe amd64 Components [52.2 kB]
2025-08-19T01:06:34.6029559Z Get:30 http://azure.archive.ubuntu.com/ubuntu noble-security/restricted amd64 Packages [1610 kB]
2025-08-19T01:06:34.6128911Z Get:31 http://azure.archive.ubuntu.com/ubuntu noble-security/restricted Translation-en [357 kB]
2025-08-19T01:06:34.6439129Z Get:34 https://packages.microsoft.com/ubuntu/24.04/prod noble/main amd64 Packages [47.9 kB]
2025-08-19T01:06:34.6477735Z Get:35 https://packages.microsoft.com/ubuntu/24.04/prod noble/main arm64 Packages [33.1 kB]
2025-08-19T01:06:34.6577737Z Get:32 http://azure.archive.ubuntu.com/ubuntu noble-security/restricted amd64 Components [212 B]
2025-08-19T01:06:34.6585240Z Get:33 http://azure.archive.ubuntu.com/ubuntu noble-security/multiverse amd64 Components [212 B]
2025-08-19T01:06:43.6530617Z Fetched 10.5 MB in 1s (7524 kB/s)
2025-08-19T01:06:44.3576886Z Reading package lists...
2025-08-19T01:06:44.3929921Z Reading package lists...
2025-08-19T01:06:44.5668892Z Building dependency tree...
2025-08-19T01:06:44.5676402Z Reading state information...
2025-08-19T01:06:44.7254486Z make is already the newest version (4.3-4.1build2).
2025-08-19T01:06:44.7255639Z flex is already the newest version (2.6.4-8.2build1).
2025-08-19T01:06:44.7256637Z bison is already the newest version (2:3.8.2+dfsg-1build2).
2025-08-19T01:06:44.7258065Z unzip is already the newest version (6.0-28ubuntu4.1).
2025-08-19T01:06:44.7259486Z The following additional packages will be installed:
2025-08-19T01:06:44.7261138Z   libhiredis1.1.0
2025-08-19T01:06:44.7268423Z Suggested packages:
2025-08-19T01:06:44.7269324Z   distcc | icecc
2025-08-19T01:06:44.7585234Z The following NEW packages will be installed:
2025-08-19T01:06:44.7592234Z   ccache clang libhiredis1.1.0
2025-08-19T01:06:44.7771383Z 0 upgraded, 3 newly installed, 0 to remove and 39 not upgraded.
2025-08-19T01:06:44.7772295Z Need to get 639 kB of archives.
2025-08-19T01:06:44.7773100Z After this operation, 1777 kB of additional disk space will be used.
2025-08-19T01:06:44.7773919Z Get:1 file:/etc/apt/apt-mirrors.txt Mirrorlist [144 B]
2025-08-19T01:06:44.8094449Z Get:2 http://azure.archive.ubuntu.com/ubuntu noble/universe amd64 libhiredis1.1.0 amd64 1.2.0-6ubuntu3 [41.4 kB]
2025-08-19T01:06:44.8253234Z Get:3 http://azure.archive.ubuntu.com/ubuntu noble/universe amd64 ccache amd64 4.9.1-1 [592 kB]
2025-08-19T01:06:44.8523200Z Get:4 http://azure.archive.ubuntu.com/ubuntu noble/universe amd64 clang amd64 1:18.0-59~exp2 [5846 B]
2025-08-19T01:06:45.1177953Z Fetched 639 kB in 0s (7393 kB/s)
2025-08-19T01:06:45.1488705Z Selecting previously unselected package libhiredis1.1.0:amd64.
2025-08-19T01:06:45.1961365Z (Reading database ... 
2025-08-19T01:06:45.1961923Z (Reading database ... 5%
2025-08-19T01:06:45.1962303Z (Reading database ... 10%
2025-08-19T01:06:45.1962659Z (Reading database ... 15%
2025-08-19T01:06:45.1963191Z (Reading database ... 20%
2025-08-19T01:06:45.1964038Z (Reading database ... 25%
2025-08-19T01:06:45.1964680Z (Reading database ... 30%
2025-08-19T01:06:45.1965220Z (Reading database ... 35%
2025-08-19T01:06:45.1965731Z (Reading database ... 40%
2025-08-19T01:06:45.1966247Z (Reading database ... 45%
2025-08-19T01:06:45.1966806Z (Reading database ... 50%
2025-08-19T01:06:45.3454410Z (Reading database ... 55%
2025-08-19T01:06:45.5028554Z (Reading database ... 60%
2025-08-19T01:06:45.7270398Z (Reading database ... 65%
2025-08-19T01:06:45.8455178Z (Reading database ... 70%
2025-08-19T01:06:45.9195737Z (Reading database ... 75%
2025-08-19T01:06:46.2709440Z (Reading database ... 80%
2025-08-19T01:06:46.7804500Z (Reading database ... 85%
2025-08-19T01:06:47.4090575Z (Reading database ... 90%
2025-08-19T01:06:47.9300287Z (Reading database ... 95%
2025-08-19T01:06:47.9301252Z (Reading database ... 100%
2025-08-19T01:06:47.9302557Z (Reading database ... 219881 files and directories currently installed.)
2025-08-19T01:06:47.9359301Z Preparing to unpack .../libhiredis1.1.0_1.2.0-6ubuntu3_amd64.deb ...
2025-08-19T01:06:47.9395430Z Unpacking libhiredis1.1.0:amd64 (1.2.0-6ubuntu3) ...
2025-08-19T01:06:47.9654336Z Selecting previously unselected package ccache.
2025-08-19T01:06:47.9801374Z Preparing to unpack .../ccache_4.9.1-1_amd64.deb ...
2025-08-19T01:06:47.9812819Z Unpacking ccache (4.9.1-1) ...
2025-08-19T01:06:48.0428531Z Selecting previously unselected package clang.
2025-08-19T01:06:48.0575751Z Preparing to unpack .../clang_1%3a18.0-59~exp2_amd64.deb ...
2025-08-19T01:06:48.0586955Z Unpacking clang (1:18.0-59~exp2) ...
2025-08-19T01:06:48.1049719Z Setting up clang (1:18.0-59~exp2) ...
2025-08-19T01:06:48.1484291Z Setting up libhiredis1.1.0:amd64 (1.2.0-6ubuntu3) ...
2025-08-19T01:06:48.1512998Z Setting up ccache (4.9.1-1) ...
2025-08-19T01:06:48.1539123Z Updating symlinks in /usr/lib/ccache ...
2025-08-19T01:06:48.1674934Z Processing triggers for libc-bin (2.39-0ubuntu8.5) ...
2025-08-19T01:06:49.7336979Z Processing triggers for man-db (2.12.0-4build2) ...
2025-08-19T01:07:27.4475042Z 
2025-08-19T01:07:27.4475660Z Running kernel seems to be up-to-date.
2025-08-19T01:07:27.4476027Z 
2025-08-19T01:07:27.4476160Z Restarting services...
2025-08-19T01:07:27.4557532Z 
2025-08-19T01:07:27.4558113Z Service restarts being deferred:
2025-08-19T01:07:27.4559462Z  systemctl restart hosted-compute-agent.service
2025-08-19T01:07:27.4559886Z 
2025-08-19T01:07:27.4560253Z No containers need to be restarted.
2025-08-19T01:07:27.4564461Z 
2025-08-19T01:07:27.4565004Z No user sessions are running outdated binaries.
2025-08-19T01:07:27.4565293Z 
2025-08-19T01:07:27.4565727Z No VM guests are running outdated hypervisor (qemu) binaries on this host.
2025-08-19T01:07:28.6804670Z ##[group]Run actions/cache@v4
2025-08-19T01:07:28.6805000Z with:
2025-08-19T01:07:28.6805303Z   path: ~/.ccache
C:\msys64\home\runneradmin\.ccache

2025-08-19T01:07:28.6805945Z   key: ccache-Linux-4a900c46ed108d3dfb3adcfaea76a5f9325cf27e4984a33f3f3111d20d25618e
2025-08-19T01:07:28.6806534Z   restore-keys: ccache-Linux-

2025-08-19T01:07:28.6806853Z   enableCrossOsArchive: false
2025-08-19T01:07:28.6807169Z   fail-on-cache-miss: false
2025-08-19T01:07:28.6807463Z   lookup-only: false
2025-08-19T01:07:28.6807718Z   save-always: false
2025-08-19T01:07:28.6807977Z env:
2025-08-19T01:07:28.6808191Z   MAKEFLAGS: -j2
2025-08-19T01:07:28.6808503Z   CCACHE_BASEDIR: /home/runner/work/SITypes/SITypes
2025-08-19T01:07:28.6808893Z   CCACHE_COMPRESS: 1
2025-08-19T01:07:28.6809158Z   CCACHE_MAXSIZE: 200M
2025-08-19T01:07:28.6809419Z ##[endgroup]
2025-08-19T01:07:28.9064557Z Cache not found for input keys: ccache-Linux-4a900c46ed108d3dfb3adcfaea76a5f9325cf27e4984a33f3f3111d20d25618e, ccache-Linux-
2025-08-19T01:07:28.9730421Z ##[group]Run actions/cache@v4
2025-08-19T01:07:28.9730707Z with:
2025-08-19T01:07:28.9730902Z   path: third_party
2025-08-19T01:07:28.9731301Z   key: tp-Linux-938a2e6f3b18269d635b5d0b340f0fb5a92836893aab92af11fcc55f881bb0e6
2025-08-19T01:07:28.9731762Z   restore-keys: tp-Linux-

2025-08-19T01:07:28.9732021Z   enableCrossOsArchive: false
2025-08-19T01:07:28.9732275Z   fail-on-cache-miss: false
2025-08-19T01:07:28.9732528Z   lookup-only: false
2025-08-19T01:07:28.9732740Z   save-always: false
2025-08-19T01:07:28.9732949Z env:
2025-08-19T01:07:28.9733127Z   MAKEFLAGS: -j2
2025-08-19T01:07:28.9733603Z   CCACHE_BASEDIR: /home/runner/work/SITypes/SITypes
2025-08-19T01:07:28.9733928Z   CCACHE_COMPRESS: 1
2025-08-19T01:07:28.9734140Z   CCACHE_MAXSIZE: 200M
2025-08-19T01:07:28.9734356Z ##[endgroup]
2025-08-19T01:07:29.1831745Z Cache hit for restore-key: tp-Linux-20f1bec874b8cbd40b1ded9e738285e76f8f283698cac08226a3f1a81e5ab226
2025-08-19T01:07:29.3128000Z Received 968504 of 968504 (100.0%), 13.0 MBs/sec
2025-08-19T01:07:29.3128933Z Cache Size: ~1 MB (968504 B)
2025-08-19T01:07:29.3157620Z [command]/usr/bin/tar -xf /home/runner/work/_temp/218321ce-e3e8-4c61-b5cc-b0d6b5280342/cache.tzst -P -C /home/runner/work/SITypes/SITypes --use-compress-program unzstd
2025-08-19T01:07:29.3269278Z Cache restored successfully
2025-08-19T01:07:29.3350354Z Cache restored from key: tp-Linux-20f1bec874b8cbd40b1ded9e738285e76f8f283698cac08226a3f1a81e5ab226
2025-08-19T01:07:29.3456929Z ##[group]Run set -euxo pipefail
2025-08-19T01:07:29.3457283Z [36;1mset -euxo pipefail[0m
2025-08-19T01:07:29.3457565Z [36;1mccache --zero-stats || true[0m
2025-08-19T01:07:29.3457850Z [36;1mmake clean[0m
2025-08-19T01:07:29.3458079Z [36;1mmake octypes[0m
2025-08-19T01:07:29.3458322Z [36;1mmake test CC="ccache clang"[0m
2025-08-19T01:07:29.3458636Z [36;1mmake install-shared CC="ccache clang"[0m
2025-08-19T01:07:29.3458951Z [36;1mccache --show-stats || true[0m
2025-08-19T01:07:29.3459261Z [36;1m# Verify libs[0m
2025-08-19T01:07:29.3459531Z [36;1mtest -f install/lib/libSITypes.a[0m
2025-08-19T01:07:29.3459844Z [36;1mif [ "$RUNNER_OS" = "macOS" ]; then[0m
2025-08-19T01:07:29.3460173Z [36;1m  test -f install/lib/libSITypes.dylib[0m
2025-08-19T01:07:29.3460472Z [36;1melse[0m
2025-08-19T01:07:29.3460702Z [36;1m  test -f install/lib/libSITypes.so[0m
2025-08-19T01:07:29.3460991Z [36;1mfi[0m
2025-08-19T01:07:29.3502393Z shell: /usr/bin/bash -e {0}
2025-08-19T01:07:29.3502716Z env:
2025-08-19T01:07:29.3502924Z   MAKEFLAGS: -j2
2025-08-19T01:07:29.3503212Z   CCACHE_BASEDIR: /home/runner/work/SITypes/SITypes
2025-08-19T01:07:29.3503700Z   CCACHE_COMPRESS: 1
2025-08-19T01:07:29.3503941Z   CCACHE_MAXSIZE: 200M
2025-08-19T01:07:29.3504187Z ##[endgroup]
2025-08-19T01:07:29.3562743Z + ccache --zero-stats
2025-08-19T01:07:29.4052128Z Statistics zeroed
2025-08-19T01:07:29.4056106Z + make clean
2025-08-19T01:07:29.4262891Z rm -f -r build runTests runTests.asan runTests.debug *.dSYM
2025-08-19T01:07:29.4277680Z rm -f *.tab.* *Scanner.c *.d core.*
2025-08-19T01:07:29.4292409Z rm -f -rf docs/doxygen docs/_build docs/html build-xcode install
2025-08-19T01:07:29.4301241Z rm -f -r lib  # Remove old lib directory if it exists
2025-08-19T01:07:29.4316022Z rm -f rebuild.log
2025-08-19T01:07:29.4327122Z + make octypes
2025-08-19T01:07:29.4526652Z OCTypes lib ready at third_party/lib/libOCTypes.a
2025-08-19T01:07:29.4528322Z OCTypes headers ready under third_party/include/OCTypes
2025-08-19T01:07:29.4532431Z + make test 'CC=ccache clang'
2025-08-19T01:07:29.4731395Z OCTypes lib ready at third_party/lib/libOCTypes.a
2025-08-19T01:07:29.4734452Z mkdir -p build build/obj build/gen build/bin build/lib third_party/lib third_party/include
2025-08-19T01:07:29.4735310Z OCTypes headers ready under third_party/include/OCTypes
2025-08-19T01:07:29.4747261Z bison -d --defines=build/gen/SIDimensionalityParser.tab.h -o build/gen/SIDimensionalityParser.tab.c src/SIDimensionalityParser.y
2025-08-19T01:07:29.4949388Z bison -d --defines=build/gen/SIScalarParser.tab.h -o build/gen/SIScalarParser.tab.c src/SIScalarParser.y
2025-08-19T01:07:29.6132681Z src/SIDimensionalityParser.ysrc/SIScalarParser.y:14.1-18: warning::13 .1deprecated directive: ‘%name-prefix="sis"’, use ‘%define api.prefix {sis}’-18 [: warning: -Wdeprecated]deprecated directive: ‘%name-prefix="sid"’, use ‘%define api.prefix {sid}’
2025-08-19T01:07:29.6136652Z  [-Wdeprecated]
2025-08-19T01:07:29.6137221Z    13 |    14 | %%nnaammee--pprreeffiixx==""ssiids""
2025-08-19T01:07:29.6137651Z 
2025-08-19T01:07:29.6137830Z       |       | ^^~~~~~~~~~~~~~~~~~~~~~~~~~~~~~~~~~~
2025-08-19T01:07:29.6138189Z 
2025-08-19T01:07:29.6138444Z       |       | %define api.prefix {sis}%define api.prefix {sid}
2025-08-19T01:07:29.6138792Z 
2025-08-19T01:07:29.6139046Z src/SIScalarParser.y: warning: 1 shift/reduce conflict [-Wconflicts-sr]
2025-08-19T01:07:29.6139718Z src/SIScalarParser.y: note: rerun with option '-Wcounterexamples' to generate conflict counterexamples
2025-08-19T01:07:29.9058140Z src/SIDimensionalityParser.y: warning: fix-its can be applied.  Rerun with option '--update'. [-Wother]
2025-08-19T01:07:29.9060562Z bison -d --defines=build/gen/SIUnitExpressionParser.tab.h -o build/gen/SIUnitExpressionParser.tab.c src/SIUnitExpressionParser.y
2025-08-19T01:07:29.9073770Z src/SIUnitExpressionParser.y:15.1-19: warning: deprecated directive: ‘%name-prefix="siue"’, use ‘%define api.prefix {siue}’ [-Wdeprecated]
2025-08-19T01:07:29.9074932Z    15 | %name-prefix="siue"
2025-08-19T01:07:29.9075686Z       | ^~~~~~~~~~~~~~~~~~~
2025-08-19T01:07:29.9076118Z       | %define api.prefix {siue}
2025-08-19T01:07:29.9080891Z src/SIUnitExpressionParser.y:202.3-207.1: warning: unset value: $$ [-Wother]
2025-08-19T01:07:29.9081868Z   202 | | UNKNOWN_SYMBOL {
2025-08-19T01:07:29.9082260Z       |   ^~~~~~~~~~~~~~~~
2025-08-19T01:07:29.9083265Z src/SIUnitExpressionParser.y: warning: 4 shift/reduce conflicts [-Wconflicts-sr]
2025-08-19T01:07:29.9084624Z src/SIUnitExpressionParser.y: warning: 3 reduce/reduce conflicts [-Wconflicts-rr]
2025-08-19T01:07:29.9086257Z src/SIUnitExpressionParser.y: note: rerun with option '-Wcounterexamples' to generate conflict counterexamples
2025-08-19T01:07:29.9117634Z src/SIScalarParser.y: warning: fix-its can be applied.  Rerun with option '--update'. [-Wother]
2025-08-19T01:07:29.9120341Z bison -d --defines=build/gen/SIUnitParser.tab.h -o build/gen/SIUnitParser.tab.c src/SIUnitParser.y
2025-08-19T01:07:29.9131431Z src/SIUnitParser.y:13.1-18: warning: deprecated directive: ‘%name-prefix="siu"’, use ‘%define api.prefix {siu}’ [-Wdeprecated]
2025-08-19T01:07:29.9132265Z    13 | %name-prefix="siu"
2025-08-19T01:07:29.9132498Z       | ^~~~~~~~~~~~~~~~~~
2025-08-19T01:07:29.9132735Z       | %define api.prefix {siu}
2025-08-19T01:07:29.9418682Z src/SIUnitParser.y: warning: fix-its can be applied.  Rerun with option '--update'. [-Wother]
2025-08-19T01:07:29.9423508Z ccache clang -I. -Isrc -Ibuild/gen -Ithird_party/include -Ithird_party/include/OCTypes -fPIC -O3 -Wall -Wextra -Wno-sign-compare -Wno-unused-parameter -Wno-missing-field-initializers -Wno-unused-function -MMD -MP -Ithird_party/include/OCTypes -c -o build/obj/SIDimensionality.o src/SIDimensionality.c
2025-08-19T01:07:29.9426083Z src/SIUnitExpressionParser.y: warning: fix-its can be applied.  Rerun with option '--update'. [-Wother]
2025-08-19T01:07:29.9430710Z ccache clang -I. -Isrc -Ibuild/gen -Ithird_party/include -Ithird_party/include/OCTypes -fPIC -O3 -Wall -Wextra -Wno-sign-compare -Wno-unused-parameter -Wno-missing-field-initializers -Wno-unused-function -MMD -MP -Ithird_party/include/OCTypes -c -o build/obj/SIDimensionalityLib.o src/SIDimensionalityLib.c
2025-08-19T01:07:33.8491465Z ccache clang -I. -Isrc -Ibuild/gen -Ithird_party/include -Ithird_party/include/OCTypes -fPIC -O3 -Wall -Wextra -Wno-sign-compare -Wno-unused-parameter -Wno-missing-field-initializers -Wno-unused-function -MMD -MP -Ithird_party/include/OCTypes -c -o build/obj/SIQuantity.o src/SIQuantity.c
2025-08-19T01:07:33.9176955Z ccache clang -I. -Isrc -Ibuild/gen -Ithird_party/include -Ithird_party/include/OCTypes -fPIC -O3 -Wall -Wextra -Wno-sign-compare -Wno-unused-parameter -Wno-missing-field-initializers -Wno-unused-function -MMD -MP -Ithird_party/include/OCTypes -c -o build/obj/SIScalar.o src/SIScalar.c
2025-08-19T01:07:33.9518935Z ccache clang -I. -Isrc -Ibuild/gen -Ithird_party/include -Ithird_party/include/OCTypes -fPIC -O3 -Wall -Wextra -Wno-sign-compare -Wno-unused-parameter -Wno-missing-field-initializers -Wno-unused-function -MMD -MP -Ithird_party/include/OCTypes -c -o build/obj/SIScalarConstants.o src/SIScalarConstants.c
2025-08-19T01:07:34.2095253Z ccache clang -I. -Isrc -Ibuild/gen -Ithird_party/include -Ithird_party/include/OCTypes -fPIC -O3 -Wall -Wextra -Wno-sign-compare -Wno-unused-parameter -Wno-missing-field-initializers -Wno-unused-function -MMD -MP -Ithird_party/include/OCTypes -c -o build/obj/SIScalarParser.o src/SIScalarParser.c
2025-08-19T01:07:34.3699121Z ccache clang -I. -Isrc -Ibuild/gen -Ithird_party/include -Ithird_party/include/OCTypes -fPIC -O3 -Wall -Wextra -Wno-sign-compare -Wno-unused-parameter -Wno-missing-field-initializers -Wno-unused-function -MMD -MP -Ithird_party/include/OCTypes -c -o build/obj/SIScalarParserHelpers.o src/SIScalarParserHelpers.c
2025-08-19T01:07:34.5012188Z ccache clang -I. -Isrc -Ibuild/gen -Ithird_party/include -Ithird_party/include/OCTypes -fPIC -O3 -Wall -Wextra -Wno-sign-compare -Wno-unused-parameter -Wno-missing-field-initializers -Wno-unused-function -MMD -MP -Ithird_party/include/OCTypes -c -o build/obj/SITypes.o src/SITypes.c
2025-08-19T01:07:34.5072877Z ccache clang -I. -Isrc -Ibuild/gen -Ithird_party/include -Ithird_party/include/OCTypes -fPIC -O3 -Wall -Wextra -Wno-sign-compare -Wno-unused-parameter -Wno-missing-field-initializers -Wno-unused-function -MMD -MP -Ithird_party/include/OCTypes -c -o build/obj/SIUnit.o src/SIUnit.c
2025-08-19T01:07:34.5898830Z ccache clang -I. -Isrc -Ibuild/gen -Ithird_party/include -Ithird_party/include/OCTypes -fPIC -O3 -Wall -Wextra -Wno-sign-compare -Wno-unused-parameter -Wno-missing-field-initializers -Wno-unused-function -MMD -MP -Ithird_party/include/OCTypes -c -o build/obj/SIUnitExpression.o src/SIUnitExpression.c
2025-08-19T01:07:34.8374346Z ccache clang -I. -Isrc -Ibuild/gen -Ithird_party/include -Ithird_party/include/OCTypes -fPIC -O3 -Wall -Wextra -Wno-sign-compare -Wno-unused-parameter -Wno-missing-field-initializers -Wno-unused-function -MMD -MP -Ithird_party/include/OCTypes -c -o build/obj/SIDimensionalityParser.tab.o build/gen/SIDimensionalityParser.tab.c
2025-08-19T01:07:34.9464229Z ccache clang -I. -Isrc -Ibuild/gen -Ithird_party/include -Ithird_party/include/OCTypes -fPIC -O3 -Wall -Wextra -Wno-sign-compare -Wno-unused-parameter -Wno-missing-field-initializers -Wno-unused-function -MMD -MP -Ithird_party/include/OCTypes -c -o build/obj/SIScalarParser.tab.o build/gen/SIScalarParser.tab.c
2025-08-19T01:07:35.0621146Z ccache clang -I. -Isrc -Ibuild/gen -Ithird_party/include -Ithird_party/include/OCTypes -fPIC -O3 -Wall -Wextra -Wno-sign-compare -Wno-unused-parameter -Wno-missing-field-initializers -Wno-unused-function -MMD -MP -Ithird_party/include/OCTypes -c -o build/obj/SIUnitExpressionParser.tab.o build/gen/SIUnitExpressionParser.tab.c
2025-08-19T01:07:35.1877699Z ccache clang -I. -Isrc -Ibuild/gen -Ithird_party/include -Ithird_party/include/OCTypes -fPIC -O3 -Wall -Wextra -Wno-sign-compare -Wno-unused-parameter -Wno-missing-field-initializers -Wno-unused-function -MMD -MP -Ithird_party/include/OCTypes -c -o build/obj/SIUnitParser.tab.o build/gen/SIUnitParser.tab.c
2025-08-19T01:07:35.3008283Z flex -o build/gen/SIDimensionalityScanner.c src/SIDimensionalityScanner.l
2025-08-19T01:07:35.4149492Z flex -o build/gen/SIFormulaScanner.c src/SIFormulaScanner.l
2025-08-19T01:07:35.4353982Z src/SIDimensionalityScanner.l:24: warning, -s option given but default rule can be matched
2025-08-19T01:07:35.4389171Z flex -o build/gen/SIScalarScanner.c src/SIScalarScanner.l
2025-08-19T01:07:35.4391728Z flex -o build/gen/SIUnitExpressionScanner.c src/SIUnitExpressionScanner.l
2025-08-19T01:07:35.4412662Z src/SIUnitExpressionScanner.l:61: warning, -s option given but default rule can be matched
2025-08-19T01:07:35.4418143Z src/SIScalarScanner.l:168: warning, dangerous trailing context
2025-08-19T01:07:35.4422314Z src/SIScalarScanner.l:168: warning, dangerous trailing context
2025-08-19T01:07:35.4426215Z src/SIScalarScanner.l:173: warning, dangerous trailing context
2025-08-19T01:07:35.4426994Z src/SIScalarScanner.l:163: warning, dangerous trailing context
2025-08-19T01:07:35.4433885Z src/SIScalarScanner.l:168: warning, dangerous trailing context
2025-08-19T01:07:35.4434602Z src/SIScalarScanner.l:163: warning, dangerous trailing context
2025-08-19T01:07:35.4438470Z src/SIScalarScanner.l:98: warning, dangerous trailing context
2025-08-19T01:07:35.4439470Z src/SIScalarScanner.l:98: warning, dangerous trailing context
2025-08-19T01:07:35.4440725Z src/SIScalarScanner.l:98: warning, dangerous trailing context
2025-08-19T01:07:35.4441492Z src/SIScalarScanner.l:168: warning, dangerous trailing context
2025-08-19T01:07:35.4446099Z src/SIScalarScanner.l:188: warning, dangerous trailing context
2025-08-19T01:07:35.4447970Z src/SIScalarScanner.l:98: warning, dangerous trailing context
2025-08-19T01:07:35.4451778Z src/SIScalarScanner.l:98: warning, dangerous trailing context
2025-08-19T01:07:35.4452421Z flex -o build/gen/SIUnitScanner.c src/SIUnitScanner.l
2025-08-19T01:07:35.4453228Z src/SIScalarScanner.l:188: warning, dangerous trailing context
2025-08-19T01:07:35.4456339Z src/SIScalarScanner.l:98: warning, dangerous trailing context
2025-08-19T01:07:35.4459492Z src/SIScalarScanner.l:98: warning, dangerous trailing context
2025-08-19T01:07:35.4461199Z src/SIScalarScanner.l:98: warning, dangerous trailing context
2025-08-19T01:07:35.4490914Z src/SIUnitScanner.l:36: warning, -s option given but default rule can be matched
2025-08-19T01:07:35.4517037Z ccache clang -I. -Isrc -Ibuild/gen -Ithird_party/include -Ithird_party/include/OCTypes -fPIC -O3 -Wall -Wextra -Wno-sign-compare -Wno-unused-parameter -Wno-missing-field-initializers -Wno-unused-function -MMD -MP -Ithird_party/include/OCTypes -c -o build/obj/main.o tests/main.c
2025-08-19T01:07:35.4527923Z ccache clang -I. -Isrc -Ibuild/gen -Ithird_party/include -Ithird_party/include/OCTypes -fPIC -O3 -Wall -Wextra -Wno-sign-compare -Wno-unused-parameter -Wno-missing-field-initializers -Wno-unused-function -MMD -MP -Ithird_party/include/OCTypes -c -o build/obj/test_dimensionality.o tests/test_dimensionality.c
2025-08-19T01:07:35.5950894Z ccache clang -I. -Isrc -Ibuild/gen -Ithird_party/include -Ithird_party/include/OCTypes -fPIC -O3 -Wall -Wextra -Wno-sign-compare -Wno-unused-parameter -Wno-missing-field-initializers -Wno-unused-function -MMD -MP -Ithird_party/include/OCTypes -c -o build/obj/test_duplicate_units.o tests/test_duplicate_units.c
2025-08-19T01:07:35.6213695Z ccache clang -I. -Isrc -Ibuild/gen -Ithird_party/include -Ithird_party/include/OCTypes -fPIC -O3 -Wall -Wextra -Wno-sign-compare -Wno-unused-parameter -Wno-missing-field-initializers -Wno-unused-function -MMD -MP -Ithird_party/include/OCTypes -c -o build/obj/test_octypes.o tests/test_octypes.c
2025-08-19T01:07:35.7263647Z tests/test_duplicate_units.c:23:46: warning: format specifies type 'unsigned long long' but the argument has type 'uint64_t' (aka 'unsigned long') [-Wformat]
2025-08-19T01:07:35.7265052Z    23 |     printf("Total units in library: %llu\n", count);
2025-08-19T01:07:35.7265541Z       |                                     ~~~~     ^~~~~
2025-08-19T01:07:35.7265991Z       |                                     %lu
2025-08-19T01:07:35.7266801Z tests/test_duplicate_units.c:59:64: warning: format specifies type 'unsigned long long' but the argument has type 'uint64_t' (aka 'unsigned long') [-Wformat]
2025-08-19T01:07:35.7267924Z    59 |         printf("✓ All %llu units are static instances.\n\n", count);
2025-08-19T01:07:35.7268320Z       |                       ~~~~                                   ^~~~~
2025-08-19T01:07:35.7268628Z       |                       %lu
2025-08-19T01:07:35.7268923Z 2 warnings generated.
2025-08-19T01:07:35.7283845Z ccache clang -I. -Isrc -Ibuild/gen -Ithird_party/include -Ithird_party/include/OCTypes -fPIC -O3 -Wall -Wextra -Wno-sign-compare -Wno-unused-parameter -Wno-missing-field-initializers -Wno-unused-function -MMD -MP -Ithird_party/include/OCTypes -c -o build/obj/test_scalar.o tests/test_scalar.c
2025-08-19T01:07:35.7307198Z ccache clang -I. -Isrc -Ibuild/gen -Ithird_party/include -Ithird_party/include/OCTypes -fPIC -O3 -Wall -Wextra -Wno-sign-compare -Wno-unused-parameter -Wno-missing-field-initializers -Wno-unused-function -MMD -MP -Ithird_party/include/OCTypes -c -o build/obj/test_scalar_parser.o tests/test_scalar_parser.c
2025-08-19T01:07:35.9560134Z ccache clang -I. -Isrc -Ibuild/gen -Ithird_party/include -Ithird_party/include/OCTypes -fPIC -O3 -Wall -Wextra -Wno-sign-compare -Wno-unused-parameter -Wno-missing-field-initializers -Wno-unused-function -MMD -MP -Ithird_party/include/OCTypes -c -o build/obj/test_unit.o tests/test_unit.c
2025-08-19T01:07:36.1977582Z ccache clang -I. -Isrc -Ibuild/gen -Ithird_party/include -Ithird_party/include/OCTypes -fPIC -O3 -Wall -Wextra -Wno-sign-compare -Wno-unused-parameter -Wno-missing-field-initializers -Wno-unused-function -MMD -MP -Ithird_party/include/OCTypes -c -o build/obj/test_unit_expression.o tests/test_unit_expression.c
2025-08-19T01:07:36.2225666Z ccache clang -I. -Isrc -Ibuild/gen -Ithird_party/include -Ithird_party/include/OCTypes -fPIC -O3 -Wall -Wextra -Wno-sign-compare -Wno-unused-parameter -Wno-missing-field-initializers -Wno-unused-function -MMD -MP -Ithird_party/include/OCTypes -c -o build/obj/test_unit_from_expression_robust.o tests/test_unit_from_expression_robust.c
2025-08-19T01:07:36.3499242Z ccache clang -I. -Isrc -Ibuild/gen -Ithird_party/include -Ithird_party/include/OCTypes -fPIC -O3 -Wall -Wextra -Wno-sign-compare -Wno-unused-parameter -Wno-missing-field-initializers -Wno-unused-function -MMD -MP -Ithird_party/include/OCTypes -c -o build/obj/test_unit_power_operations.o tests/test_unit_power_operations.c
2025-08-19T01:07:36.3793805Z ccache clang -I. -Isrc -Ibuild/gen -Ithird_party/include -Ithird_party/include/OCTypes -fPIC -O3 -Wall -Wextra -Wno-sign-compare -Wno-unused-parameter -Wno-missing-field-initializers -Wno-unused-function -MMD -MP -Ithird_party/include/OCTypes -c -o build/obj/SIDimensionalityScanner.o build/gen/SIDimensionalityScanner.c
2025-08-19T01:07:36.4416623Z ccache clang -I. -Isrc -Ibuild/gen -Ithird_party/include -Ithird_party/include/OCTypes -fPIC -O3 -Wall -Wextra -Wno-sign-compare -Wno-unused-parameter -Wno-missing-field-initializers -Wno-unused-function -MMD -MP -Ithird_party/include/OCTypes -c -o build/obj/SIFormulaScanner.o build/gen/SIFormulaScanner.c
2025-08-19T01:07:36.6242183Z ccache clang -I. -Isrc -Ibuild/gen -Ithird_party/include -Ithird_party/include/OCTypes -fPIC -O3 -Wall -Wextra -Wno-sign-compare -Wno-unused-parameter -Wno-missing-field-initializers -Wno-unused-function -MMD -MP -Ithird_party/include/OCTypes -c -o build/obj/SIScalarScanner.o build/gen/SIScalarScanner.c
2025-08-19T01:07:36.6703144Z ccache clang -I. -Isrc -Ibuild/gen -Ithird_party/include -Ithird_party/include/OCTypes -fPIC -O3 -Wall -Wextra -Wno-sign-compare -Wno-unused-parameter -Wno-missing-field-initializers -Wno-unused-function -MMD -MP -Ithird_party/include/OCTypes -c -o build/obj/SIUnitExpressionScanner.o build/gen/SIUnitExpressionScanner.c
2025-08-19T01:07:36.8796720Z build/gen/SIScalarScanner.c:1679:13: warning: misleading indentation; statement is not part of the previous 'if' [-Wmisleading-indentation]
2025-08-19T01:07:36.8797994Z  1679 |             if ( ! (yy_state_buf) )
2025-08-19T01:07:36.8798486Z       |             ^
2025-08-19T01:07:36.8799097Z build/gen/SIScalarScanner.c:1677:9: note: previous statement is here
2025-08-19T01:07:36.8799893Z  1677 |         if ( ! (yy_state_buf) )
2025-08-19T01:07:36.8800447Z       |         ^
2025-08-19T01:07:36.8801506Z build/gen/SIScalarScanner.c:2491:3: warning: misleading indentation; statement is not part of the previous 'if' [-Wmisleading-indentation]
2025-08-19T01:07:36.8802947Z  2491 |                 return yy_is_jam ? 0 : yy_current_state;
2025-08-19T01:07:36.8803750Z       |                 ^
2025-08-19T01:07:36.8804475Z build/gen/SIScalarScanner.c:2488:2: note: previous statement is here
2025-08-19T01:07:36.8805254Z  2488 |         if ( ! yy_is_jam )
2025-08-19T01:07:36.8805744Z       |         ^
2025-08-19T01:07:36.8806347Z 2 warnings generated.
2025-08-19T01:07:36.8820340Z ccache clang -I. -Isrc -Ibuild/gen -Ithird_party/include -Ithird_party/include/OCTypes -fPIC -O3 -Wall -Wextra -Wno-sign-compare -Wno-unused-parameter -Wno-missing-field-initializers -Wno-unused-function -MMD -MP -Ithird_party/include/OCTypes -c -o build/obj/SIUnitScanner.o build/gen/SIUnitScanner.c
2025-08-19T01:07:37.1068815Z ar rcs build/lib/libSITypes.a build/obj/SIDimensionality.o build/obj/SIDimensionalityLib.o build/obj/SIQuantity.o build/obj/SIScalar.o build/obj/SIScalarConstants.o build/obj/SIScalarParser.o build/obj/SIScalarParserHelpers.o build/obj/SITypes.o build/obj/SIUnit.o build/obj/SIUnitExpression.o build/obj/SIDimensionalityParser.tab.o build/obj/SIScalarParser.tab.o build/obj/SIUnitExpressionParser.tab.o build/obj/SIUnitParser.tab.o build/obj/SIDimensionalityScanner.o build/obj/SIFormulaScanner.o build/obj/SIScalarScanner.o build/obj/SIUnitExpressionScanner.o build/obj/SIUnitScanner.o
2025-08-19T01:07:42.5061838Z ccache clang -I. -Isrc -Ibuild/gen -Ithird_party/include -Ithird_party/include/OCTypes -fPIC -O3 -Wall -Wextra -Wno-sign-compare -Wno-unused-parameter -Wno-missing-field-initializers -Wno-unused-function -MMD -MP -Ithird_party/include/OCTypes -Itests build/obj/main.o build/obj/test_dimensionality.o build/obj/test_duplicate_units.o build/obj/test_octypes.o build/obj/test_scalar.o build/obj/test_scalar_parser.o build/obj/test_unit.o build/obj/test_unit_expression.o build/obj/test_unit_from_expression_robust.o build/obj/test_unit_power_operations.o \
2025-08-19T01:07:42.5066464Z   -Wl,--start-group build/lib/libSITypes.a third_party/lib/libOCTypes.a -Wl,--end-group -lm -o runTests
2025-08-19T01:07:42.6466737Z ./runTests
2025-08-19T01:07:46.8095906Z === OCTypes Tests ===
2025-08-19T01:07:46.8096712Z Running octypesTest1...
2025-08-19T01:07:46.8097466Z octypesTest1 passed
2025-08-19T01:07:46.8098254Z Running octypesTest2...
2025-08-19T01:07:46.8098979Z octypesTest2 passed
2025-08-19T01:07:46.8099672Z Running octypesTest3...
2025-08-19T01:07:46.8100393Z octypesTest3 passed
2025-08-19T01:07:46.8101086Z Running octypesTest4...
2025-08-19T01:07:46.8101592Z octypesTest4 passed
2025-08-19T01:07:46.8102005Z Running octypesTest5...
2025-08-19T01:07:46.8102428Z octypesTest5 passed
2025-08-19T01:07:46.8102815Z Running octypesTest6...
2025-08-19T01:07:46.8103155Z octypesTest6 passed
2025-08-19T01:07:46.8103525Z 
2025-08-19T01:07:46.8103673Z === Dimensionality Tests ===
2025-08-19T01:07:46.8104074Z Running test_dimensionality_0...
2025-08-19T01:07:46.8104495Z test_dimensionality_0 passed
2025-08-19T01:07:46.8104908Z Running test_dimensionality_1...
2025-08-19T01:07:46.8105328Z test_dimensionality_1 passed
2025-08-19T01:07:46.8105721Z Running test_dimensionality_2...
2025-08-19T01:07:46.8106123Z test_dimensionality_2 passed
2025-08-19T01:07:46.8106504Z Running test_dimensionality_3...
2025-08-19T01:07:46.8106905Z test_dimensionality_3 passed
2025-08-19T01:07:46.8107297Z Running test_dimensionality_show...
2025-08-19T01:07:46.8107725Z test_dimensionality_show passed
2025-08-19T01:07:46.8108198Z Running test_dimensionality_symbol_acceleration...
2025-08-19T01:07:46.8108752Z test_dimensionality_symbol_acceleration passed
2025-08-19T01:07:46.8109261Z Running test_dimensionality_divide_mass...
2025-08-19T01:07:46.8109726Z test_dimensionality_divide_mass passed
2025-08-19T01:07:46.8110208Z Running test_dimensionality_multiply_work...
2025-08-19T01:07:46.8110697Z test_dimensionality_multiply_work passed
2025-08-19T01:07:46.8111165Z Running test_dimensionality_power_area...
2025-08-19T01:07:46.8111631Z test_dimensionality_power_area passed
2025-08-19T01:07:46.8112127Z Running test_dimensionality_reduction_behavior...
2025-08-19T01:07:46.8112657Z test_dimensionality_reduction_behavior passed
2025-08-19T01:07:46.8113146Z Running test_dimensionality_deep_copy...
2025-08-19T01:07:46.8113636Z test_dimensionality_deep_copy passed
2025-08-19T01:07:46.8113864Z 
2025-08-19T01:07:46.8114024Z Running test_dimensionality_parser_strictness...
2025-08-19T01:07:46.8114431Z test_dimensionality_parser_strictness passed
2025-08-19T01:07:46.8114687Z 
2025-08-19T01:07:46.8114790Z === SIUnit Tests ===
2025-08-19T01:07:46.8115054Z Running test_unit_0...
2025-08-19T01:07:46.8115317Z test_unit_0 passed
2025-08-19T01:07:46.8115575Z Running test_unit_1...
2025-08-19T01:07:46.8115836Z test_unit_1 passed
2025-08-19T01:07:46.8116080Z Running test_unit_3...
2025-08-19T01:07:46.8116339Z test_unit_3 passed
2025-08-19T01:07:46.8116587Z Running test_unit_4...
2025-08-19T01:07:46.8116841Z test_unit_4 passed
2025-08-19T01:07:46.8117089Z Running test_unit_5...
2025-08-19T01:07:46.8117881Z test_unit_5 passed
2025-08-19T01:07:46.8118132Z Running test_unit_6...
2025-08-19T01:07:46.8118392Z test_unit_6 passed
2025-08-19T01:07:46.8118642Z Running test_unit_7...
2025-08-19T01:07:46.8118896Z test_unit_7 passed
2025-08-19T01:07:46.8119144Z Running test_unit_8...
2025-08-19T01:07:46.8119402Z test_unit_8 passed
2025-08-19T01:07:46.8119647Z Running test_unit_9...
2025-08-19T01:07:46.8119912Z test_unit_9 passed
2025-08-19T01:07:46.8120162Z Running test_unit_10...
2025-08-19T01:07:46.8120619Z test_unit_10 passed
2025-08-19T01:07:46.8120872Z Running test_unit_11...
2025-08-19T01:07:46.8121136Z test_unit_11 passed
2025-08-19T01:07:46.8121286Z 
2025-08-19T01:07:46.8121392Z Running test_unit_12...
2025-08-19T01:07:46.8121648Z test_unit_12 passed
2025-08-19T01:07:46.8121897Z Running test_unit_13...
2025-08-19T01:07:46.8122157Z test_unit_13 passed
2025-08-19T01:07:46.8122541Z Running test_unit_14...
2025-08-19T01:07:46.8122832Z test_unit_14 passed
2025-08-19T01:07:46.8123146Z Running test_unit_by_multiplying_without_reducing...
2025-08-19T01:07:46.8123669Z test_unit_by_multiplying_without_reducing passed
2025-08-19T01:07:46.8123911Z 
2025-08-19T01:07:46.8124050Z Running test_unit_by_dividing_without_reducing...
2025-08-19T01:07:46.8124425Z test_unit_by_dividing_without_reducing passed
2025-08-19T01:07:46.8124771Z Running test_unit_by_taking_nth_root...
2025-08-19T01:07:46.8125090Z test_unit_by_taking_nth_root passed
2025-08-19T01:07:46.8125298Z 
2025-08-19T01:07:46.8125481Z Running test_unit_by_raising_to_power_without_reducing...
2025-08-19T01:07:46.8125915Z test_unit_by_raising_to_power_without_reducing passed
2025-08-19T01:07:46.8126176Z 
2025-08-19T01:07:46.8126302Z Running test_unit_unicode_normalization...
2025-08-19T01:07:46.8126638Z test_unit_unicode_normalization passed
2025-08-19T01:07:46.8126858Z 
2025-08-19T01:07:46.8126965Z Running test_unit_registration...
2025-08-19T01:07:46.8127273Z Testing unit registration behavior
2025-08-19T01:07:46.8127571Z test_unit_registration passed
2025-08-19T01:07:46.8127895Z Running test_unit_canonical_expressions...
2025-08-19T01:07:46.8128233Z test_unit_canonical_expressions passed
2025-08-19T01:07:46.8128444Z 
2025-08-19T01:07:46.8128587Z Running test_unit_from_expression_equivalence...
2025-08-19T01:07:46.8128957Z test_unit_from_expression_equivalence passed
2025-08-19T01:07:46.8129189Z 
2025-08-19T01:07:46.8129302Z Running test_unit_count_token_symbols...
2025-08-19T01:07:46.8129623Z test_unit_count_token_symbols passed
2025-08-19T01:07:46.8129824Z 
2025-08-19T01:07:46.8129831Z 
2025-08-19T01:07:46.8130011Z === SIUnitCreateCleanedExpression Comprehensive Tests ===
2025-08-19T01:07:46.8130511Z Running comprehensive SIUnitCreateCleanedExpression test suite...
2025-08-19T01:07:46.8150582Z 
2025-08-19T01:07:46.8150812Z Running test_unit_expression_cleaner_basic_canonicalization...
2025-08-19T01:07:46.8151292Z test_unit_expression_cleaner_basic_canonicalization passed
2025-08-19T01:07:46.8151725Z Running test_unit_expression_cleaner_power_notation...
2025-08-19T01:07:46.8152129Z test_unit_expression_cleaner_power_notation passed
2025-08-19T01:07:46.8152547Z Running test_unit_expression_cleaner_multiplication_ordering...
2025-08-19T01:07:46.8152995Z test_unit_expression_cleaner_multiplication_ordering passed
2025-08-19T01:07:46.8153543Z Running test_unit_expression_cleaner_power_consolidation...
2025-08-19T01:07:46.8153973Z test_unit_expression_cleaner_power_consolidation passed
2025-08-19T01:07:46.8154397Z Running test_unit_expression_cleaner_division_operations...
2025-08-19T01:07:46.8154802Z test_unit_expression_cleaner_division_operations passed
2025-08-19T01:07:46.8155210Z Running test_unit_expression_cleaner_complex_expressions...
2025-08-19T01:07:46.8155611Z test_unit_expression_cleaner_complex_expressions passed
2025-08-19T01:07:46.8156007Z Running test_unit_expression_cleaner_unicode_operators...
2025-08-19T01:07:46.8156397Z test_unit_expression_cleaner_unicode_operators passed
2025-08-19T01:07:46.8156806Z Running test_unit_expression_cleaner_unicode_normalization...
2025-08-19T01:07:46.8157433Z test_unit_expression_cleaner_unicode_normalization passed
2025-08-19T01:07:46.8157859Z Running test_unit_expression_cleaner_expression_equivalence...
2025-08-19T01:07:46.8158297Z test_unit_expression_cleaner_expression_equivalence passed
2025-08-19T01:07:46.8158688Z Running test_unit_expression_cleaner_edge_cases...
2025-08-19T01:07:46.8159046Z test_unit_expression_cleaner_edge_cases passed
2025-08-19T01:07:46.8159428Z Running test_unit_expression_cleaner_parenthetical_powers...
2025-08-19T01:07:46.8159957Z test_unit_expression_cleaner_parenthetical_powers passed
2025-08-19T01:07:47.2912339Z Running test_unit_expression_cleaner_consistency...
2025-08-19T01:07:47.2913739Z test_unit_expression_cleaner_consistency passed
2025-08-19T01:07:47.2914875Z Running test_unit_expression_cleaner_reciprocal_expressions...
2025-08-19T01:07:47.2916110Z test_unit_expression_cleaner_reciprocal_expressions passed
2025-08-19T01:07:47.2916863Z 
2025-08-19T01:07:47.2917217Z === SIUnitCreateCleanedExpression Comprehensive Test Results ===
2025-08-19T01:07:47.2917921Z Overall result: ALL TESTS PASSED
2025-08-19T01:07:47.2918233Z 
2025-08-19T01:07:47.2918392Z === Duplicate Units Tests ===
2025-08-19T01:07:47.2918940Z === Testing for duplicate unit pointers in unitsLibrary ===
2025-08-19T01:07:47.2919533Z Total units in library: 4070
2025-08-19T01:07:47.2919807Z 
2025-08-19T01:07:47.2919982Z === Checking static instance status ===
2025-08-19T01:07:47.2920759Z ✓ All 4070 units are static instances.
2025-08-19T01:07:47.2921114Z 
2025-08-19T01:07:47.2921321Z === Checking for duplicate unit pointers ===
2025-08-19T01:07:47.2921687Z 
2025-08-19T01:07:47.2921885Z ✓ Library integrity check passed:
2025-08-19T01:07:47.2922267Z   - No duplicate unit pointers
2025-08-19T01:07:47.2922631Z   - All units are static instances
2025-08-19T01:07:47.2922873Z 
2025-08-19T01:07:47.2923013Z === Unit Power Operations Tests ===
2025-08-19T01:07:47.2923548Z Running test_unit_negative_power_operations...
2025-08-19T01:07:47.2924014Z test_unit_negative_power_operations passed
2025-08-19T01:07:47.2924467Z Running test_unit_inverse_expression_parsing...
2025-08-19T01:07:47.2924915Z test_unit_inverse_expression_parsing passed
2025-08-19T01:07:47.2925360Z Running test_unit_negative_exponent_parsing...
2025-08-19T01:07:47.2925798Z test_unit_negative_exponent_parsing passed
2025-08-19T01:07:47.2926072Z 
2025-08-19T01:07:47.2926216Z === SIUnitFromExpression Robust Tests ===
2025-08-19T01:07:47.2926641Z     SUCCESS: Canonical form working correctly
2025-08-19T01:07:47.2926927Z 
2025-08-19T01:07:47.2927081Z SIUnitFromExpression robust test PASSED
2025-08-19T01:07:47.2927351Z 
2025-08-19T01:07:47.2927481Z === SIScalar Parser Tests ===
2025-08-19T01:07:47.2927826Z Running test_scalar_parser_1...
2025-08-19T01:07:47.2928178Z test_scalar_parser_1 passed
2025-08-19T01:07:47.2928514Z Running test_scalar_parser_2...
2025-08-19T01:07:47.2928851Z test_scalar_parser_2 passed
2025-08-19T01:07:47.2929184Z Running test_scalar_parser_3...
2025-08-19T01:07:47.2929529Z test_scalar_parser_3 passed
2025-08-19T01:07:47.2929851Z Running test_scalar_parser_4...
2025-08-19T01:07:47.2930191Z test_scalar_parser_4 passed
2025-08-19T01:07:47.2930520Z Running test_scalar_parser_5...
2025-08-19T01:07:47.2930851Z test_scalar_parser_5 passed
2025-08-19T01:07:47.2931179Z Running test_scalar_parser_6...
2025-08-19T01:07:47.2931520Z test_scalar_parser_6 passed
2025-08-19T01:07:47.2931841Z Running test_scalar_parser_7...
2025-08-19T01:07:47.2932177Z test_scalar_parser_7 passed
2025-08-19T01:07:47.2932452Z Running test_scalar_parser_8...
2025-08-19T01:07:47.2932732Z test_scalar_parser_8 passed
2025-08-19T01:07:47.2932995Z Running test_scalar_parser_9...
2025-08-19T01:07:47.2933275Z test_scalar_parser_9 passed
2025-08-19T01:07:47.2933683Z Running test_scalar_parser_10...
2025-08-19T01:07:47.2933976Z test_scalar_parser_10 passed
2025-08-19T01:07:47.2934261Z Running test_scalar_parser_11...
2025-08-19T01:07:47.2934547Z test_scalar_parser_11 passed
2025-08-19T01:07:47.2934832Z Running test_scalar_parser_12...
2025-08-19T01:07:47.2935542Z test_scalar_parser_12 passed
2025-08-19T01:07:47.2935832Z Running test_scalar_parser_13...
2025-08-19T01:07:47.2936203Z     π value: 1.000000000000000
2025-08-19T01:07:47.2936530Z     π * (5 m)^2 value: 78.539816339744817
2025-08-19T01:07:47.2936897Z     π * (5 m)^2 units: m^3/m
2025-08-19T01:07:47.2937163Z test_scalar_parser_13 passed
2025-08-19T01:07:47.2937459Z Running test_scalar_parser_infinity...
2025-08-19T01:07:47.2937784Z   Testing basic infinity parsing...
2025-08-19T01:07:47.2938238Z     inf = inf (isinf: 1)
2025-08-19T01:07:47.2938510Z   Testing Unicode infinity symbol...
2025-08-19T01:07:47.2938842Z     ∞ = inf (isinf: 1)
2025-08-19T01:07:47.2939096Z   Testing negative infinity...
2025-08-19T01:07:47.2939390Z     -inf = -inf (isinf: -1, negative: 1)
2025-08-19T01:07:47.2939713Z   Testing infinity with units...
2025-08-19T01:07:47.2939990Z     inf m/s = inf m/s
2025-08-19T01:07:47.2940254Z   Testing infinity arithmetic - addition...
2025-08-19T01:07:47.2940588Z     inf + 5 = inf (isinf: 1)
2025-08-19T01:07:47.2940897Z   Testing infinity arithmetic - multiplication...
2025-08-19T01:07:47.2941236Z     2 * inf = inf (isinf: 1)
2025-08-19T01:07:47.2941515Z   Testing division by infinity...
2025-08-19T01:07:47.2941805Z     5 / inf = 0.000000
2025-08-19T01:07:47.2942045Z   Testing division by zero...
2025-08-19T01:07:47.2942297Z     5 / 0 = inf (isinf: 1)
2025-08-19T01:07:47.2942528Z   Testing infinity to the power...
2025-08-19T01:07:47.2942782Z     (inf)^2 = inf (isinf: 1)
2025-08-19T01:07:47.2943060Z   Testing complex expression with infinity and units...
2025-08-19T01:07:47.2943544Z     (inf m/s) * (2 s) = inf m•s/s
2025-08-19T01:07:47.2943799Z   Testing functions with infinity...
2025-08-19T01:07:47.2944056Z     sqrt(inf) = inf (isinf: 1)
2025-08-19T01:07:47.2944304Z test_scalar_parser_infinity passed
2025-08-19T01:07:47.2944473Z 
2025-08-19T01:07:47.2944559Z === NMR Function Tests ===
2025-08-19T01:07:47.2944791Z Running test_nmr_functions...
2025-08-19T01:07:47.2945031Z   Testing spin[H1]...
2025-08-19T01:07:47.2945238Z     spin[H1] = 0.500000
2025-08-19T01:07:47.2945468Z   Testing μ_I[H1]...
2025-08-19T01:07:47.2945703Z     μ_I[H1] = 2.792847 µ_N
2025-08-19T01:07:47.2945961Z   Testing 𝛾_I[H1]...
2025-08-19T01:07:47.2946248Z     𝛾_I[H1] = 267522191.787411 rad/(s·T)
2025-08-19T01:07:47.2946504Z   Testing nmr[H1]...
2025-08-19T01:07:47.2946705Z     nmr[H1] = 42.577479 MHz/T
2025-08-19T01:07:47.2946931Z test_nmr_functions passed
2025-08-19T01:07:47.2947083Z 
2025-08-19T01:07:47.2947172Z === SIScalar Tests ===
2025-08-19T01:07:47.2947391Z test_SIScalarGetTypeID passed
2025-08-19T01:07:47.2947644Z test_SIScalarCreateCopy passed
2025-08-19T01:07:47.2947899Z test_SIScalarCreateMutableCopy passed
2025-08-19T01:07:47.2948187Z test_SIScalarCreateWithFloat passed
2025-08-19T01:07:47.2948484Z test_SIScalarCreateMutableWithFloat passed
2025-08-19T01:07:47.2948781Z test_SIScalarCreateWithDouble passed
2025-08-19T01:07:47.2949075Z test_SIScalarCreateMutableWithDouble passed
2025-08-19T01:07:47.2949397Z test_SIScalarCreateWithFloatComplex passed
2025-08-19T01:07:47.2949728Z test_SIScalarCreateMutableWithFloatComplex passed
2025-08-19T01:07:47.2950071Z test_SIScalarCreateWithDoubleComplex passed
2025-08-19T01:07:47.2950410Z test_SIScalarCreateMutableWithDoubleComplex passed
2025-08-19T01:07:47.2950730Z test_SIScalarGetValue passed
2025-08-19T01:07:47.2950981Z test_SIScalarSetFloatValue passed
2025-08-19T01:07:47.2951248Z test_SIScalarSetDoubleValue passed
2025-08-19T01:07:47.2951533Z test_SIScalarSetFloatComplexValue passed
2025-08-19T01:07:47.2951843Z test_SIScalarSetDoubleComplexValue passed
2025-08-19T01:07:47.2952139Z test_SIScalarSetNumericType passed
2025-08-19T01:07:47.2952386Z test_SIScalarFloatValue passed
2025-08-19T01:07:47.2952622Z test_SIScalarDoubleValue passed
2025-08-19T01:07:47.2952869Z test_SIScalarFloatComplexValue passed
2025-08-19T01:07:47.2953140Z test_SIScalarDoubleComplexValue passed
2025-08-19T01:07:47.2953598Z test_SIScalarCreateByConvertingToNumberType passed
2025-08-19T01:07:47.2954117Z test_SIScalarTakeComplexPart passed
2025-08-19T01:07:47.4206715Z test_SIScalarCreateByTakingComplexPart passed
2025-08-19T01:07:47.4207537Z test_SIScalarCreateByReducingUnit passed
2025-08-19T01:07:47.4208391Z test_SIScalarReduceUnit passed
2025-08-19T01:07:47.4209211Z test_SIScalarConvertToUnit passed
2025-08-19T01:07:47.4209977Z test_SIScalarCreateByConvertingToUnit passed
2025-08-19T01:07:47.4210824Z test_SIScalarConvertToCoherentUnit passed
2025-08-19T01:07:47.4212208Z test_SIScalarCreateByConvertingToCoherentUnit passed
2025-08-19T01:07:47.4213150Z test_SIScalarCreateByAdding passed
2025-08-19T01:07:47.4213914Z test_SIScalarAdd passed
2025-08-19T01:07:47.4214251Z test_SIScalarCreateBySubtracting passed
2025-08-19T01:07:47.4214524Z test_SIScalarSubtract passed
2025-08-19T01:07:47.4214831Z test_SIScalarCreateByMultiplyingWithoutReducingUnit passed
2025-08-19T01:07:47.4215196Z test_SIScalarMultiplyWithoutReducingUnit passed
2025-08-19T01:07:47.4215489Z test_SIScalarCreateByMultiplying passed
2025-08-19T01:07:47.4215756Z test_SIScalarMultiply passed
2025-08-19T01:07:47.4216081Z test_SIScalarCreateByDividingWithoutReducingUnit passed
2025-08-19T01:07:47.4216416Z test_SIScalarDivideWithoutReducingUnit passed
2025-08-19T01:07:47.4216686Z test_SIScalarCreateByDividing passed
2025-08-19T01:07:47.4216925Z test_SIScalarDivide passed
2025-08-19T01:07:47.4217225Z test_SIScalarCreateByRaisingToPowerWithoutReducingUnit passed
2025-08-19T01:07:47.4217605Z test_SIScalarRaiseToAPowerWithoutReducingUnit passed
2025-08-19T01:07:47.4217914Z test_SIScalarCreateByRaisingToPower passed
2025-08-19T01:07:47.4218178Z test_SIScalarRaiseToAPower passed
2025-08-19T01:07:47.4218438Z test_SIScalarCreateByTakingAbsoluteValue passed
2025-08-19T01:07:47.4218718Z test_SIScalarTakeAbsoluteValue passed
2025-08-19T01:07:47.4219038Z test_SIScalarCreateByGammaFunctionWithoutReducingUnit passed
2025-08-19T01:07:47.4219373Z test_SIScalarCreateByTakingNthRoot passed
2025-08-19T01:07:47.4219624Z test_SIScalarTakeNthRoot passed
2025-08-19T01:07:47.4219854Z test_SIScalarTakeLog10 passed
2025-08-19T01:07:47.4220086Z test_SIScalarCreateByZeroingPart passed
2025-08-19T01:07:47.4220328Z test_SIScalarZeroPart passed
2025-08-19T01:07:47.4220600Z test_SIScalarMultiplyByDimensionlessRealConstant passed
2025-08-19T01:07:47.4221005Z test_SIScalarCreateByMultiplyingByDimensionlessRealConstant passed
2025-08-19T01:07:47.4221467Z test_SIScalarCreateByMultiplyingByDimensionlessComplexConstant passed
2025-08-19T01:07:47.4221902Z test_SIScalarMultiplyByDimensionlessComplexConstant passed
2025-08-19T01:07:47.4222231Z test_SIScalarCreateByConjugation passed
2025-08-19T01:07:47.4222476Z test_SIScalarConjugate passed
2025-08-19T01:07:47.4222702Z Testing SIScalarShow (output below): 1.23 m
2025-08-19T01:07:47.4850008Z 
2025-08-19T01:07:47.4850623Z test_SIScalarShow passed
2025-08-19T01:07:47.4851224Z test_SIScalarCreateStringValue passed
2025-08-19T01:07:47.4851710Z test_SIScalarCreateNumericStringValue passed
2025-08-19T01:07:47.4852194Z test_SIScalarCreateStringValueForPart passed
2025-08-19T01:07:47.4852592Z test_SIScalarCopyUnitSymbol passed
2025-08-19T01:07:47.4852989Z test_SIScalarCreateStringValueWithFormat passed
2025-08-19T01:07:47.4853658Z test_SIScalarCreateNumericStringValueWithFormat passed
2025-08-19T01:07:47.4854130Z test_SIScalarAddToArrayAsStringValue passed
2025-08-19T01:07:47.4854509Z test_SIScalarIsReal passed
2025-08-19T01:07:47.4854850Z test_SIScalarIsImaginary passed
2025-08-19T01:07:47.4855211Z test_SIScalarIsComplex passed
2025-08-19T01:07:47.4855576Z test_SIScalarIsZero passed
2025-08-19T01:07:47.4855913Z test_SIScalarIsInfinite passed
2025-08-19T01:07:47.4856324Z test_SIScalarIsRealNonNegativeInteger passed
2025-08-19T01:07:47.4856808Z test_SIScalarValidateProposedStringValue passed
2025-08-19T01:07:47.4857242Z test_SIScalarEqual passed
2025-08-19T01:07:47.4857576Z test_SIScalarCompare passed
2025-08-19T01:07:47.4857935Z test_SIScalarCompareReduced passed
2025-08-19T01:07:47.4858327Z test_SIScalarCompareLoose passed
2025-08-19T01:07:47.4859073Z test_SIScalarBestConversionForQuantity passed
2025-08-19T01:07:47.4859573Z test_SIScalarBestConversionForQuantity_large passed
2025-08-19T01:07:47.4860196Z test_SIScalarBestConversionForQuantity_tiny passed
2025-08-19T01:07:47.4861048Z test_SIScalarBestConversionForQuantity_noop passed
2025-08-19T01:07:47.4861658Z test_SIScalarBestConversionForQuantity_zero passed
2025-08-19T01:07:47.4862278Z test_SIScalarBestConversionForQuantity_negative passed
2025-08-19T01:07:47.4863094Z test_SIScalarWriteReadJSON_simple passed
2025-08-19T01:07:47.4863879Z test_SIScalarWriteReadJSON_negative passed
2025-08-19T01:07:47.4864536Z test_SIScalarWriteReadJSON_complex_unit passed
2025-08-19T01:07:47.4865327Z Running test_SIScalarWriteReadJSON_array_and_dictionary...
2025-08-19T01:07:47.4865994Z Serialized SIScalar array: ["42 m","-7 kg","3.14 s"]
2025-08-19T01:07:47.4866563Z Serialized SIScalar dictionary: {"distance":"42 m","mass":"-7 kg","duration":"3.14 s"}
2025-08-19T01:07:47.4867124Z test_SIScalarWriteReadJSON_array_and_dictionary passed
2025-08-19T01:07:47.4867409Z 
2025-08-19T01:07:47.4867497Z 0 test(s) failed
2025-08-19T01:07:47.4867757Z + make install-shared 'CC=ccache clang'
2025-08-19T01:07:47.4868633Z rm build/gen/SIScalarScanner.c build/gen/SIUnitExpressionScanner.c build/gen/SIUnitScanner.c build/gen/SIDimensionalityScanner.c build/gen/SIFormulaScanner.c
2025-08-19T01:07:47.5080846Z mkdir -p build build/obj build/gen build/bin build/lib third_party/lib third_party/include
2025-08-19T01:07:47.5090281Z OCTypes headers ready under third_party/include/OCTypes
2025-08-19T01:07:47.5093988Z flex -o build/gen/SIDimensionalityScanner.c src/SIDimensionalityScanner.l
2025-08-19T01:07:47.5096575Z flex -o build/gen/SIFormulaScanner.c src/SIFormulaScanner.l
2025-08-19T01:07:47.5115194Z src/SIDimensionalityScanner.l:24: warning, -s option given but default rule can be matched
2025-08-19T01:07:47.5154777Z flex -o build/gen/SIScalarScanner.c src/SIScalarScanner.l
2025-08-19T01:07:47.5157629Z flex -o build/gen/SIUnitExpressionScanner.c src/SIUnitExpressionScanner.l
2025-08-19T01:07:47.5194725Z src/SIUnitExpressionScanner.l:61: warning, -s option given but default rule can be matched
2025-08-19T01:07:47.5195899Z src/SIScalarScanner.l:168: warning, dangerous trailing context
2025-08-19T01:07:47.5196581Z src/SIScalarScanner.l:168: warning, dangerous trailing context
2025-08-19T01:07:47.5197240Z src/SIScalarScanner.l:173: warning, dangerous trailing context
2025-08-19T01:07:47.5197907Z src/SIScalarScanner.l:163: warning, dangerous trailing context
2025-08-19T01:07:47.5200080Z src/SIScalarScanner.l:168: warning, dangerous trailing context
2025-08-19T01:07:47.5200922Z src/SIScalarScanner.l:163: warning, dangerous trailing context
2025-08-19T01:07:47.5203209Z src/SIScalarScanner.l:98: warning, dangerous trailing context
2025-08-19T01:07:47.5204741Z src/SIScalarScanner.l:98: warning, dangerous trailing context
2025-08-19T01:07:47.5205403Z src/SIScalarScanner.l:98: warning, dangerous trailing context
2025-08-19T01:07:47.5207096Z src/SIScalarScanner.l:168: warning, dangerous trailing context
2025-08-19T01:07:47.5209184Z src/SIScalarScanner.l:188: warning, dangerous trailing context
2025-08-19T01:07:47.5213218Z src/SIScalarScanner.l:98: warning, dangerous trailing context
2025-08-19T01:07:47.5214094Z src/SIScalarScanner.l:98: warning, dangerous trailing context
2025-08-19T01:07:47.5217110Z src/SIScalarScanner.l:188: warning, dangerous trailing context
2025-08-19T01:07:47.5219122Z src/SIScalarScanner.l:98: warning, dangerous trailing context
2025-08-19T01:07:47.5222883Z src/SIScalarScanner.l:98: warning, dangerous trailing context
2025-08-19T01:07:47.5224379Z src/SIScalarScanner.l:98: warning, dangerous trailing context
2025-08-19T01:07:47.5239383Z flex -o build/gen/SIUnitScanner.c src/SIUnitScanner.l
2025-08-19T01:07:47.5283901Z src/SIUnitScanner.l:36: warning, -s option given but default rule can be matched
2025-08-19T01:07:47.5292490Z ccache clang -I. -Isrc -Ibuild/gen -Ithird_party/include -Ithird_party/include/OCTypes -fPIC -O3 -Wall -Wextra -Wno-sign-compare -Wno-unused-parameter -Wno-missing-field-initializers -Wno-unused-function -MMD -MP -Ithird_party/include/OCTypes -c -o build/obj/SIDimensionalityScanner.o build/gen/SIDimensionalityScanner.c
2025-08-19T01:07:47.5324888Z ccache clang -I. -Isrc -Ibuild/gen -Ithird_party/include -Ithird_party/include/OCTypes -fPIC -O3 -Wall -Wextra -Wno-sign-compare -Wno-unused-parameter -Wno-missing-field-initializers -Wno-unused-function -MMD -MP -Ithird_party/include/OCTypes -c -o build/obj/SIFormulaScanner.o build/gen/SIFormulaScanner.c
2025-08-19T01:07:47.5343974Z ccache clang -I. -Isrc -Ibuild/gen -Ithird_party/include -Ithird_party/include/OCTypes -fPIC -O3 -Wall -Wextra -Wno-sign-compare -Wno-unused-parameter -Wno-missing-field-initializers -Wno-unused-function -MMD -MP -Ithird_party/include/OCTypes -c -o build/obj/SIScalarScanner.o build/gen/SIScalarScanner.c
2025-08-19T01:07:47.5365697Z ccache clang -I. -Isrc -Ibuild/gen -Ithird_party/include -Ithird_party/include/OCTypes -fPIC -O3 -Wall -Wextra -Wno-sign-compare -Wno-unused-parameter -Wno-missing-field-initializers -Wno-unused-function -MMD -MP -Ithird_party/include/OCTypes -c -o build/obj/SIUnitExpressionScanner.o build/gen/SIUnitExpressionScanner.c
2025-08-19T01:07:47.5379138Z build/gen/SIScalarScanner.c:1679:13: warning: misleading indentation; statement is not part of the previous 'if' [-Wmisleading-indentation]
2025-08-19T01:07:47.5380150Z  1679 |             if ( ! (yy_state_buf) )
2025-08-19T01:07:47.5380549Z       |             ^
2025-08-19T01:07:47.5381053Z build/gen/SIScalarScanner.c:1677:9: note: previous statement is here
2025-08-19T01:07:47.5381613Z  1677 |         if ( ! (yy_state_buf) )
2025-08-19T01:07:47.5381982Z       |         ^
2025-08-19T01:07:47.5382798Z build/gen/SIScalarScanner.c:2491:3: warning: misleading indentation; statement is not part of the previous 'if' [-Wmisleading-indentation]
2025-08-19T01:07:47.5383951Z  2491 |                 return yy_is_jam ? 0 : yy_current_state;
2025-08-19T01:07:47.5384400Z       |                 ^
2025-08-19T01:07:47.5384892Z build/gen/SIScalarScanner.c:2488:2: note: previous statement is here
2025-08-19T01:07:47.5385450Z  2488 |         if ( ! yy_is_jam )
2025-08-19T01:07:47.5385807Z       |         ^
2025-08-19T01:07:47.5386029Z 2 warnings generated.
2025-08-19T01:07:47.5388262Z ccache clang -I. -Isrc -Ibuild/gen -Ithird_party/include -Ithird_party/include/OCTypes -fPIC -O3 -Wall -Wextra -Wno-sign-compare -Wno-unused-parameter -Wno-missing-field-initializers -Wno-unused-function -MMD -MP -Ithird_party/include/OCTypes -c -o build/obj/SIUnitScanner.o build/gen/SIUnitScanner.c
2025-08-19T01:07:47.5429717Z ar rcs build/lib/libSITypes.a build/obj/SIDimensionality.o build/obj/SIDimensionalityLib.o build/obj/SIQuantity.o build/obj/SIScalar.o build/obj/SIScalarConstants.o build/obj/SIScalarParser.o build/obj/SIScalarParserHelpers.o build/obj/SITypes.o build/obj/SIUnit.o build/obj/SIUnitExpression.o build/obj/SIDimensionalityParser.tab.o build/obj/SIScalarParser.tab.o build/obj/SIUnitExpressionParser.tab.o build/obj/SIUnitParser.tab.o build/obj/SIDimensionalityScanner.o build/obj/SIFormulaScanner.o build/obj/SIScalarScanner.o build/obj/SIUnitExpressionScanner.o build/obj/SIUnitScanner.o
2025-08-19T01:07:47.5438606Z ccache clang -fPIC -O3 -Wall -Wextra -Wno-sign-compare -Wno-unused-parameter -Wno-missing-field-initializers -Wno-unused-function -MMD -MP -Ithird_party/include/OCTypes -shared -fPIC  -o build/lib/libSITypes.so build/obj/SIDimensionality.o build/obj/SIDimensionalityLib.o build/obj/SIQuantity.o build/obj/SIScalar.o build/obj/SIScalarConstants.o build/obj/SIScalarParser.o build/obj/SIScalarParserHelpers.o build/obj/SITypes.o build/obj/SIUnit.o build/obj/SIUnitExpression.o build/obj/SIDimensionalityParser.tab.o build/obj/SIScalarParser.tab.o build/obj/SIUnitExpressionParser.tab.o build/obj/SIUnitParser.tab.o build/obj/SIDimensionalityScanner.o build/obj/SIFormulaScanner.o build/obj/SIScalarScanner.o build/obj/SIUnitExpressionScanner.o build/obj/SIUnitScanner.o -Lthird_party/lib -lOCTypes -lm
2025-08-19T01:07:47.6037341Z mkdir -p install/lib install/include/SITypes
2025-08-19T01:07:47.6051856Z cp build/lib/libSITypes.a install/lib/
2025-08-19T01:07:47.6077305Z cp build/lib/libSITypes.so install/lib/
2025-08-19T01:07:47.6094821Z cp src/*.h install/include/SITypes/
2025-08-19T01:07:47.6124334Z + ccache --show-stats
2025-08-19T01:07:47.6179196Z Cacheable calls:    34 /  36 (94.44%)
2025-08-19T01:07:47.6179697Z   Hits:              5 /  34 (14.71%)
2025-08-19T01:07:47.6180382Z     Direct:          5 /   5 (100.0%)
2025-08-19T01:07:47.6180776Z     Preprocessed:    0 /   5 ( 0.00%)
2025-08-19T01:07:47.6181263Z   Misses:           29 /  34 (85.29%)
2025-08-19T01:07:47.6181729Z Uncacheable calls:   2 /  36 ( 5.56%)
2025-08-19T01:07:47.6182178Z Local storage:
2025-08-19T01:07:47.6182544Z   Cache size (GB): 0.0 / 0.2 ( 0.33%)
2025-08-19T01:07:47.6182997Z   Hits:              5 /  34 (14.71%)
2025-08-19T01:07:47.6183587Z   Misses:           29 /  34 (85.29%)
2025-08-19T01:07:47.6184091Z + test -f install/lib/libSITypes.a
2025-08-19T01:07:47.6184562Z + '[' Linux = macOS ']'
2025-08-19T01:07:47.6184979Z + test -f install/lib/libSITypes.so
2025-08-19T01:07:47.6265745Z ##[group]Run actions/upload-artifact@v4
2025-08-19T01:07:47.6266023Z with:
2025-08-19T01:07:47.6266217Z   name: libSITypes-ubuntu-latest.x64
2025-08-19T01:07:47.6266486Z   path: install/lib/libSITypes.*
2025-08-19T01:07:47.6266718Z   compression-level: 9
2025-08-19T01:07:47.6266918Z   if-no-files-found: error
2025-08-19T01:07:47.6267124Z   overwrite: false
2025-08-19T01:07:47.6267315Z   include-hidden-files: false
2025-08-19T01:07:47.6267515Z env:
2025-08-19T01:07:47.6267678Z   MAKEFLAGS: -j2
2025-08-19T01:07:47.6267910Z   CCACHE_BASEDIR: /home/runner/work/SITypes/SITypes
2025-08-19T01:07:47.6268192Z   CCACHE_COMPRESS: 1
2025-08-19T01:07:47.6268385Z   CCACHE_MAXSIZE: 200M
2025-08-19T01:07:47.6268574Z ##[endgroup]
2025-08-19T01:07:47.8471142Z With the provided path, there will be 2 files uploaded
2025-08-19T01:07:47.8476680Z Artifact name is valid!
2025-08-19T01:07:47.8477929Z Root directory input is valid!
2025-08-19T01:07:47.9495551Z Beginning upload of artifact content to blob storage
2025-08-19T01:07:48.5328801Z Uploaded bytes 507060
2025-08-19T01:07:48.5513796Z Finished uploading artifact content to blob storage!
2025-08-19T01:07:48.5517697Z SHA256 digest of uploaded artifact zip is 773d415167f07091a3854c4d334a0613509849aad446e662fe1f3ff2a57c2ac1
2025-08-19T01:07:48.5520001Z Finalizing artifact upload
2025-08-19T01:07:48.6334107Z Artifact libSITypes-ubuntu-latest.x64.zip successfully finalized. Artifact ID 3794094803
2025-08-19T01:07:48.6336253Z Artifact libSITypes-ubuntu-latest.x64 has been successfully uploaded! Final size is 507060 bytes. Artifact ID is 3794094803
2025-08-19T01:07:48.6345987Z Artifact download URL: https://github.com/pjgrandinetti/SITypes/actions/runs/17056659096/artifacts/3794094803
2025-08-19T01:07:48.6474895Z ##[group]Run mkdir -p header-pkg/include
2025-08-19T01:07:48.6475310Z [36;1mmkdir -p header-pkg/include[0m
2025-08-19T01:07:48.6475670Z [36;1mcp src/*.h header-pkg/include/[0m
2025-08-19T01:07:48.6476137Z [36;1mzip -j header-pkg/libSITypes-headers.zip header-pkg/include/*.h[0m
2025-08-19T01:07:48.6516140Z shell: /usr/bin/bash -e {0}
2025-08-19T01:07:48.6516427Z env:
2025-08-19T01:07:48.6516646Z   MAKEFLAGS: -j2
2025-08-19T01:07:48.6516963Z   CCACHE_BASEDIR: /home/runner/work/SITypes/SITypes
2025-08-19T01:07:48.6517373Z   CCACHE_COMPRESS: 1
2025-08-19T01:07:48.6517650Z   CCACHE_MAXSIZE: 200M
2025-08-19T01:07:48.6517921Z ##[endgroup]
2025-08-19T01:07:48.6970483Z   adding: SIDimensionality.h (deflated 78%)
2025-08-19T01:07:48.6971194Z   adding: SIDimensionalityParser.h (deflated 36%)
2025-08-19T01:07:48.6971878Z   adding: SIDimensionalityPrivate.h (deflated 72%)
2025-08-19T01:07:48.6973887Z   adding: SIQuantity.h (deflated 75%)
2025-08-19T01:07:48.6980405Z   adding: SIScalar.h (deflated 80%)
2025-08-19T01:07:48.6981959Z   adding: SIScalarConstants.h (deflated 83%)
2025-08-19T01:07:48.7079783Z   adding: SIScalarConstantsData.h (deflated 74%)
2025-08-19T01:07:48.7080922Z   adding: SIScalarParser.h (deflated 70%)
2025-08-19T01:07:48.7081704Z   adding: SITypes.h (deflated 58%)
2025-08-19T01:07:48.7085469Z   adding: SIUnit.h (deflated 68%)
2025-08-19T01:07:48.7100505Z   adding: SIUnitDefinitions.h (deflated 84%)
2025-08-19T01:07:48.7102871Z   adding: SIUnitExpression.h (deflated 72%)
2025-08-19T01:07:48.7103966Z   adding: SIUnitParser.h (deflated 54%)
2025-08-19T01:07:48.7155804Z ##[group]Run actions/upload-artifact@v4
2025-08-19T01:07:48.7156118Z with:
2025-08-19T01:07:48.7156328Z   name: libSITypes-headers
2025-08-19T01:07:48.7156618Z   path: header-pkg/libSITypes-headers.zip
2025-08-19T01:07:48.7156929Z   compression-level: 9
2025-08-19T01:07:48.7157168Z   if-no-files-found: warn
2025-08-19T01:07:48.7157413Z   overwrite: false
2025-08-19T01:07:48.7157643Z   include-hidden-files: false
2025-08-19T01:07:48.7157894Z env:
2025-08-19T01:07:48.7158088Z   MAKEFLAGS: -j2
2025-08-19T01:07:48.7158355Z   CCACHE_BASEDIR: /home/runner/work/SITypes/SITypes
2025-08-19T01:07:48.7158695Z   CCACHE_COMPRESS: 1
2025-08-19T01:07:48.7158920Z   CCACHE_MAXSIZE: 200M
2025-08-19T01:07:48.7159142Z ##[endgroup]
2025-08-19T01:07:48.9467106Z With the provided path, there will be 1 file uploaded
2025-08-19T01:07:48.9472451Z Artifact name is valid!
2025-08-19T01:07:48.9474041Z Root directory input is valid!
2025-08-19T01:07:49.0404435Z Beginning upload of artifact content to blob storage
2025-08-19T01:07:49.1270872Z Uploaded bytes 79182
2025-08-19T01:07:49.1457222Z Finished uploading artifact content to blob storage!
2025-08-19T01:07:49.1460716Z SHA256 digest of uploaded artifact zip is 49046e43bde586a14eb02ea2b223a322e33b1c825ca4509444c8e7627e76d67c
2025-08-19T01:07:49.1462766Z Finalizing artifact upload
2025-08-19T01:07:49.2176977Z Artifact libSITypes-headers.zip successfully finalized. Artifact ID 3794094839
2025-08-19T01:07:49.2178809Z Artifact libSITypes-headers has been successfully uploaded! Final size is 79182 bytes. Artifact ID is 3794094839
2025-08-19T01:07:49.2186629Z Artifact download URL: https://github.com/pjgrandinetti/SITypes/actions/runs/17056659096/artifacts/3794094839
2025-08-19T01:07:49.2878771Z Post job cleanup.
2025-08-19T01:07:49.4442687Z [command]/usr/bin/tar --posix -cf cache.tzst --exclude cache.tzst -P -C /home/runner/work/SITypes/SITypes --files-from manifest.txt --use-compress-program zstdmt
2025-08-19T01:07:49.6722130Z Sent 968509 of 968509 (100.0%), 6.6 MBs/sec
2025-08-19T01:07:49.7601410Z Cache saved with key: tp-Linux-938a2e6f3b18269d635b5d0b340f0fb5a92836893aab92af11fcc55f881bb0e6
2025-08-19T01:07:49.8872023Z Post job cleanup.
2025-08-19T01:07:50.0247799Z [warning]Path Validation Error: Path(s) specified in the action for caching do(es) not exist, hence no cache is being saved.
2025-08-19T01:07:50.0354632Z Post job cleanup.
2025-08-19T01:07:50.1153200Z [command]/usr/bin/git version
2025-08-19T01:07:50.1197453Z git version 2.50.1
2025-08-19T01:07:50.1236272Z Temporarily overriding HOME='/home/runner/work/_temp/e626a98f-1c3c-42e7-8b08-915a38d02618' before making global git config changes
2025-08-19T01:07:50.1237541Z Adding repository directory to the temporary git global config as a safe directory
2025-08-19T01:07:50.1242162Z [command]/usr/bin/git config --global --add safe.directory /home/runner/work/SITypes/SITypes
2025-08-19T01:07:50.1279672Z [command]/usr/bin/git config --local --name-only --get-regexp core\.sshCommand
2025-08-19T01:07:50.1312755Z [command]/usr/bin/git submodule foreach --recursive sh -c "git config --local --name-only --get-regexp 'core\.sshCommand' && git config --local --unset-all 'core.sshCommand' || :"
2025-08-19T01:07:50.1539373Z [command]/usr/bin/git config --local --name-only --get-regexp http\.https\:\/\/github\.com\/\.extraheader
2025-08-19T01:07:50.1564592Z http.https://github.com/.extraheader
2025-08-19T01:07:50.1574197Z [command]/usr/bin/git config --local --unset-all http.https://github.com/.extraheader
2025-08-19T01:07:50.1606926Z [command]/usr/bin/git submodule foreach --recursive sh -c "git config --local --name-only --get-regexp 'http\.https\:\/\/github\.com\/\.extraheader' && git config --local --unset-all 'http.https://github.com/.extraheader' || :"
2025-08-19T01:07:50.1948931Z Cleaning up orphan processes
